I1221 21:08:49.455819    99 ts_tablet_manager.cc:1615] P 0002331a981242cbbb199827b5bb183f: Registered tablet 1208bb52275d4dc1835f8efbd9c02805
I1221 21:08:49.452968   154 tablet_bootstrap.cc:563] T dfc5fb3335924f628b674959bae6229d P 0002331a981242cbbb199827b5bb183f: Time spent opening tablet: real 0.000s	user 0.000s	sys 0.000s
I1221 21:08:49.452164   155 tablet.cc:420] T 00c7030d7ae94c2b9ca7e9ddde4dec68 P 0002331a981242cbbb199827b5bb183f: Schema version for PARTITIONS_N49 is 0
I1221 21:08:49.456640    99 ts_tablet_manager.cc:1615] P 0002331a981242cbbb199827b5bb183f: Registered tablet 12633144729f458690584e5016b557f2
I1221 21:08:49.459736   155 transaction_participant.cc:135] T 00c7030d7ae94c2b9ca7e9ddde4dec68 P 0002331a981242cbbb199827b5bb183f: Create
I1221 21:08:49.460192    99 ts_tablet_manager.cc:1615] P 0002331a981242cbbb199827b5bb183f: Registered tablet 12a68ad2aec547299d226faf9ac1050e
I1221 21:08:49.462020   155 docdb_rocksdb_util.cc:328] Overriding FLAGS_rocksdb_max_background_flushes to 1
I1221 21:08:49.463903   155 docdb_rocksdb_util.cc:358] FLAGS_rocksdb_max_background_compactions was not set, automatically configuring 1 background compactions.
I1221 21:08:49.465945   155 docdb_rocksdb_util.cc:358] FLAGS_rocksdb_max_background_compactions was not set, automatically configuring 1 background compactions.
I1221 21:08:49.466974   155 docdb_rocksdb_util.cc:370] FLAGS_rocksdb_base_background_compactions was not set, automatically configuring 1 base background compactions.
I1221 21:08:49.463335    99 ts_tablet_manager.cc:1615] P 0002331a981242cbbb199827b5bb183f: Registered tablet 1324c8d590524af7838f2fb70c4e9490
I1221 21:08:49.462285   154 tablet_bootstrap.cc:640] T dfc5fb3335924f628b674959bae6229d P 0002331a981242cbbb199827b5bb183f: Will attempt to recover log segment /home/yugabyte/yb_data/data/yb-data/tserver/wals/table-71d816317ae94f839f9ff50e74727b9a/tablet-dfc5fb3335924f628b674959bae6229d/wal-000000001
I1221 21:08:49.469430   154 tablet_bootstrap.cc:1021] T dfc5fb3335924f628b674959bae6229d P 0002331a981242cbbb199827b5bb183f: Flushed DocDB OpIds: { regular: -1.-1 intents: -1.-1 }
I1221 21:08:49.468626    99 ts_tablet_manager.cc:1615] P 0002331a981242cbbb199827b5bb183f: Registered tablet 15dfa9c94bd146e0bf9240dd82ddfc6b
I1221 21:08:49.467933   155 docdb_rocksdb_util.cc:328] Overriding FLAGS_rocksdb_max_background_flushes to 1
I1221 21:08:49.471927   155 docdb_rocksdb_util.cc:358] FLAGS_rocksdb_max_background_compactions was not set, automatically configuring 1 background compactions.
I1221 21:08:49.472508   155 docdb_rocksdb_util.cc:358] FLAGS_rocksdb_max_background_compactions was not set, automatically configuring 1 background compactions.
I1221 21:08:49.473345   155 docdb_rocksdb_util.cc:370] FLAGS_rocksdb_base_background_compactions was not set, automatically configuring 1 base background compactions.
I1221 21:08:49.471326    99 ts_tablet_manager.cc:1615] P 0002331a981242cbbb199827b5bb183f: Registered tablet 1655df121dfa4197ad6f583bb0fb20ab
I1221 21:08:49.470324   154 tablet_bootstrap.cc:1177] T dfc5fb3335924f628b674959bae6229d P 0002331a981242cbbb199827b5bb183f: Max persistent index in RocksDB's SSTables before bootstrap: regular RocksDB: -1.-1; intents RocksDB: -1.-1
I1221 21:08:49.476281   154 log.cc:1043] T dfc5fb3335924f628b674959bae6229d P 0002331a981242cbbb199827b5bb183f: Setting log wal retention time to 0 seconds
I1221 21:08:49.475028    99 ts_tablet_manager.cc:1615] P 0002331a981242cbbb199827b5bb183f: Registered tablet 16aebd1fcfd74ba694cfa5cf72d2f2be
I1221 21:08:49.474260   155 tablet.cc:537] T 00c7030d7ae94c2b9ca7e9ddde4dec68 P 0002331a981242cbbb199827b5bb183f: Creating RocksDB database in dir /home/yugabyte/yb_data/data/yb-data/tserver/data/rocksdb/table-000040000000300080000000000042d7/tablet-00c7030d7ae94c2b9ca7e9ddde4dec68
I1221 21:08:49.477809    99 ts_tablet_manager.cc:1615] P 0002331a981242cbbb199827b5bb183f: Registered tablet 16e5fc0eba2d4fd9801719fe5c3bde05
I1221 21:08:49.478978   155 tablet.cc:699] Opening RocksDB at: /home/yugabyte/yb_data/data/yb-data/tserver/data/rocksdb/table-000040000000300080000000000042d7/tablet-00c7030d7ae94c2b9ca7e9ddde4dec68
I1221 21:08:49.479889    99 ts_tablet_manager.cc:1615] P 0002331a981242cbbb199827b5bb183f: Registered tablet 1715dd4145274f278df525f5c318abc4
I1221 21:08:49.481945    99 ts_tablet_manager.cc:1615] P 0002331a981242cbbb199827b5bb183f: Registered tablet 186c962871ac49f79a920a9f70473e11
I1221 21:08:49.483667    99 ts_tablet_manager.cc:1615] P 0002331a981242cbbb199827b5bb183f: Registered tablet 1d6aa1e468f748cdae27f08c4f617c7c
I1221 21:08:49.485200    99 ts_tablet_manager.cc:1615] P 0002331a981242cbbb199827b5bb183f: Registered tablet 1dd45dfab86342dab11d54c5bc09729b
W1221 21:08:49.486403   154 log_util.cc:221] Could not read footer for segment: /home/yugabyte/yb_data/data/yb-data/tserver/wals/table-71d816317ae94f839f9ff50e74727b9a/tablet-dfc5fb3335924f628b674959bae6229d/wal-000000001: Not found (yb/consensus/log_util.cc:463): Footer not found. Footer magic doesn't match
I1221 21:08:49.487125    99 ts_tablet_manager.cc:1615] P 0002331a981242cbbb199827b5bb183f: Registered tablet 1e89f6de21f54c8aa27b444ba1e1d970
W1221 21:08:49.490975   154 log_reader.cc:188] T dfc5fb3335924f628b674959bae6229d P 0002331a981242cbbb199827b5bb183f: Log segment /home/yugabyte/yb_data/data/yb-data/tserver/wals/table-71d816317ae94f839f9ff50e74727b9a/tablet-dfc5fb3335924f628b674959bae6229d/wal-000000001 was likely left in-progress after a previous crash. Will try to rebuild footer by scanning data.
I1221 21:08:49.498190    99 ts_tablet_manager.cc:1615] P 0002331a981242cbbb199827b5bb183f: Registered tablet 22d6de5a91d34273a06eb3cc7b54c99a
I1221 21:08:49.508951    99 ts_tablet_manager.cc:1615] P 0002331a981242cbbb199827b5bb183f: Registered tablet 24ead2fc098d49d18d313c19056c4e55
I1221 21:08:49.512396    99 ts_tablet_manager.cc:1615] P 0002331a981242cbbb199827b5bb183f: Registered tablet 25b8968e1dfb4ff19c89eb0b6deacd66
I1221 21:08:49.515187   155 version_set.cc:2843] T 00c7030d7ae94c2b9ca7e9ddde4dec68 P 0002331a981242cbbb199827b5bb183f [R]: Recovered from manifest file:/home/yugabyte/yb_data/data/yb-data/tserver/data/rocksdb/table-000040000000300080000000000042d7/tablet-00c7030d7ae94c2b9ca7e9ddde4dec68/MANIFEST-000001 succeeded,manifest_file_number is 1, next_file_number is 3, last_sequence is 1125899906842624, log_number is 0,prev_log_number is 0,max_column_family is 0, flushed_values is <NULL>
I1221 21:08:49.516898   155 version_set.cc:2851] T 00c7030d7ae94c2b9ca7e9ddde4dec68 P 0002331a981242cbbb199827b5bb183f [R]: Column family [default] (ID 0), log number is 0
I1221 21:08:49.514673   154 log_util.cc:620] Scanning /home/yugabyte/yb_data/data/yb-data/tserver/wals/table-71d816317ae94f839f9ff50e74727b9a/tablet-dfc5fb3335924f628b674959bae6229d/wal-000000001 for valid entry headers following offset 139892...
I1221 21:08:49.515334    99 ts_tablet_manager.cc:1615] P 0002331a981242cbbb199827b5bb183f: Registered tablet 277b1b9003a5400f81f607a8a0ea7d73
I1221 21:08:49.518272   155 event_logger.cc:67] T 00c7030d7ae94c2b9ca7e9ddde4dec68 P 0002331a981242cbbb199827b5bb183f [R]: EVENT_LOG_v1 {"time_micros": 1640120929518190, "job": 1, "event": "recovery_started", "log_files": [3]}
I1221 21:08:49.522025    99 ts_tablet_manager.cc:1615] P 0002331a981242cbbb199827b5bb183f: Registered tablet 29f20dcc078b41f8adf2c8fa6b67ccc2
I1221 21:08:49.525307    99 ts_tablet_manager.cc:1615] P 0002331a981242cbbb199827b5bb183f: Registered tablet 2a563504d07b44c987d237e8c81a1b69
I1221 21:08:49.526737    99 ts_tablet_manager.cc:1615] P 0002331a981242cbbb199827b5bb183f: Registered tablet 2b91c8cc4799469b98601689057da7f6
I1221 21:08:49.527598    99 ts_tablet_manager.cc:1615] P 0002331a981242cbbb199827b5bb183f: Registered tablet 33d05ee24a2d45a1b5bf6431661fd5a2
I1221 21:08:49.528376   154 log_util.cc:666] Found no log entry headers
I1221 21:08:49.529002   155 db_impl.cc:1494] T 00c7030d7ae94c2b9ca7e9ddde4dec68 P 0002331a981242cbbb199827b5bb183f [R]: Recovering log #3 mode 0 skip-recovery 0
I1221 21:08:49.529096    99 ts_tablet_manager.cc:1615] P 0002331a981242cbbb199827b5bb183f: Registered tablet 35acd7f8fa22470ca89ef741c2db38dd
I1221 21:08:49.530687   154 log_util.cc:543] Ignoring log segment corruption in /home/yugabyte/yb_data/data/yb-data/tserver/wals/table-71d816317ae94f839f9ff50e74727b9a/tablet-dfc5fb3335924f628b674959bae6229d/wal-000000001 because there are no log entries following the corrupted one. The server probably crashed in the middle of writing an entry to the write-ahead log or downloaded an active log via remote bootstrap. Error detail: Corruption (yb/consensus/log_util.cc:739): Invalid checksum in log entry head header: found=0, computed=2351477386: Log file corruption detected. Failed trying to read batch #2350 at offset 139892 for log segment /home/yugabyte/yb_data/data/yb-data/tserver/wals/table-71d816317ae94f839f9ff50e74727b9a/tablet-dfc5fb3335924f628b674959bae6229d/wal-000000001: Prior batch offsets: 139759 139785 139866 139892; Last log entries read: [REPLICATE (1.1232)] [REPLICATE (1.1233)] [REPLICATE (1.1234)] [REPLICATE (1.1235)]
I1221 21:08:49.532394   155 version_set.cc:2284] T 00c7030d7ae94c2b9ca7e9ddde4dec68 P 0002331a981242cbbb199827b5bb183f [R]: Creating manifest 5
I1221 21:08:49.532718    99 ts_tablet_manager.cc:1615] P 0002331a981242cbbb199827b5bb183f: Registered tablet 372ade6167b14db0b2ee73b6ed1dc325
I1221 21:08:49.533459   154 log_util.cc:279] Successfully rebuilt footer for segment: /home/yugabyte/yb_data/data/yb-data/tserver/wals/table-71d816317ae94f839f9ff50e74727b9a/tablet-dfc5fb3335924f628b674959bae6229d/wal-000000001 (valid entries through byte offset 139892)
I1221 21:08:49.535962    99 ts_tablet_manager.cc:1615] P 0002331a981242cbbb199827b5bb183f: Registered tablet 3dba7f8cce114983a35a9e9dd3186831
I1221 21:08:49.537358    99 ts_tablet_manager.cc:1615] P 0002331a981242cbbb199827b5bb183f: Registered tablet 3dd815960d2e424aa95098273f92a5b8
I1221 21:08:49.538314    99 ts_tablet_manager.cc:1615] P 0002331a981242cbbb199827b5bb183f: Registered tablet 3f6a3a8a93a240098c438987c2bd14a8
I1221 21:08:49.537180   154 log.cc:588] T dfc5fb3335924f628b674959bae6229d P 0002331a981242cbbb199827b5bb183f: Opened existing logs. Last segment is /home/yugabyte/yb_data/data/yb-data/tserver/wals/table-71d816317ae94f839f9ff50e74727b9a/tablet-dfc5fb3335924f628b674959bae6229d/wal-000000001
I1221 21:08:49.539811   155 version_set.cc:3350] T 00c7030d7ae94c2b9ca7e9ddde4dec68 P 0002331a981242cbbb199827b5bb183f [R]: Writing version edit: comparator: "leveldb.BytewiseComparator"

I1221 21:08:49.540050    99 ts_tablet_manager.cc:1615] P 0002331a981242cbbb199827b5bb183f: Registered tablet 426c4703f5554bf6aa8b2dd30f6edba0
I1221 21:08:49.541116   154 log.cc:603] interval_durable_wal_write_ms is turned on to sync every 1000 ms.
I1221 21:08:49.542517    99 ts_tablet_manager.cc:1615] P 0002331a981242cbbb199827b5bb183f: Registered tablet 430b2747c3234136895e1f219a8697fe
W1221 21:08:49.543367   155 env.h:611] Failed to pre-allocate space for a file: IO error (yb/rocksdb/util/io_posix.cc:481): /home/yugabyte/yb_data/data/yb-data/tserver/data/rocksdb/table-000040000000300080000000000042d7/tablet-00c7030d7ae94c2b9ca7e9ddde4dec68/MANIFEST-000005: Operation not supported
I1221 21:08:49.543649   154 tablet_bootstrap.cc:342] T dfc5fb3335924f628b674959bae6229d P 0002331a981242cbbb199827b5bb183f: Bootstrap optimizer (skip_flushed_entries): op_id_replay_lowest=-1.-1 (regular_op_id=-1.-1, intents_op_id=-1.-1, has_intents_db=0)
I1221 21:08:49.544837    99 ts_tablet_manager.cc:1615] P 0002331a981242cbbb199827b5bb183f: Registered tablet 43c9869b29b2411a9489c50da9b406fa
I1221 21:08:49.548280   155 version_set.cc:3350] T 00c7030d7ae94c2b9ca7e9ddde4dec68 P 0002331a981242cbbb199827b5bb183f [R]: Writing version edit: log_number: 0

I1221 21:08:49.548818   154 tablet_bootstrap.cc:1126] T dfc5fb3335924f628b674959bae6229d P 0002331a981242cbbb199827b5bb183f: Segment /home/yugabyte/yb_data/data/yb-data/tserver/wals/table-71d816317ae94f839f9ff50e74727b9a/tablet-dfc5fb3335924f628b674959bae6229d/wal-000000001 cannot be used as the first segment to start replay with according to our OpId and retention criteria. However, this is already the earliest segment so we have to start replay here. We should probably investigate how we got into this situation. op_id=1.1, first_op_time=3135.649s, min_seconds_to_retain_logs=120.000s, *replay_from_this_or_earlier_time=3015.649s, is_first_op_id_low_enough=0, is_first_op_time_early_enough=0
I1221 21:08:49.549624    99 ts_tablet_manager.cc:1615] P 0002331a981242cbbb199827b5bb183f: Registered tablet 459c206bd4a2474fb11a72a47f8674fb
I1221 21:08:49.551798   154 tablet_bootstrap.cc:1139] T dfc5fb3335924f628b674959bae6229d P 0002331a981242cbbb199827b5bb183f: Bootstrap optimizer (skip_flushed_entries): will replay all segments starting from the very first one.
I1221 21:08:49.552750    99 ts_tablet_manager.cc:1615] P 0002331a981242cbbb199827b5bb183f: Registered tablet 4605155b065044c69069dd021b695686
I1221 21:08:49.556093    99 ts_tablet_manager.cc:1615] P 0002331a981242cbbb199827b5bb183f: Registered tablet 465ce54f41c245a3ab72e5bb255bf18c
I1221 21:08:49.557247    99 ts_tablet_manager.cc:1615] P 0002331a981242cbbb199827b5bb183f: Registered tablet 49b5b8edc1a5471aaacabe948046ef02
I1221 21:08:49.560973    99 ts_tablet_manager.cc:1615] P 0002331a981242cbbb199827b5bb183f: Registered tablet 4e87f58cc4d44138837e60b075a75e11
I1221 21:08:49.562814    99 ts_tablet_manager.cc:1615] P 0002331a981242cbbb199827b5bb183f: Registered tablet 4ed1ce933fcd4630a22f8126ee117bfb
I1221 21:08:49.560977   155 event_logger.cc:67] T 00c7030d7ae94c2b9ca7e9ddde4dec68 P 0002331a981242cbbb199827b5bb183f [R]: EVENT_LOG_v1 {"time_micros": 1640120929560965, "job": 1, "event": "recovery_finished"}
I1221 21:08:49.569288    99 ts_tablet_manager.cc:1615] P 0002331a981242cbbb199827b5bb183f: Registered tablet 500d0029eaf54a4fa530524e0873e25d
I1221 21:08:49.581499    99 ts_tablet_manager.cc:1615] P 0002331a981242cbbb199827b5bb183f: Registered tablet 50517a6249b54a778cc0fbe91e66b219
I1221 21:08:49.586829    99 ts_tablet_manager.cc:1615] P 0002331a981242cbbb199827b5bb183f: Registered tablet 50b54b5b92db4a1495f14c1537f8b168
I1221 21:08:49.586445   154 tablet_bootstrap_if.cc:79] T dfc5fb3335924f628b674959bae6229d P 0002331a981242cbbb199827b5bb183f: Bootstrap replayed 1/1 log segments. Read operations: 1235, overwritten operations: 0. Pending: 1 replicates. Last read committed op id: 1.1235, last entry metadata: { entry_time: 3476.858s offset: 139785 active_segment_sequence_number: 1 }, last read entry op id: 1.1235
I1221 21:08:49.587952    99 ts_tablet_manager.cc:1615] P 0002331a981242cbbb199827b5bb183f: Registered tablet 513435a38017410aa3a1abfab7bc65b8
I1221 21:08:49.590924    99 ts_tablet_manager.cc:1615] P 0002331a981242cbbb199827b5bb183f: Registered tablet 56b1f551fda94f4280f6101ce5628b3d
I1221 21:08:49.589257   154 tablet_bootstrap.cc:1283] T dfc5fb3335924f628b674959bae6229d P 0002331a981242cbbb199827b5bb183f: Dumping replay state to log at the end of PlaySegments
I1221 21:08:49.595041   154 tablet_bootstrap.cc:995] T dfc5fb3335924f628b674959bae6229d P 0002331a981242cbbb199827b5bb183f: ReplayState: Previous OpId: 1.1235, Committed OpId: 1.1235, Pending Replicates: 0, Flushed Regular: -1.-1, Flushed Intents: -1.-1
I1221 21:08:49.596772   154 tablet_bootstrap.cc:995] T dfc5fb3335924f628b674959bae6229d P 0002331a981242cbbb199827b5bb183f: Log entries applied to RocksDB: 1235
I1221 21:08:49.593565    99 ts_tablet_manager.cc:1615] P 0002331a981242cbbb199827b5bb183f: Registered tablet 56ff6409740042d6afc2fbb1d39f53fa
I1221 21:08:49.599684    99 ts_tablet_manager.cc:1615] P 0002331a981242cbbb199827b5bb183f: Registered tablet 57333d25976c487683aaee9668f396c4
I1221 21:08:49.598587   154 tablet_bootstrap.cc:1294] T dfc5fb3335924f628b674959bae6229d P 0002331a981242cbbb199827b5bb183f: Number of orphaned replicates: 0, last id: 1.1235, committed id: 1.1235
I1221 21:08:49.598258   155 db_impl.cc:1147] T 00c7030d7ae94c2b9ca7e9ddde4dec68 P 0002331a981242cbbb199827b5bb183f [R]: [JOB 2] Delete /home/yugabyte/yb_data/data/yb-data/tserver/data/rocksdb/table-000040000000300080000000000042d7/tablet-00c7030d7ae94c2b9ca7e9ddde4dec68//MANIFEST-000001 type=4 #1 -- OK
I1221 21:08:49.601925    99 ts_tablet_manager.cc:1615] P 0002331a981242cbbb199827b5bb183f: Registered tablet 5dc6e6bfbfc74758b9bc12fb006965ed
I1221 21:08:49.606240    99 ts_tablet_manager.cc:1615] P 0002331a981242cbbb199827b5bb183f: Registered tablet 5f84ba19ed464a7490dee415d53d622b
I1221 21:08:49.607206   155 db_impl.cc:1147] T 00c7030d7ae94c2b9ca7e9ddde4dec68 P 0002331a981242cbbb199827b5bb183f [R]: [JOB 2] Delete /home/yugabyte/yb_data/data/yb-data/tserver/data/rocksdb/table-000040000000300080000000000042d7/tablet-00c7030d7ae94c2b9ca7e9ddde4dec68//000003.log type=0 #3 -- OK
I1221 21:08:49.608083    99 ts_tablet_manager.cc:1615] P 0002331a981242cbbb199827b5bb183f: Registered tablet 60957fb9bce2494787535e6e5eab4152
I1221 21:08:49.610345    99 ts_tablet_manager.cc:1615] P 0002331a981242cbbb199827b5bb183f: Registered tablet 61a0eed0eaab429bb95427d2139fcfb8
I1221 21:08:49.611927    99 ts_tablet_manager.cc:1615] P 0002331a981242cbbb199827b5bb183f: Registered tablet 61ced9896b5c40188fe07c772af8571f
I1221 21:08:49.613466    99 ts_tablet_manager.cc:1615] P 0002331a981242cbbb199827b5bb183f: Registered tablet 648118f85b0b494b82f97dee7a3dc4aa
I1221 21:08:49.616160    99 ts_tablet_manager.cc:1615] P 0002331a981242cbbb199827b5bb183f: Registered tablet 65794f07b5174fcab26e8237a2af1464
I1221 21:08:49.617659    99 ts_tablet_manager.cc:1615] P 0002331a981242cbbb199827b5bb183f: Registered tablet 66b07673a6a94194b5c44fd3fd7b7b14
I1221 21:08:49.619068   154 tablet_bootstrap_if.cc:79] T dfc5fb3335924f628b674959bae6229d P 0002331a981242cbbb199827b5bb183f: Bootstrap complete.
I1221 21:08:49.619168    99 ts_tablet_manager.cc:1615] P 0002331a981242cbbb199827b5bb183f: Registered tablet 67978dbcf1834d16ad1e7232a8aa65ed
I1221 21:08:49.622310    99 ts_tablet_manager.cc:1615] P 0002331a981242cbbb199827b5bb183f: Registered tablet 6a26296a1ffc485abb19b0fd117157ec
I1221 21:08:49.623790    99 ts_tablet_manager.cc:1615] P 0002331a981242cbbb199827b5bb183f: Registered tablet 6a853b67a6be444986aa87c278451588
I1221 21:08:49.625414    99 ts_tablet_manager.cc:1615] P 0002331a981242cbbb199827b5bb183f: Registered tablet 6ea696f101084523b622bffb42fef3d7
I1221 21:08:49.628178    99 ts_tablet_manager.cc:1615] P 0002331a981242cbbb199827b5bb183f: Registered tablet 70def0e710494d29a0973eca50b2c964
I1221 21:08:49.630118    99 ts_tablet_manager.cc:1615] P 0002331a981242cbbb199827b5bb183f: Registered tablet 73899e1e8753418cad68c156da411f63
I1221 21:08:49.631489    99 ts_tablet_manager.cc:1615] P 0002331a981242cbbb199827b5bb183f: Registered tablet 77c05f2a276e48d3abc115bf3d401e84
I1221 21:08:49.632741    99 ts_tablet_manager.cc:1615] P 0002331a981242cbbb199827b5bb183f: Registered tablet 77dc4027d6f9404fabf1f27601a26cff
I1221 21:08:49.634790    99 ts_tablet_manager.cc:1615] P 0002331a981242cbbb199827b5bb183f: Registered tablet 78c32c01368c495eafb97d9768580688
I1221 21:08:49.635557    99 ts_tablet_manager.cc:1615] P 0002331a981242cbbb199827b5bb183f: Registered tablet 78d98a37fc7d4b81afb981e7d8cbe7f8
I1221 21:08:49.636260    99 ts_tablet_manager.cc:1615] P 0002331a981242cbbb199827b5bb183f: Registered tablet 7c05b6016a3e48c1b36b5b2caee55c74
I1221 21:08:49.637109    99 ts_tablet_manager.cc:1615] P 0002331a981242cbbb199827b5bb183f: Registered tablet 7f8987b1dbb54ba4bb60c6a14afeb3be
I1221 21:08:49.638574    99 ts_tablet_manager.cc:1615] P 0002331a981242cbbb199827b5bb183f: Registered tablet 8021f7f4727a4565bbf9db053c380c34
I1221 21:08:49.640926    99 ts_tablet_manager.cc:1615] P 0002331a981242cbbb199827b5bb183f: Registered tablet 82c2a08900764e5b923d0789740a7283
I1221 21:08:49.642683    99 ts_tablet_manager.cc:1615] P 0002331a981242cbbb199827b5bb183f: Registered tablet 82db590ed1484e0ea4fbf12c37556f78
I1221 21:08:49.645030    99 ts_tablet_manager.cc:1615] P 0002331a981242cbbb199827b5bb183f: Registered tablet 84d46768fd3848489bfa14f8c284a5e3
I1221 21:08:49.646396   154 log.cc:1043] T dfc5fb3335924f628b674959bae6229d P 0002331a981242cbbb199827b5bb183f: Setting log wal retention time to 0 seconds
I1221 21:08:49.646724    99 ts_tablet_manager.cc:1615] P 0002331a981242cbbb199827b5bb183f: Registered tablet 8768c2233d674f1b8b87cde2a20828c6
I1221 21:08:49.650059   154 ts_tablet_manager.cc:1333] T dfc5fb3335924f628b674959bae6229d P 0002331a981242cbbb199827b5bb183f: Time spent bootstrapping tablet: real 0.213s	user 0.027s	sys 0.005s
I1221 21:08:49.655026    99 ts_tablet_manager.cc:1615] P 0002331a981242cbbb199827b5bb183f: Registered tablet 87b9bff951f84e41b30a550f203d5b9e
I1221 21:08:49.656433   155 tablet.cc:714] T 00c7030d7ae94c2b9ca7e9ddde4dec68 P 0002331a981242cbbb199827b5bb183f: Opening intents DB at: /home/yugabyte/yb_data/data/yb-data/tserver/data/rocksdb/table-000040000000300080000000000042d7/tablet-00c7030d7ae94c2b9ca7e9ddde4dec68.intents
I1221 21:08:49.658149    99 ts_tablet_manager.cc:1615] P 0002331a981242cbbb199827b5bb183f: Registered tablet 8a60b69df53f46dda1ef9b3ddde0c5e0
I1221 21:08:49.661425    99 ts_tablet_manager.cc:1615] P 0002331a981242cbbb199827b5bb183f: Registered tablet 8d88919973154a58b89488f739e49091
I1221 21:08:49.662137   154 consensus_meta.cc:298] T dfc5fb3335924f628b674959bae6229d P 0002331a981242cbbb199827b5bb183f: Updating active role from UNKNOWN_ROLE to FOLLOWER. Consensus state: current_term: 1 leader_uuid: "" config { opid_index: -1 peers { permanent_uuid: "0002331a981242cbbb199827b5bb183f" member_type: VOTER last_known_private_addr { host: "8d62daecd75d" port: 9100 } last_known_broadcast_addr { host: "127.0.0.1" port: 9100 } cloud_info { placement_cloud: "cloud1" placement_region: "datacenter1" placement_zone: "rack1" } } }, has_pending_config = 0
I1221 21:08:49.663800    99 ts_tablet_manager.cc:1615] P 0002331a981242cbbb199827b5bb183f: Registered tablet 8e2defe0f5ff42a99d7b68d540d4d869
I1221 21:08:49.667716    99 ts_tablet_manager.cc:1615] P 0002331a981242cbbb199827b5bb183f: Registered tablet 8e7d2ed7e10243f1b8a51582c12b0ba8
I1221 21:08:49.670480    99 ts_tablet_manager.cc:1615] P 0002331a981242cbbb199827b5bb183f: Registered tablet 91f218ceeb2a4ad5b3a16a4aed29a042
I1221 21:08:49.671310    99 ts_tablet_manager.cc:1615] P 0002331a981242cbbb199827b5bb183f: Registered tablet 928ca211a9d448469fb12ea83c5c6e79
I1221 21:08:49.672628    99 ts_tablet_manager.cc:1615] P 0002331a981242cbbb199827b5bb183f: Registered tablet 93da5c41fd424c61ad62189bb16048c2
I1221 21:08:49.673465    99 ts_tablet_manager.cc:1615] P 0002331a981242cbbb199827b5bb183f: Registered tablet 98302f1fdec04848a57b7316dcf5692c
I1221 21:08:49.674165    99 ts_tablet_manager.cc:1615] P 0002331a981242cbbb199827b5bb183f: Registered tablet 9a1de4f274a64faf8873dd87305b681c
I1221 21:08:49.675112    99 ts_tablet_manager.cc:1615] P 0002331a981242cbbb199827b5bb183f: Registered tablet 9c0d443cc02b43deb5033193e3d838a4
I1221 21:08:49.675910    99 ts_tablet_manager.cc:1615] P 0002331a981242cbbb199827b5bb183f: Registered tablet 9ce45a58f71c466487a8a6d53f78f09f
I1221 21:08:49.676600    99 ts_tablet_manager.cc:1615] P 0002331a981242cbbb199827b5bb183f: Registered tablet 9e2533ba448c4125b1d77629fb3ce4e5
I1221 21:08:49.677776    99 ts_tablet_manager.cc:1615] P 0002331a981242cbbb199827b5bb183f: Registered tablet a0a6a879571f47e9a13b68b8a1bffe5c
I1221 21:08:49.679015    99 ts_tablet_manager.cc:1615] P 0002331a981242cbbb199827b5bb183f: Registered tablet a2212a8c9b9a4d60be563d9eb2c8cdae
I1221 21:08:49.680086    99 ts_tablet_manager.cc:1615] P 0002331a981242cbbb199827b5bb183f: Registered tablet a2831150eea94d509897042e752a1f4a
I1221 21:08:49.679857   155 version_set.cc:2843] T 00c7030d7ae94c2b9ca7e9ddde4dec68 P 0002331a981242cbbb199827b5bb183f [I]: Recovered from manifest file:/home/yugabyte/yb_data/data/yb-data/tserver/data/rocksdb/table-000040000000300080000000000042d7/tablet-00c7030d7ae94c2b9ca7e9ddde4dec68.intents/MANIFEST-000001 succeeded,manifest_file_number is 1, next_file_number is 3, last_sequence is 1125899906842624, log_number is 0,prev_log_number is 0,max_column_family is 0, flushed_values is <NULL>
I1221 21:08:49.682102   155 version_set.cc:2851] T 00c7030d7ae94c2b9ca7e9ddde4dec68 P 0002331a981242cbbb199827b5bb183f [I]: Column family [default] (ID 0), log number is 0
I1221 21:08:49.681108    99 ts_tablet_manager.cc:1615] P 0002331a981242cbbb199827b5bb183f: Registered tablet a7a075cd42a7490c8a90d50859dddfd0
I1221 21:08:49.683213   155 event_logger.cc:67] T 00c7030d7ae94c2b9ca7e9ddde4dec68 P 0002331a981242cbbb199827b5bb183f [I]: EVENT_LOG_v1 {"time_micros": 1640120929683199, "job": 1, "event": "recovery_started", "log_files": [3]}
I1221 21:08:49.684695    99 ts_tablet_manager.cc:1615] P 0002331a981242cbbb199827b5bb183f: Registered tablet a812f5e6ba6c4cd0b2abd613d2ac84a7
I1221 21:08:49.686303    99 ts_tablet_manager.cc:1615] P 0002331a981242cbbb199827b5bb183f: Registered tablet a9a8628f6827494eb423d1b915be2119
I1221 21:08:49.687676    99 ts_tablet_manager.cc:1615] P 0002331a981242cbbb199827b5bb183f: Registered tablet adc0c4a8250e4378a7a918bd7418f575
I1221 21:08:49.688516    99 ts_tablet_manager.cc:1615] P 0002331a981242cbbb199827b5bb183f: Registered tablet adc5fa7a95ff491dace0e1bf01e5744f
I1221 21:08:49.688819   155 db_impl.cc:1494] T 00c7030d7ae94c2b9ca7e9ddde4dec68 P 0002331a981242cbbb199827b5bb183f [I]: Recovering log #3 mode 0 skip-recovery 0
I1221 21:08:49.689684    99 ts_tablet_manager.cc:1615] P 0002331a981242cbbb199827b5bb183f: Registered tablet aeec72b95b8a4227af2ffe605df5f3e2
I1221 21:08:49.691689   155 version_set.cc:2284] T 00c7030d7ae94c2b9ca7e9ddde4dec68 P 0002331a981242cbbb199827b5bb183f [I]: Creating manifest 5
I1221 21:08:49.693398    99 ts_tablet_manager.cc:1615] P 0002331a981242cbbb199827b5bb183f: Registered tablet b09cb4dbec804e20aa79845733bdaa63
I1221 21:08:49.695631    99 ts_tablet_manager.cc:1615] P 0002331a981242cbbb199827b5bb183f: Registered tablet b357e114dc074e2faa0ddbec023f49b7
I1221 21:08:49.696707    99 ts_tablet_manager.cc:1615] P 0002331a981242cbbb199827b5bb183f: Registered tablet b390ce8d2fb840bbbd296b518298ccce
I1221 21:08:49.697507   155 version_set.cc:3350] T 00c7030d7ae94c2b9ca7e9ddde4dec68 P 0002331a981242cbbb199827b5bb183f [I]: Writing version edit: comparator: "leveldb.BytewiseComparator"

I1221 21:08:49.697919    99 ts_tablet_manager.cc:1615] P 0002331a981242cbbb199827b5bb183f: Registered tablet b5ea1f638da6421cb7ed3d8b5583fb87
I1221 21:08:49.700150    99 ts_tablet_manager.cc:1615] P 0002331a981242cbbb199827b5bb183f: Registered tablet bba81804a5184ce8899e65029c916283
W1221 21:08:49.700423   155 env.h:611] Failed to pre-allocate space for a file: IO error (yb/rocksdb/util/io_posix.cc:481): /home/yugabyte/yb_data/data/yb-data/tserver/data/rocksdb/table-000040000000300080000000000042d7/tablet-00c7030d7ae94c2b9ca7e9ddde4dec68.intents/MANIFEST-000005: Operation not supported
I1221 21:08:49.701421    99 ts_tablet_manager.cc:1615] P 0002331a981242cbbb199827b5bb183f: Registered tablet bc55ee2cebd749588628eb3b24423df3
I1221 21:08:49.704262    99 ts_tablet_manager.cc:1615] P 0002331a981242cbbb199827b5bb183f: Registered tablet bde83fa5ffe04f69977aa8bb8f10282b
I1221 21:08:49.704553   155 version_set.cc:3350] T 00c7030d7ae94c2b9ca7e9ddde4dec68 P 0002331a981242cbbb199827b5bb183f [I]: Writing version edit: log_number: 0

I1221 21:08:49.705822    99 ts_tablet_manager.cc:1615] P 0002331a981242cbbb199827b5bb183f: Registered tablet be46794c6e794adc814c72159036a142
I1221 21:08:49.709470    99 ts_tablet_manager.cc:1615] P 0002331a981242cbbb199827b5bb183f: Registered tablet c27b319fa41443989f2c1279bae7d2b9
I1221 21:08:49.711409    99 ts_tablet_manager.cc:1615] P 0002331a981242cbbb199827b5bb183f: Registered tablet c29fe615daa44145aa86fb2b1a9017f5
I1221 21:08:49.713793    99 ts_tablet_manager.cc:1615] P 0002331a981242cbbb199827b5bb183f: Registered tablet c43fee97038c46e68250fd9901cf15cb
I1221 21:08:49.715250    99 ts_tablet_manager.cc:1615] P 0002331a981242cbbb199827b5bb183f: Registered tablet c6be5e5612704661b590bb0f6f0a910c
I1221 21:08:49.716365    99 ts_tablet_manager.cc:1615] P 0002331a981242cbbb199827b5bb183f: Registered tablet c71749984f7e4aad86218300fc171b04
I1221 21:08:49.717890    99 ts_tablet_manager.cc:1615] P 0002331a981242cbbb199827b5bb183f: Registered tablet c8668ea0598c482ca59a31c5f34fd5bd
I1221 21:08:49.719988    99 ts_tablet_manager.cc:1615] P 0002331a981242cbbb199827b5bb183f: Registered tablet d1651edef6b84de09459f3712c3e1941
I1221 21:08:49.721171    99 ts_tablet_manager.cc:1615] P 0002331a981242cbbb199827b5bb183f: Registered tablet d240fe584f92446eade64fd6e0c06588
I1221 21:08:49.722995    99 ts_tablet_manager.cc:1615] P 0002331a981242cbbb199827b5bb183f: Registered tablet d3945f6144504cb7a39f4b00cec773d0
I1221 21:08:49.723117   155 event_logger.cc:67] T 00c7030d7ae94c2b9ca7e9ddde4dec68 P 0002331a981242cbbb199827b5bb183f [I]: EVENT_LOG_v1 {"time_micros": 1640120929723107, "job": 1, "event": "recovery_finished"}
I1221 21:08:49.729796    99 ts_tablet_manager.cc:1615] P 0002331a981242cbbb199827b5bb183f: Registered tablet d3f0bae0611c472c91d9c421356f00c0
I1221 21:08:49.734719    99 ts_tablet_manager.cc:1615] P 0002331a981242cbbb199827b5bb183f: Registered tablet d40ee605e98d4899b08dd7dc46e1ed95
I1221 21:08:49.737586    99 ts_tablet_manager.cc:1615] P 0002331a981242cbbb199827b5bb183f: Registered tablet d57c449cf4d44e4e86301e0bfa570a49
I1221 21:08:49.739192    99 ts_tablet_manager.cc:1615] P 0002331a981242cbbb199827b5bb183f: Registered tablet d93179186017441bb4faa29cfbd64917
I1221 21:08:49.741214    99 ts_tablet_manager.cc:1615] P 0002331a981242cbbb199827b5bb183f: Registered tablet dd9b67c385f74fdf86eed313c386ccc1
I1221 21:08:49.745242    99 ts_tablet_manager.cc:1615] P 0002331a981242cbbb199827b5bb183f: Registered tablet df18dbc80f4d46099d006ee134bee83c
I1221 21:08:49.747630   155 db_impl.cc:1147] T 00c7030d7ae94c2b9ca7e9ddde4dec68 P 0002331a981242cbbb199827b5bb183f [I]: [JOB 2] Delete /home/yugabyte/yb_data/data/yb-data/tserver/data/rocksdb/table-000040000000300080000000000042d7/tablet-00c7030d7ae94c2b9ca7e9ddde4dec68.intents//MANIFEST-000001 type=4 #1 -- OK
I1221 21:08:49.748728    99 ts_tablet_manager.cc:1615] P 0002331a981242cbbb199827b5bb183f: Registered tablet df34522cce8742dc8db360403e76ff0c
I1221 21:08:49.751407   155 db_impl.cc:1147] T 00c7030d7ae94c2b9ca7e9ddde4dec68 P 0002331a981242cbbb199827b5bb183f [I]: [JOB 2] Delete /home/yugabyte/yb_data/data/yb-data/tserver/data/rocksdb/table-000040000000300080000000000042d7/tablet-00c7030d7ae94c2b9ca7e9ddde4dec68.intents//000003.log type=0 #3 -- OK
I1221 21:08:49.751956    99 ts_tablet_manager.cc:1615] P 0002331a981242cbbb199827b5bb183f: Registered tablet dfec3c3c638544e5910b2ab9140a2805
I1221 21:08:49.754305    99 ts_tablet_manager.cc:1615] P 0002331a981242cbbb199827b5bb183f: Registered tablet e012031e42d34b28a32594b0549f9ae2
I1221 21:08:49.755380    99 ts_tablet_manager.cc:1615] P 0002331a981242cbbb199827b5bb183f: Registered tablet e3d59fa306b44e3fb8c4c551b48ff0df
I1221 21:08:49.756399    99 ts_tablet_manager.cc:1615] P 0002331a981242cbbb199827b5bb183f: Registered tablet e5e45740eed24c1b844c85b8f2a301fe
I1221 21:08:49.758330    99 ts_tablet_manager.cc:1615] P 0002331a981242cbbb199827b5bb183f: Registered tablet e754227b0a2142329ce09203d8255afa
I1221 21:08:49.759811    99 ts_tablet_manager.cc:1615] P 0002331a981242cbbb199827b5bb183f: Registered tablet e80dfabdfaca4203925f86762647911e
I1221 21:08:49.761405    99 ts_tablet_manager.cc:1615] P 0002331a981242cbbb199827b5bb183f: Registered tablet e8eec32b581840a09629dd2b691b3721
I1221 21:08:49.762392    99 ts_tablet_manager.cc:1615] P 0002331a981242cbbb199827b5bb183f: Registered tablet ea6bf083df89403d850c981742709de3
I1221 21:08:49.764322    99 ts_tablet_manager.cc:1615] P 0002331a981242cbbb199827b5bb183f: Registered tablet ea78a39d813d40e7b9d1536cbe725b5a
I1221 21:08:49.765657    99 ts_tablet_manager.cc:1615] P 0002331a981242cbbb199827b5bb183f: Registered tablet eb5f07d1133246f1af393944fe72101e
I1221 21:08:49.766731    99 ts_tablet_manager.cc:1615] P 0002331a981242cbbb199827b5bb183f: Registered tablet eec5984c6f6049ef8b09d923b279371c
I1221 21:08:49.768218    99 ts_tablet_manager.cc:1615] P 0002331a981242cbbb199827b5bb183f: Registered tablet f1d8f5e4f9804d5abbadefc0c1f30ae8
I1221 21:08:49.770355    99 ts_tablet_manager.cc:1615] P 0002331a981242cbbb199827b5bb183f: Registered tablet f206800daab14996a6f2d571e3f7fbe9
I1221 21:08:49.774134    99 ts_tablet_manager.cc:1615] P 0002331a981242cbbb199827b5bb183f: Registered tablet f835259a127944fab10d0902e1a43075
I1221 21:08:49.775264    99 ts_tablet_manager.cc:1615] P 0002331a981242cbbb199827b5bb183f: Registered tablet fc1b88c7365e470599680b285a764483
I1221 21:08:49.776952    99 ts_tablet_manager.cc:1615] P 0002331a981242cbbb199827b5bb183f: Registered tablet fc2293b96d4449d8a0aae3bd30a5c092
I1221 21:08:49.778376    99 ts_tablet_manager.cc:1615] P 0002331a981242cbbb199827b5bb183f: Registered tablet fc8e62d1d2aa41bcb054bac652dd31af
I1221 21:08:49.779989    99 ts_tablet_manager.cc:1615] P 0002331a981242cbbb199827b5bb183f: Registered tablet fd3c60aaa82041a98dbb08682922a3c5
I1221 21:08:49.781186    99 ts_tablet_manager.cc:1615] P 0002331a981242cbbb199827b5bb183f: Registered tablet fd5c5898741a44809917f4db30f3a69c
I1221 21:08:49.783849    99 server_base.cc:508]  Using private rpc addresses: ( host: "cab7f47837a6" port: 9100 )
I1221 21:08:49.787938    99 tablet_server_main.cc:221] Starting tablet server...
I1221 21:08:49.789999    99 ulimit_util.cc:214] Configured soft limit for cpu time is already larger than specified min value (unlimited vs. unlimited). Skipping.
I1221 21:08:49.791352    99 ulimit_util.cc:214] Configured soft limit for file size is already larger than specified min value (unlimited vs. unlimited). Skipping.
I1221 21:08:49.794649    99 ulimit_util.cc:214] Configured soft limit for data seg size is already larger than specified min value (unlimited vs. unlimited). Skipping.
I1221 21:08:49.795735    99 ulimit_util.cc:214] Configured soft limit for stack size is already larger than specified min value (8388608 vs. 8388608). Skipping.
I1221 21:08:49.796789    99 ulimit_util.cc:214] Configured soft limit for max user processes is already larger than specified min value (unlimited vs. 12000). Skipping.
I1221 21:08:49.797668    99 ulimit_util.cc:214] Configured soft limit for open files is already larger than specified min value (1048576 vs. 1048576). Skipping.
I1221 21:08:49.798795    99 ulimit_util.cc:214] Configured soft limit for max locked memory is already larger than specified min value (65536 vs. 65536). Skipping.
I1221 21:08:49.800329    99 ulimit_util.cc:214] Configured soft limit for max memory size is already larger than specified min value (unlimited vs. unlimited). Skipping.
I1221 21:08:49.787025   157 transaction_loader.cc:89] T 00c7030d7ae94c2b9ca7e9ddde4dec68 P 0002331a981242cbbb199827b5bb183f: Load transactions start
I1221 21:08:49.786826   155 tablet.cc:757] T 00c7030d7ae94c2b9ca7e9ddde4dec68 P 0002331a981242cbbb199827b5bb183f: Successfully opened a RocksDB database at /home/yugabyte/yb_data/data/yb-data/tserver/data/rocksdb/table-000040000000300080000000000042d7/tablet-00c7030d7ae94c2b9ca7e9ddde4dec68, obj: 0x1ab1e00
I1221 21:08:49.803236   155 tablet_bootstrap.cc:563] T 00c7030d7ae94c2b9ca7e9ddde4dec68 P 0002331a981242cbbb199827b5bb183f: Time spent opening tablet: real 0.341s	user 0.011s	sys 0.013s
I1221 21:08:49.802295   157 transaction_loader.cc:149] T 00c7030d7ae94c2b9ca7e9ddde4dec68 P 0002331a981242cbbb199827b5bb183f: LoadTransactions done: loaded 0 transactions
I1221 21:08:49.801283    99 tablet_server_main.cc:223] ulimit cur(max)...
ulimit: core file size 0(unlimited) blks
ulimit: data seg size unlimited(unlimited) kb
ulimit: open files 1048576(1048576)
ulimit: file size unlimited(unlimited) blks
ulimit: pending signals 7476(7476)
ulimit: file locks unlimited(unlimited)
ulimit: max locked memory 64(64) kb
ulimit: max memory size unlimited(unlimited) kb
ulimit: stack size 8192(unlimited) kb
ulimit: cpu time unlimited(unlimited) secs
ulimit: max user processes unlimited(unlimited)
I1221 21:08:49.806146    99 tablet_server.cc:316] Auto setting FLAGS_tablet_server_svc_num_threads to 64
I1221 21:08:49.807685    99 tablet_server.cc:323] Auto setting FLAGS_num_concurrent_backfills_allowed to 1
I1221 21:08:49.810353    99 tablet_server.cc:332] Auto setting FLAGS_ts_consensus_svc_num_threads to 64
I1221 21:08:49.811836    99 service_pool.cc:146] yb.tserver.TabletServerBackupService: yb::rpc::ServicePoolImpl created at 0x1ec8240
I1221 21:08:49.816152    99 service_pool.cc:146] yb.cdc.CDCService: yb::rpc::ServicePoolImpl created at 0x1ec86c0
I1221 21:08:49.819718    99 tablet_server.cc:339] yb::tserver::TabletServiceImpl created at 0x1ec8900
I1221 21:08:49.824062    99 service_pool.cc:146] yb.tserver.TabletServerService: yb::rpc::ServicePoolImpl created at 0x1ec8b40
I1221 21:08:49.810210   155 tablet_bootstrap.cc:640] T 00c7030d7ae94c2b9ca7e9ddde4dec68 P 0002331a981242cbbb199827b5bb183f: Will attempt to recover log segment /home/yugabyte/yb_data/data/yb-data/tserver/wals/table-000040000000300080000000000042d7/tablet-00c7030d7ae94c2b9ca7e9ddde4dec68/wal-000000001
I1221 21:08:49.827162   155 tablet_bootstrap.cc:1021] T 00c7030d7ae94c2b9ca7e9ddde4dec68 P 0002331a981242cbbb199827b5bb183f: Flushed DocDB OpIds: { regular: 0.0 intents: 0.0 }
I1221 21:08:49.829771   155 tablet_bootstrap.cc:1177] T 00c7030d7ae94c2b9ca7e9ddde4dec68 P 0002331a981242cbbb199827b5bb183f: Max persistent index in RocksDB's SSTables before bootstrap: regular RocksDB: 0.0; intents RocksDB: 0.0
I1221 21:08:49.831841   155 log.cc:1043] T 00c7030d7ae94c2b9ca7e9ddde4dec68 P 0002331a981242cbbb199827b5bb183f: Setting log wal retention time to 0 seconds
I1221 21:08:49.826249    99 tablet_server.cc:345] yb::tserver::TabletServiceAdminImpl created at 0x20ca000
I1221 21:08:49.836181    99 service_pool.cc:146] yb.tserver.TabletServerAdminService: yb::rpc::ServicePoolImpl created at 0x1ec8d80
I1221 21:08:49.838126    99 tablet_server.cc:351] yb::tserver::ConsensusServiceImpl created at 0x20f4800
I1221 21:08:49.840377    99 thread_pool.cc:171] Starting thread pool { name: TabletServer-high-pri queue_limit: 10000 max_workers: 1024 }
I1221 21:08:49.841931    99 service_pool.cc:146] yb.consensus.ConsensusService: yb::rpc::ServicePoolImpl created at 0x1ec9200
I1221 21:08:49.816354   158 async_initializer.cc:82] Starting to init ybclient
I1221 21:08:49.843732    99 tablet_server.cc:359] yb::tserver::RemoteBootstrapServiceImpl created at 0x19c7380
I1221 21:08:49.848496    99 service_pool.cc:146] yb.tserver.RemoteBootstrapService: yb::rpc::ServicePoolImpl created at 0x1ec9440
I1221 21:08:49.849514    99 tablet_server.cc:366] yb::tserver::ForwardServiceImpl created at 0x21921c0
I1221 21:08:49.851161    99 service_pool.cc:146] yb.tserver.TabletServerForwardService: yb::rpc::ServicePoolImpl created at 0x1ec9680
W1221 21:08:49.848186   155 log_util.cc:221] Could not read footer for segment: /home/yugabyte/yb_data/data/yb-data/tserver/wals/table-000040000000300080000000000042d7/tablet-00c7030d7ae94c2b9ca7e9ddde4dec68/wal-000000001: Not found (yb/consensus/log_util.cc:463): Footer not found. Footer magic doesn't match
W1221 21:08:49.855706   155 log_reader.cc:188] T 00c7030d7ae94c2b9ca7e9ddde4dec68 P 0002331a981242cbbb199827b5bb183f: Log segment /home/yugabyte/yb_data/data/yb-data/tserver/wals/table-000040000000300080000000000042d7/tablet-00c7030d7ae94c2b9ca7e9ddde4dec68/wal-000000001 was likely left in-progress after a previous crash. Will try to rebuild footer by scanning data.
I1221 21:08:49.857869   155 log_util.cc:620] Scanning /home/yugabyte/yb_data/data/yb-data/tserver/wals/table-000040000000300080000000000042d7/tablet-00c7030d7ae94c2b9ca7e9ddde4dec68/wal-000000001 for valid entry headers following offset 420...
I1221 21:08:49.846031   158 client-internal.cc:2355] New master addresses: [127.0.0.1:7100]
I1221 21:08:49.852519    99 service_pool.cc:146] yb.tserver.PgClientService: yb::rpc::ServicePoolImpl created at 0x1ec98c0
I1221 21:08:49.864779    99 webserver.cc:172] Starting webserver on 0.0.0.0:9000
I1221 21:08:49.866472    99 webserver.cc:177] Document root: /home/yugabyte/www
I1221 21:08:49.869410    99 webserver.cc:167] Webserver listen spec is 0.0.0.0:9000
I1221 21:08:49.882755    99 webserver.cc:266] Webserver started. Bound to: http://0.0.0.0:9000/
I1221 21:08:49.872501   155 log_util.cc:666] Found no log entry headers
I1221 21:08:49.893893   155 log_util.cc:543] Ignoring log segment corruption in /home/yugabyte/yb_data/data/yb-data/tserver/wals/table-000040000000300080000000000042d7/tablet-00c7030d7ae94c2b9ca7e9ddde4dec68/wal-000000001 because there are no log entries following the corrupted one. The server probably crashed in the middle of writing an entry to the write-ahead log or downloaded an active log via remote bootstrap. Error detail: Corruption (yb/consensus/log_util.cc:739): Invalid checksum in log entry head header: found=0, computed=2351477386: Log file corruption detected. Failed trying to read batch #5 at offset 420 for log segment /home/yugabyte/yb_data/data/yb-data/tserver/wals/table-000040000000300080000000000042d7/tablet-00c7030d7ae94c2b9ca7e9ddde4dec68/wal-000000001: Prior batch offsets: 197 222 395 420; Last log entries read: [REPLICATE (1.1)] [REPLICATE (1.2)]
I1221 21:08:49.894852   155 log_util.cc:279] Successfully rebuilt footer for segment: /home/yugabyte/yb_data/data/yb-data/tserver/wals/table-000040000000300080000000000042d7/tablet-00c7030d7ae94c2b9ca7e9ddde4dec68/wal-000000001 (valid entries through byte offset 420)
I1221 21:08:49.895843   155 log.cc:588] T 00c7030d7ae94c2b9ca7e9ddde4dec68 P 0002331a981242cbbb199827b5bb183f: Opened existing logs. Last segment is /home/yugabyte/yb_data/data/yb-data/tserver/wals/table-000040000000300080000000000042d7/tablet-00c7030d7ae94c2b9ca7e9ddde4dec68/wal-000000001
I1221 21:08:49.898072   155 tablet_bootstrap.cc:342] T 00c7030d7ae94c2b9ca7e9ddde4dec68 P 0002331a981242cbbb199827b5bb183f: Bootstrap optimizer (skip_flushed_entries): op_id_replay_lowest=0.0 (regular_op_id=0.0, intents_op_id=0.0, has_intents_db=1)
I1221 21:08:49.899035   155 tablet_bootstrap.cc:1126] T 00c7030d7ae94c2b9ca7e9ddde4dec68 P 0002331a981242cbbb199827b5bb183f: Segment /home/yugabyte/yb_data/data/yb-data/tserver/wals/table-000040000000300080000000000042d7/tablet-00c7030d7ae94c2b9ca7e9ddde4dec68/wal-000000001 cannot be used as the first segment to start replay with according to our OpId and retention criteria. However, this is already the earliest segment so we have to start replay here. We should probably investigate how we got into this situation. op_id=1.1, first_op_time=3304.187s, min_seconds_to_retain_logs=120.000s, *replay_from_this_or_earlier_time=3184.187s, is_first_op_id_low_enough=0, is_first_op_time_early_enough=0
I1221 21:08:49.899986   155 tablet_bootstrap.cc:1139] T 00c7030d7ae94c2b9ca7e9ddde4dec68 P 0002331a981242cbbb199827b5bb183f: Bootstrap optimizer (skip_flushed_entries): will replay all segments starting from the very first one.
I1221 21:08:49.863101   158 async_initializer.cc:86] Successfully built ybclient
I1221 21:08:49.885318    99 service_pool.cc:146] yb.server.GenericService: yb::rpc::ServicePoolImpl created at 0x1ec9b00
I1221 21:08:49.904567    99 rpc_server.cc:168] RPC server started. Bound to: 0.0.0.0:9100
I1221 21:08:49.906304   163 ts_tablet_manager.cc:1773] 141 tablets pending bootstrap out of 141
I1221 21:08:49.910624   155 tablet_bootstrap_if.cc:79] T 00c7030d7ae94c2b9ca7e9ddde4dec68 P 0002331a981242cbbb199827b5bb183f: Bootstrap replayed 1/1 log segments. Read operations: 2, overwritten operations: 0. Pending: 1 replicates. Last read committed op id: 1.2, last entry metadata: { entry_time: 3307.196s offset: 222 active_segment_sequence_number: 1 }, last read entry op id: 1.2
I1221 21:08:49.916447   155 tablet_bootstrap.cc:1283] T 00c7030d7ae94c2b9ca7e9ddde4dec68 P 0002331a981242cbbb199827b5bb183f: Dumping replay state to log at the end of PlaySegments
I1221 21:08:49.917416   155 tablet_bootstrap.cc:995] T 00c7030d7ae94c2b9ca7e9ddde4dec68 P 0002331a981242cbbb199827b5bb183f: ReplayState: Previous OpId: 1.2, Committed OpId: 1.2, Pending Replicates: 0, Flushed Regular: 0.0, Flushed Intents: 0.0
I1221 21:08:49.918496   155 tablet_bootstrap.cc:995] T 00c7030d7ae94c2b9ca7e9ddde4dec68 P 0002331a981242cbbb199827b5bb183f: Log entries applied to RocksDB: 2
I1221 21:08:49.919836   155 tablet_bootstrap.cc:1294] T 00c7030d7ae94c2b9ca7e9ddde4dec68 P 0002331a981242cbbb199827b5bb183f: Number of orphaned replicates: 0, last id: 1.2, committed id: 1.2
I1221 21:08:49.935505    99 server_base.cc:321] Dumped server information to /home/yugabyte/yb_data/data/tserver-info
I1221 21:08:49.937801   155 tablet_bootstrap_if.cc:79] T 00c7030d7ae94c2b9ca7e9ddde4dec68 P 0002331a981242cbbb199827b5bb183f: Bootstrap complete.
I1221 21:08:49.939513    99 ts_tablet_manager.cc:544] Split tablets cleanup monitor started...
I1221 21:08:49.949801    99 ts_tablet_manager.cc:554] Tablet data verification is disabled by verify_tablet_data_interval_sec flag set to 0
I1221 21:08:49.950366   164 async_initializer.cc:82] Starting to init ybclient
I1221 21:08:49.969520   164 client-internal.cc:2355] New master addresses: [127.0.0.1:7100]
I1221 21:08:49.974396    99 tablet_server_main.cc:225] Tablet server successfully started.
I1221 21:08:49.963560   166 async_initializer.cc:82] Starting to init ybclient
I1221 21:08:49.974752   164 async_initializer.cc:86] Successfully built ybclient
I1221 21:08:49.980846   154 tablet_peer.cc:952] T dfc5fb3335924f628b674959bae6229d P 0002331a981242cbbb199827b5bb183f [state=BOOTSTRAPPING]: Setting cdc min replicated index to 9223372036854775807
I1221 21:08:49.978479    99 pg_wrapper.cc:469] Data directory /home/yugabyte/yb_data/data/pg_data already exists, skipping initdb
I1221 21:08:49.983999    99 tablet_server_main.cc:263] Starting PostgreSQL server listening on 0.0.0.0, port 5433
I1221 21:08:49.965790   165 heartbeater.cc:305] P 0002331a981242cbbb199827b5bb183f: Connected to a leader master server at 127.0.0.1:7100
I1221 21:08:49.979451   166 client-internal.cc:2355] New master addresses: [127.0.0.1:7100]
I1221 21:08:49.986516   155 log.cc:1043] T 00c7030d7ae94c2b9ca7e9ddde4dec68 P 0002331a981242cbbb199827b5bb183f: Setting log wal retention time to 0 seconds
I1221 21:08:49.992771   155 ts_tablet_manager.cc:1333] T 00c7030d7ae94c2b9ca7e9ddde4dec68 P 0002331a981242cbbb199827b5bb183f: Time spent bootstrapping tablet: real 0.549s	user 0.018s	sys 0.018s
W1221 21:08:49.994329    99 pg_wrapper.cc:640] Killing older postgres process: 185
I1221 21:08:49.988899   165 heartbeater.cc:353] P 0002331a981242cbbb199827b5bb183f: Registering TS with master...
I1221 21:08:50.000123    99 pg_wrapper.cc:610] Starting PostgreSQL server
I1221 21:08:49.997294   154 consensus_meta.cc:298] T dfc5fb3335924f628b674959bae6229d P 0002331a981242cbbb199827b5bb183f: Updating active role from FOLLOWER to FOLLOWER. Consensus state: current_term: 1 leader_uuid: "" config { opid_index: -1 peers { permanent_uuid: "0002331a981242cbbb199827b5bb183f" member_type: VOTER last_known_private_addr { host: "8d62daecd75d" port: 9100 } last_known_broadcast_addr { host: "127.0.0.1" port: 9100 } cloud_info { placement_cloud: "cloud1" placement_region: "datacenter1" placement_zone: "rack1" } } }, has_pending_config = 0
I1221 21:08:49.991391   166 async_initializer.cc:86] Successfully built ybclient
I1221 21:08:50.000340   155 consensus_meta.cc:298] T 00c7030d7ae94c2b9ca7e9ddde4dec68 P 0002331a981242cbbb199827b5bb183f: Updating active role from UNKNOWN_ROLE to FOLLOWER. Consensus state: current_term: 1 leader_uuid: "" config { opid_index: -1 peers { permanent_uuid: "0002331a981242cbbb199827b5bb183f" member_type: VOTER last_known_private_addr { host: "8d62daecd75d" port: 9100 } last_known_broadcast_addr { host: "127.0.0.1" port: 9100 } cloud_info { placement_cloud: "cloud1" placement_region: "datacenter1" placement_zone: "rack1" } } }, has_pending_config = 0
I1221 21:08:50.010080   155 transaction_participant.cc:190] T 00c7030d7ae94c2b9ca7e9ddde4dec68 P 0002331a981242cbbb199827b5bb183f: Start
I1221 21:08:50.011830   155 tablet_peer.cc:952] T 00c7030d7ae94c2b9ca7e9ddde4dec68 P 0002331a981242cbbb199827b5bb183f [state=BOOTSTRAPPING]: Setting cdc min replicated index to 9223372036854775807
I1221 21:08:50.000494   165 server_base.cc:508]  Using private rpc addresses: ( host: "cab7f47837a6" port: 9100 )
I1221 21:08:50.002851   154 raft_consensus.cc:467] T dfc5fb3335924f628b674959bae6229d P 0002331a981242cbbb199827b5bb183f [term 1 FOLLOWER]: Replica starting. Triggering 0 pending operations. Active config: opid_index: -1 peers { permanent_uuid: "0002331a981242cbbb199827b5bb183f" member_type: VOTER last_known_private_addr { host: "8d62daecd75d" port: 9100 } last_known_broadcast_addr { host: "127.0.0.1" port: 9100 } cloud_info { placement_cloud: "cloud1" placement_region: "datacenter1" placement_zone: "rack1" } }
I1221 21:08:50.011854   157 transaction_participant.cc:1022] T 00c7030d7ae94c2b9ca7e9ddde4dec68 P 0002331a981242cbbb199827b5bb183f: LoadFinished: starting transaction status resolution
I1221 21:08:50.022123   165 server_base.cc:531] Using http addresses: ( host: "cab7f47837a6" port: 9000 )
I1221 21:08:50.024981   154 raft_consensus.cc:1092] T dfc5fb3335924f628b674959bae6229d P 0002331a981242cbbb199827b5bb183f [term 1 FOLLOWER]: Becoming Follower/Learner. State: Replica: 0002331a981242cbbb199827b5bb183f, State: 1, Role: FOLLOWER, Watermarks: {Received: 1.1235 Committed: 1.1235} Leader: 0.0, new leader: , initial_fd_wait: <uninitialized>
