I1221 21:08:51.079116   154 docdb_rocksdb_util.cc:328] Overriding FLAGS_rocksdb_max_background_flushes to 1
I1221 21:08:51.080068   154 docdb_rocksdb_util.cc:358] FLAGS_rocksdb_max_background_compactions was not set, automatically configuring 1 background compactions.
I1221 21:08:51.082023   154 docdb_rocksdb_util.cc:358] FLAGS_rocksdb_max_background_compactions was not set, automatically configuring 1 background compactions.
I1221 21:08:51.083613   154 docdb_rocksdb_util.cc:370] FLAGS_rocksdb_base_background_compactions was not set, automatically configuring 1 base background compactions.
I1221 21:08:51.085203   154 tablet.cc:537] T 092758f4dbf24f8598d308eed9d23104 P 0002331a981242cbbb199827b5bb183f: Creating RocksDB database in dir /home/yugabyte/yb_data/data/yb-data/tserver/data/rocksdb/table-000040000000300080000000000043ab/tablet-092758f4dbf24f8598d308eed9d23104
I1221 21:08:51.076355   155 db_impl.cc:2472] T 068b4b2c227143c085e8b77fd71a44e4 P 0002331a981242cbbb199827b5bb183f [R]: SetOptions() on column family [default], inputs: [{level0_stop_writes_trigger, 2147483647}, {level0_slowdown_writes_trigger, 2147483647}]
I1221 21:08:51.088743   155 db_impl.cc:2476] T 068b4b2c227143c085e8b77fd71a44e4 P 0002331a981242cbbb199827b5bb183f [R]: [default] SetOptions succeeded
I1221 21:08:51.087551   154 tablet.cc:699] Opening RocksDB at: /home/yugabyte/yb_data/data/yb-data/tserver/data/rocksdb/table-000040000000300080000000000043ab/tablet-092758f4dbf24f8598d308eed9d23104
I1221 21:08:51.129053   154 version_set.cc:2843] T 092758f4dbf24f8598d308eed9d23104 P 0002331a981242cbbb199827b5bb183f [R]: Recovered from manifest file:/home/yugabyte/yb_data/data/yb-data/tserver/data/rocksdb/table-000040000000300080000000000043ab/tablet-092758f4dbf24f8598d308eed9d23104/MANIFEST-000001 succeeded,manifest_file_number is 1, next_file_number is 3, last_sequence is 1125899906842624, log_number is 0,prev_log_number is 0,max_column_family is 0, flushed_values is <NULL>
I1221 21:08:51.130095   154 version_set.cc:2851] T 092758f4dbf24f8598d308eed9d23104 P 0002331a981242cbbb199827b5bb183f [R]: Column family [default] (ID 0), log number is 0
I1221 21:08:51.132501   154 event_logger.cc:67] T 092758f4dbf24f8598d308eed9d23104 P 0002331a981242cbbb199827b5bb183f [R]: EVENT_LOG_v1 {"time_micros": 1640120931132482, "job": 1, "event": "recovery_started", "log_files": [3]}
I1221 21:08:51.140964   154 db_impl.cc:1494] T 092758f4dbf24f8598d308eed9d23104 P 0002331a981242cbbb199827b5bb183f [R]: Recovering log #3 mode 0 skip-recovery 0
I1221 21:08:51.144057   154 version_set.cc:2284] T 092758f4dbf24f8598d308eed9d23104 P 0002331a981242cbbb199827b5bb183f [R]: Creating manifest 5
I1221 21:08:51.146258   155 db_impl.cc:2472] T 068b4b2c227143c085e8b77fd71a44e4 P 0002331a981242cbbb199827b5bb183f [R]: SetOptions() on column family [default], inputs: [{disable_auto_compactions, false}]
I1221 21:08:51.149415   155 db_impl.cc:2476] T 068b4b2c227143c085e8b77fd71a44e4 P 0002331a981242cbbb199827b5bb183f [R]: [default] SetOptions succeeded
I1221 21:08:51.151865   154 version_set.cc:3350] T 092758f4dbf24f8598d308eed9d23104 P 0002331a981242cbbb199827b5bb183f [R]: Writing version edit: comparator: "leveldb.BytewiseComparator"

W1221 21:08:51.153961   154 env.h:611] Failed to pre-allocate space for a file: IO error (yb/rocksdb/util/io_posix.cc:481): /home/yugabyte/yb_data/data/yb-data/tserver/data/rocksdb/table-000040000000300080000000000043ab/tablet-092758f4dbf24f8598d308eed9d23104/MANIFEST-000005: Operation not supported
I1221 21:08:51.157649   154 version_set.cc:3350] T 092758f4dbf24f8598d308eed9d23104 P 0002331a981242cbbb199827b5bb183f [R]: Writing version edit: log_number: 0

I1221 21:08:51.184427   154 event_logger.cc:67] T 092758f4dbf24f8598d308eed9d23104 P 0002331a981242cbbb199827b5bb183f [R]: EVENT_LOG_v1 {"time_micros": 1640120931184411, "job": 1, "event": "recovery_finished"}
I1221 21:08:51.197894   155 db_impl.cc:2472] T 068b4b2c227143c085e8b77fd71a44e4 P 0002331a981242cbbb199827b5bb183f [I]: SetOptions() on column family [default], inputs: [{level0_stop_writes_trigger, 2147483647}, {level0_slowdown_writes_trigger, 2147483647}]
I1221 21:08:51.198854   155 db_impl.cc:2476] T 068b4b2c227143c085e8b77fd71a44e4 P 0002331a981242cbbb199827b5bb183f [I]: [default] SetOptions succeeded
I1221 21:08:51.201587   154 db_impl.cc:1147] T 092758f4dbf24f8598d308eed9d23104 P 0002331a981242cbbb199827b5bb183f [R]: [JOB 2] Delete /home/yugabyte/yb_data/data/yb-data/tserver/data/rocksdb/table-000040000000300080000000000043ab/tablet-092758f4dbf24f8598d308eed9d23104//MANIFEST-000001 type=4 #1 -- OK
I1221 21:08:51.204366   154 db_impl.cc:1147] T 092758f4dbf24f8598d308eed9d23104 P 0002331a981242cbbb199827b5bb183f [R]: [JOB 2] Delete /home/yugabyte/yb_data/data/yb-data/tserver/data/rocksdb/table-000040000000300080000000000043ab/tablet-092758f4dbf24f8598d308eed9d23104//000003.log type=0 #3 -- OK
I1221 21:08:51.268513   155 db_impl.cc:2472] T 068b4b2c227143c085e8b77fd71a44e4 P 0002331a981242cbbb199827b5bb183f [I]: SetOptions() on column family [default], inputs: [{disable_auto_compactions, false}]
I1221 21:08:51.270684   155 db_impl.cc:2476] T 068b4b2c227143c085e8b77fd71a44e4 P 0002331a981242cbbb199827b5bb183f [I]: [default] SetOptions succeeded
I1221 21:08:51.272332   155 tablet_peer.cc:1132] T 068b4b2c227143c085e8b77fd71a44e4 P 0002331a981242cbbb199827b5bb183f [state=RUNNING]: Registered log gc
I1221 21:08:51.275127   155 ts_tablet_manager.cc:1390] T 068b4b2c227143c085e8b77fd71a44e4 P 0002331a981242cbbb199827b5bb183f: Time spent starting tablet: real 0.300s	user 0.007s	sys 0.008s
I1221 21:08:51.286849   155 ts_tablet_manager.cc:2509] Deleted transition in progress opening tablet for tablet 068b4b2c227143c085e8b77fd71a44e4
I1221 21:08:51.290422   155 ts_tablet_manager.cc:1326] T 0f2be33b30fe41dabda96f36fa774728 P 0002331a981242cbbb199827b5bb183f: Bootstrapping tablet
I1221 21:08:51.295641   155 tablet_peer.cc:1240] T 0f2be33b30fe41dabda96f36fa774728 P 0002331a981242cbbb199827b5bb183f [state=BOOTSTRAPPING]: Changed state from NOT_STARTED to BOOTSTRAPPING
I1221 21:08:51.286201   154 tablet.cc:714] T 092758f4dbf24f8598d308eed9d23104 P 0002331a981242cbbb199827b5bb183f: Opening intents DB at: /home/yugabyte/yb_data/data/yb-data/tserver/data/rocksdb/table-000040000000300080000000000043ab/tablet-092758f4dbf24f8598d308eed9d23104.intents
I1221 21:08:51.305357   155 consensus_meta.cc:298] T 0f2be33b30fe41dabda96f36fa774728 P 0002331a981242cbbb199827b5bb183f: Updating active role from UNKNOWN_ROLE to FOLLOWER. Consensus state: current_term: 1 leader_uuid: "" config { opid_index: -1 peers { permanent_uuid: "0002331a981242cbbb199827b5bb183f" member_type: VOTER last_known_private_addr { host: "8d62daecd75d" port: 9100 } last_known_broadcast_addr { host: "127.0.0.1" port: 9100 } cloud_info { placement_cloud: "cloud1" placement_region: "datacenter1" placement_zone: "rack1" } } }, has_pending_config = 0
I1221 21:08:51.308516   155 tablet_bootstrap_if.cc:79] T 0f2be33b30fe41dabda96f36fa774728 P 0002331a981242cbbb199827b5bb183f: Bootstrap starting.
I1221 21:08:51.311455   155 tablet.cc:420] T 0f2be33b30fe41dabda96f36fa774728 P 0002331a981242cbbb199827b5bb183f: Schema version for TABLEPRIVILEGEINDEX is 0
I1221 21:08:51.314179   155 transaction_participant.cc:135] T 0f2be33b30fe41dabda96f36fa774728 P 0002331a981242cbbb199827b5bb183f: Create
I1221 21:08:51.317059   155 docdb_rocksdb_util.cc:328] Overriding FLAGS_rocksdb_max_background_flushes to 1
I1221 21:08:51.325984   155 docdb_rocksdb_util.cc:358] FLAGS_rocksdb_max_background_compactions was not set, automatically configuring 1 background compactions.
I1221 21:08:51.334802   155 docdb_rocksdb_util.cc:358] FLAGS_rocksdb_max_background_compactions was not set, automatically configuring 1 background compactions.
I1221 21:08:51.338686   155 docdb_rocksdb_util.cc:370] FLAGS_rocksdb_base_background_compactions was not set, automatically configuring 1 base background compactions.
I1221 21:08:51.340471   155 docdb_rocksdb_util.cc:328] Overriding FLAGS_rocksdb_max_background_flushes to 1
I1221 21:08:51.342007   155 docdb_rocksdb_util.cc:358] FLAGS_rocksdb_max_background_compactions was not set, automatically configuring 1 background compactions.
I1221 21:08:51.343084   155 docdb_rocksdb_util.cc:358] FLAGS_rocksdb_max_background_compactions was not set, automatically configuring 1 background compactions.
I1221 21:08:51.344774   155 docdb_rocksdb_util.cc:370] FLAGS_rocksdb_base_background_compactions was not set, automatically configuring 1 base background compactions.
I1221 21:08:51.346387   155 tablet.cc:537] T 0f2be33b30fe41dabda96f36fa774728 P 0002331a981242cbbb199827b5bb183f: Creating RocksDB database in dir /home/yugabyte/yb_data/data/yb-data/tserver/data/rocksdb/table-000040000000300080000000000042e6/tablet-0f2be33b30fe41dabda96f36fa774728
I1221 21:08:51.335747   154 version_set.cc:2843] T 092758f4dbf24f8598d308eed9d23104 P 0002331a981242cbbb199827b5bb183f [I]: Recovered from manifest file:/home/yugabyte/yb_data/data/yb-data/tserver/data/rocksdb/table-000040000000300080000000000043ab/tablet-092758f4dbf24f8598d308eed9d23104.intents/MANIFEST-000001 succeeded,manifest_file_number is 1, next_file_number is 3, last_sequence is 1125899906842624, log_number is 0,prev_log_number is 0,max_column_family is 0, flushed_values is <NULL>
I1221 21:08:51.350277   154 version_set.cc:2851] T 092758f4dbf24f8598d308eed9d23104 P 0002331a981242cbbb199827b5bb183f [I]: Column family [default] (ID 0), log number is 0
I1221 21:08:51.349090   155 tablet.cc:699] Opening RocksDB at: /home/yugabyte/yb_data/data/yb-data/tserver/data/rocksdb/table-000040000000300080000000000042e6/tablet-0f2be33b30fe41dabda96f36fa774728
I1221 21:08:51.353538   154 event_logger.cc:67] T 092758f4dbf24f8598d308eed9d23104 P 0002331a981242cbbb199827b5bb183f [I]: EVENT_LOG_v1 {"time_micros": 1640120931353525, "job": 1, "event": "recovery_started", "log_files": [3]}
I1221 21:08:51.371296   154 db_impl.cc:1494] T 092758f4dbf24f8598d308eed9d23104 P 0002331a981242cbbb199827b5bb183f [I]: Recovering log #3 mode 0 skip-recovery 0
I1221 21:08:51.373248   154 version_set.cc:2284] T 092758f4dbf24f8598d308eed9d23104 P 0002331a981242cbbb199827b5bb183f [I]: Creating manifest 5
I1221 21:08:51.382136   154 version_set.cc:3350] T 092758f4dbf24f8598d308eed9d23104 P 0002331a981242cbbb199827b5bb183f [I]: Writing version edit: comparator: "leveldb.BytewiseComparator"

W1221 21:08:51.386790   154 env.h:611] Failed to pre-allocate space for a file: IO error (yb/rocksdb/util/io_posix.cc:481): /home/yugabyte/yb_data/data/yb-data/tserver/data/rocksdb/table-000040000000300080000000000043ab/tablet-092758f4dbf24f8598d308eed9d23104.intents/MANIFEST-000005: Operation not supported
I1221 21:08:51.387718   155 version_set.cc:2843] T 0f2be33b30fe41dabda96f36fa774728 P 0002331a981242cbbb199827b5bb183f [R]: Recovered from manifest file:/home/yugabyte/yb_data/data/yb-data/tserver/data/rocksdb/table-000040000000300080000000000042e6/tablet-0f2be33b30fe41dabda96f36fa774728/MANIFEST-000001 succeeded,manifest_file_number is 1, next_file_number is 3, last_sequence is 1125899906842624, log_number is 0,prev_log_number is 0,max_column_family is 0, flushed_values is <NULL>
I1221 21:08:51.393404   155 version_set.cc:2851] T 0f2be33b30fe41dabda96f36fa774728 P 0002331a981242cbbb199827b5bb183f [R]: Column family [default] (ID 0), log number is 0
I1221 21:08:51.392630   154 version_set.cc:3350] T 092758f4dbf24f8598d308eed9d23104 P 0002331a981242cbbb199827b5bb183f [I]: Writing version edit: log_number: 0

I1221 21:08:51.394387   155 event_logger.cc:67] T 0f2be33b30fe41dabda96f36fa774728 P 0002331a981242cbbb199827b5bb183f [R]: EVENT_LOG_v1 {"time_micros": 1640120931394372, "job": 1, "event": "recovery_started", "log_files": [3]}
I1221 21:08:51.402047   155 db_impl.cc:1494] T 0f2be33b30fe41dabda96f36fa774728 P 0002331a981242cbbb199827b5bb183f [R]: Recovering log #3 mode 0 skip-recovery 0
I1221 21:08:51.404321   155 version_set.cc:2284] T 0f2be33b30fe41dabda96f36fa774728 P 0002331a981242cbbb199827b5bb183f [R]: Creating manifest 5
I1221 21:08:51.408535   154 event_logger.cc:67] T 092758f4dbf24f8598d308eed9d23104 P 0002331a981242cbbb199827b5bb183f [I]: EVENT_LOG_v1 {"time_micros": 1640120931408521, "job": 1, "event": "recovery_finished"}
I1221 21:08:51.419752   155 version_set.cc:3350] T 0f2be33b30fe41dabda96f36fa774728 P 0002331a981242cbbb199827b5bb183f [R]: Writing version edit: comparator: "leveldb.BytewiseComparator"

W1221 21:08:51.424515   155 env.h:611] Failed to pre-allocate space for a file: IO error (yb/rocksdb/util/io_posix.cc:481): /home/yugabyte/yb_data/data/yb-data/tserver/data/rocksdb/table-000040000000300080000000000042e6/tablet-0f2be33b30fe41dabda96f36fa774728/MANIFEST-000005: Operation not supported
I1221 21:08:51.429666   154 db_impl.cc:1147] T 092758f4dbf24f8598d308eed9d23104 P 0002331a981242cbbb199827b5bb183f [I]: [JOB 2] Delete /home/yugabyte/yb_data/data/yb-data/tserver/data/rocksdb/table-000040000000300080000000000043ab/tablet-092758f4dbf24f8598d308eed9d23104.intents//MANIFEST-000001 type=4 #1 -- OK
I1221 21:08:51.431491   155 version_set.cc:3350] T 0f2be33b30fe41dabda96f36fa774728 P 0002331a981242cbbb199827b5bb183f [R]: Writing version edit: log_number: 0

I1221 21:08:51.434027   154 db_impl.cc:1147] T 092758f4dbf24f8598d308eed9d23104 P 0002331a981242cbbb199827b5bb183f [I]: [JOB 2] Delete /home/yugabyte/yb_data/data/yb-data/tserver/data/rocksdb/table-000040000000300080000000000043ab/tablet-092758f4dbf24f8598d308eed9d23104.intents//000003.log type=0 #3 -- OK
I1221 21:08:51.453178   155 event_logger.cc:67] T 0f2be33b30fe41dabda96f36fa774728 P 0002331a981242cbbb199827b5bb183f [R]: EVENT_LOG_v1 {"time_micros": 1640120931453167, "job": 1, "event": "recovery_finished"}
I1221 21:08:51.469980   155 db_impl.cc:1147] T 0f2be33b30fe41dabda96f36fa774728 P 0002331a981242cbbb199827b5bb183f [R]: [JOB 2] Delete /home/yugabyte/yb_data/data/yb-data/tserver/data/rocksdb/table-000040000000300080000000000042e6/tablet-0f2be33b30fe41dabda96f36fa774728//MANIFEST-000001 type=4 #1 -- OK
I1221 21:08:51.475715   155 db_impl.cc:1147] T 0f2be33b30fe41dabda96f36fa774728 P 0002331a981242cbbb199827b5bb183f [R]: [JOB 2] Delete /home/yugabyte/yb_data/data/yb-data/tserver/data/rocksdb/table-000040000000300080000000000042e6/tablet-0f2be33b30fe41dabda96f36fa774728//000003.log type=0 #3 -- OK
I1221 21:08:51.490772   154 tablet.cc:757] T 092758f4dbf24f8598d308eed9d23104 P 0002331a981242cbbb199827b5bb183f: Successfully opened a RocksDB database at /home/yugabyte/yb_data/data/yb-data/tserver/data/rocksdb/table-000040000000300080000000000043ab/tablet-092758f4dbf24f8598d308eed9d23104, obj: 0x2658800
I1221 21:08:51.490990   175 transaction_loader.cc:89] T 092758f4dbf24f8598d308eed9d23104 P 0002331a981242cbbb199827b5bb183f: Load transactions start
I1221 21:08:51.496115   175 transaction_loader.cc:149] T 092758f4dbf24f8598d308eed9d23104 P 0002331a981242cbbb199827b5bb183f: LoadTransactions done: loaded 0 transactions
I1221 21:08:51.493333   154 tablet_bootstrap.cc:563] T 092758f4dbf24f8598d308eed9d23104 P 0002331a981242cbbb199827b5bb183f: Time spent opening tablet: real 0.421s	user 0.006s	sys 0.013s
I1221 21:08:51.517128   154 tablet_bootstrap.cc:640] T 092758f4dbf24f8598d308eed9d23104 P 0002331a981242cbbb199827b5bb183f: Will attempt to recover log segment /home/yugabyte/yb_data/data/yb-data/tserver/wals/table-000040000000300080000000000043ab/tablet-092758f4dbf24f8598d308eed9d23104/wal-000000001
I1221 21:08:51.518996   154 tablet_bootstrap.cc:1021] T 092758f4dbf24f8598d308eed9d23104 P 0002331a981242cbbb199827b5bb183f: Flushed DocDB OpIds: { regular: 0.0 intents: 0.0 }
I1221 21:08:51.523761   154 tablet_bootstrap.cc:1177] T 092758f4dbf24f8598d308eed9d23104 P 0002331a981242cbbb199827b5bb183f: Max persistent index in RocksDB's SSTables before bootstrap: regular RocksDB: 0.0; intents RocksDB: 0.0
I1221 21:08:51.530639   154 log.cc:1043] T 092758f4dbf24f8598d308eed9d23104 P 0002331a981242cbbb199827b5bb183f: Setting log wal retention time to 0 seconds
I1221 21:08:51.557138   155 tablet.cc:714] T 0f2be33b30fe41dabda96f36fa774728 P 0002331a981242cbbb199827b5bb183f: Opening intents DB at: /home/yugabyte/yb_data/data/yb-data/tserver/data/rocksdb/table-000040000000300080000000000042e6/tablet-0f2be33b30fe41dabda96f36fa774728.intents
W1221 21:08:51.563879   154 log_util.cc:221] Could not read footer for segment: /home/yugabyte/yb_data/data/yb-data/tserver/wals/table-000040000000300080000000000043ab/tablet-092758f4dbf24f8598d308eed9d23104/wal-000000001: Not found (yb/consensus/log_util.cc:463): Footer not found. Footer magic doesn't match
W1221 21:08:51.567232   154 log_reader.cc:188] T 092758f4dbf24f8598d308eed9d23104 P 0002331a981242cbbb199827b5bb183f: Log segment /home/yugabyte/yb_data/data/yb-data/tserver/wals/table-000040000000300080000000000043ab/tablet-092758f4dbf24f8598d308eed9d23104/wal-000000001 was likely left in-progress after a previous crash. Will try to rebuild footer by scanning data.
I1221 21:08:51.570094   154 log_util.cc:620] Scanning /home/yugabyte/yb_data/data/yb-data/tserver/wals/table-000040000000300080000000000043ab/tablet-092758f4dbf24f8598d308eed9d23104/wal-000000001 for valid entry headers following offset 513...
I1221 21:08:51.573740   122 tablet_rpc.cc:143] Unable to pick leader for 29f20dcc078b41f8adf2c8fa6b67ccc2, replicas: [], followers: [{0x0000000001aec000 -> { uuid: 0002331a981242cbbb199827b5bb183f private: [host: "8d62daecd75d" port: 9100] public: [host: "127.0.0.1" port: 9100] cloud_info: placement_cloud: "cloud1" placement_region: "datacenter1" placement_zone: "rack1", { status: Illegal state (yb/tserver/service_util.h:137): Tablet not RUNNING: NOT_STARTED (tablet server error 12) (raft group state error 5) time: 0.030s }}] [suppressed 13 similar messages]
I1221 21:08:51.608227   154 log_util.cc:666] Found no log entry headers
I1221 21:08:51.610065   154 log_util.cc:543] Ignoring log segment corruption in /home/yugabyte/yb_data/data/yb-data/tserver/wals/table-000040000000300080000000000043ab/tablet-092758f4dbf24f8598d308eed9d23104/wal-000000001 because there are no log entries following the corrupted one. The server probably crashed in the middle of writing an entry to the write-ahead log or downloaded an active log via remote bootstrap. Error detail: Corruption (yb/consensus/log_util.cc:739): Invalid checksum in log entry head header: found=0, computed=2351477386: Log file corruption detected. Failed trying to read batch #5 at offset 513 for log segment /home/yugabyte/yb_data/data/yb-data/tserver/wals/table-000040000000300080000000000043ab/tablet-092758f4dbf24f8598d308eed9d23104/wal-000000001: Prior batch offsets: 228 253 488 513; Last log entries read: [REPLICATE (1.1)] [REPLICATE (1.2)]
I1221 21:08:51.611747   154 log_util.cc:279] Successfully rebuilt footer for segment: /home/yugabyte/yb_data/data/yb-data/tserver/wals/table-000040000000300080000000000043ab/tablet-092758f4dbf24f8598d308eed9d23104/wal-000000001 (valid entries through byte offset 513)
I1221 21:08:51.613026   154 log.cc:588] T 092758f4dbf24f8598d308eed9d23104 P 0002331a981242cbbb199827b5bb183f: Opened existing logs. Last segment is /home/yugabyte/yb_data/data/yb-data/tserver/wals/table-000040000000300080000000000043ab/tablet-092758f4dbf24f8598d308eed9d23104/wal-000000001
I1221 21:08:51.614109   154 tablet_bootstrap.cc:342] T 092758f4dbf24f8598d308eed9d23104 P 0002331a981242cbbb199827b5bb183f: Bootstrap optimizer (skip_flushed_entries): op_id_replay_lowest=0.0 (regular_op_id=0.0, intents_op_id=0.0, has_intents_db=1)
I1221 21:08:51.615803   154 tablet_bootstrap.cc:1126] T 092758f4dbf24f8598d308eed9d23104 P 0002331a981242cbbb199827b5bb183f: Segment /home/yugabyte/yb_data/data/yb-data/tserver/wals/table-000040000000300080000000000043ab/tablet-092758f4dbf24f8598d308eed9d23104/wal-000000001 cannot be used as the first segment to start replay with according to our OpId and retention criteria. However, this is already the earliest segment so we have to start replay here. We should probably investigate how we got into this situation. op_id=1.1, first_op_time=3424.593s, min_seconds_to_retain_logs=120.000s, *replay_from_this_or_earlier_time=3304.593s, is_first_op_id_low_enough=0, is_first_op_time_early_enough=0
I1221 21:08:51.619031   154 tablet_bootstrap.cc:1139] T 092758f4dbf24f8598d308eed9d23104 P 0002331a981242cbbb199827b5bb183f: Bootstrap optimizer (skip_flushed_entries): will replay all segments starting from the very first one.
I1221 21:08:51.610975   155 version_set.cc:2843] T 0f2be33b30fe41dabda96f36fa774728 P 0002331a981242cbbb199827b5bb183f [I]: Recovered from manifest file:/home/yugabyte/yb_data/data/yb-data/tserver/data/rocksdb/table-000040000000300080000000000042e6/tablet-0f2be33b30fe41dabda96f36fa774728.intents/MANIFEST-000001 succeeded,manifest_file_number is 1, next_file_number is 3, last_sequence is 1125899906842624, log_number is 0,prev_log_number is 0,max_column_family is 0, flushed_values is <NULL>
I1221 21:08:51.622061   155 version_set.cc:2851] T 0f2be33b30fe41dabda96f36fa774728 P 0002331a981242cbbb199827b5bb183f [I]: Column family [default] (ID 0), log number is 0
I1221 21:08:51.623311   155 event_logger.cc:67] T 0f2be33b30fe41dabda96f36fa774728 P 0002331a981242cbbb199827b5bb183f [I]: EVENT_LOG_v1 {"time_micros": 1640120931623295, "job": 1, "event": "recovery_started", "log_files": [3]}
I1221 21:08:51.629158   154 tablet_bootstrap_if.cc:79] T 092758f4dbf24f8598d308eed9d23104 P 0002331a981242cbbb199827b5bb183f: Bootstrap replayed 1/1 log segments. Read operations: 2, overwritten operations: 0. Pending: 1 replicates. Last read committed op id: 1.2, last entry metadata: { entry_time: 3476.876s offset: 253 active_segment_sequence_number: 1 }, last read entry op id: 1.2
I1221 21:08:51.633317   154 tablet_bootstrap.cc:1283] T 092758f4dbf24f8598d308eed9d23104 P 0002331a981242cbbb199827b5bb183f: Dumping replay state to log at the end of PlaySegments
I1221 21:08:51.642535   154 tablet_bootstrap.cc:995] T 092758f4dbf24f8598d308eed9d23104 P 0002331a981242cbbb199827b5bb183f: ReplayState: Previous OpId: 1.2, Committed OpId: 1.2, Pending Replicates: 0, Flushed Regular: 0.0, Flushed Intents: 0.0
I1221 21:08:51.645972   154 tablet_bootstrap.cc:995] T 092758f4dbf24f8598d308eed9d23104 P 0002331a981242cbbb199827b5bb183f: Log entries applied to RocksDB: 2
I1221 21:08:51.648350   154 tablet_bootstrap.cc:1294] T 092758f4dbf24f8598d308eed9d23104 P 0002331a981242cbbb199827b5bb183f: Number of orphaned replicates: 0, last id: 1.2, committed id: 1.2
I1221 21:08:51.643638   155 db_impl.cc:1494] T 0f2be33b30fe41dabda96f36fa774728 P 0002331a981242cbbb199827b5bb183f [I]: Recovering log #3 mode 0 skip-recovery 0
I1221 21:08:51.652962   155 version_set.cc:2284] T 0f2be33b30fe41dabda96f36fa774728 P 0002331a981242cbbb199827b5bb183f [I]: Creating manifest 5
I1221 21:08:51.658947   155 version_set.cc:3350] T 0f2be33b30fe41dabda96f36fa774728 P 0002331a981242cbbb199827b5bb183f [I]: Writing version edit: comparator: "leveldb.BytewiseComparator"

W1221 21:08:51.661303   155 env.h:611] Failed to pre-allocate space for a file: IO error (yb/rocksdb/util/io_posix.cc:481): /home/yugabyte/yb_data/data/yb-data/tserver/data/rocksdb/table-000040000000300080000000000042e6/tablet-0f2be33b30fe41dabda96f36fa774728.intents/MANIFEST-000005: Operation not supported
I1221 21:08:51.664223   154 tablet_bootstrap_if.cc:79] T 092758f4dbf24f8598d308eed9d23104 P 0002331a981242cbbb199827b5bb183f: Bootstrap complete.
I1221 21:08:51.664629   155 version_set.cc:3350] T 0f2be33b30fe41dabda96f36fa774728 P 0002331a981242cbbb199827b5bb183f [I]: Writing version edit: log_number: 0

W1221 21:08:51.680364    99 pg_wrapper.cc:303] No hba configuration lines found, defaulting to trust all configuration.
I1221 21:08:51.680687   155 event_logger.cc:67] T 0f2be33b30fe41dabda96f36fa774728 P 0002331a981242cbbb199827b5bb183f [I]: EVENT_LOG_v1 {"time_micros": 1640120931680674, "job": 1, "event": "recovery_finished"}
I1221 21:08:51.685688   154 log.cc:1043] T 092758f4dbf24f8598d308eed9d23104 P 0002331a981242cbbb199827b5bb183f: Setting log wal retention time to 0 seconds
I1221 21:08:51.687839   154 ts_tablet_manager.cc:1333] T 092758f4dbf24f8598d308eed9d23104 P 0002331a981242cbbb199827b5bb183f: Time spent bootstrapping tablet: real 0.640s	user 0.009s	sys 0.020s
I1221 21:08:51.694486   154 consensus_meta.cc:298] T 092758f4dbf24f8598d308eed9d23104 P 0002331a981242cbbb199827b5bb183f: Updating active role from UNKNOWN_ROLE to FOLLOWER. Consensus state: current_term: 1 leader_uuid: "" config { opid_index: -1 peers { permanent_uuid: "0002331a981242cbbb199827b5bb183f" member_type: VOTER last_known_private_addr { host: "8d62daecd75d" port: 9100 } last_known_broadcast_addr { host: "127.0.0.1" port: 9100 } cloud_info { placement_cloud: "cloud1" placement_region: "datacenter1" placement_zone: "rack1" } } }, has_pending_config = 0
I1221 21:08:51.697917   154 transaction_participant.cc:190] T 092758f4dbf24f8598d308eed9d23104 P 0002331a981242cbbb199827b5bb183f: Start
I1221 21:08:51.699025   154 tablet_peer.cc:952] T 092758f4dbf24f8598d308eed9d23104 P 0002331a981242cbbb199827b5bb183f [state=BOOTSTRAPPING]: Setting cdc min replicated index to 9223372036854775807
I1221 21:08:51.699044   175 transaction_participant.cc:1022] T 092758f4dbf24f8598d308eed9d23104 P 0002331a981242cbbb199827b5bb183f: LoadFinished: starting transaction status resolution
I1221 21:08:51.697646   155 db_impl.cc:1147] T 0f2be33b30fe41dabda96f36fa774728 P 0002331a981242cbbb199827b5bb183f [I]: [JOB 2] Delete /home/yugabyte/yb_data/data/yb-data/tserver/data/rocksdb/table-000040000000300080000000000042e6/tablet-0f2be33b30fe41dabda96f36fa774728.intents//MANIFEST-000001 type=4 #1 -- OK
I1221 21:08:51.701972    99 pg_wrapper.cc:431] PostgreSQL server running as pid 176
I1221 21:08:51.704918   155 db_impl.cc:1147] T 0f2be33b30fe41dabda96f36fa774728 P 0002331a981242cbbb199827b5bb183f [I]: [JOB 2] Delete /home/yugabyte/yb_data/data/yb-data/tserver/data/rocksdb/table-000040000000300080000000000042e6/tablet-0f2be33b30fe41dabda96f36fa774728.intents//000003.log type=0 #3 -- OK
I1221 21:08:51.707993    99 server_base_options.cc:137] Updating master addrs to {127.0.0.1:7100}
I1221 21:08:51.715674    99 server_base_options.cc:137] Updating master addrs to {127.0.0.1:7100}
I1221 21:08:51.719725    99 server_base_options.cc:137] Updating master addrs to {127.0.0.1:7100}
I1221 21:08:51.721674    99 rpc_server.cc:85] yb::server::RpcServer created at 0x2786630
I1221 21:08:51.723933    99 tablet_server_main.cc:304] Starting CQL server...
I1221 21:08:51.735432   154 consensus_meta.cc:298] T 092758f4dbf24f8598d308eed9d23104 P 0002331a981242cbbb199827b5bb183f: Updating active role from FOLLOWER to FOLLOWER. Consensus state: current_term: 1 leader_uuid: "" config { opid_index: -1 peers { permanent_uuid: "0002331a981242cbbb199827b5bb183f" member_type: VOTER last_known_private_addr { host: "8d62daecd75d" port: 9100 } last_known_broadcast_addr { host: "127.0.0.1" port: 9100 } cloud_info { placement_cloud: "cloud1" placement_region: "datacenter1" placement_zone: "rack1" } } }, has_pending_config = 0
I1221 21:08:51.738545   154 raft_consensus.cc:467] T 092758f4dbf24f8598d308eed9d23104 P 0002331a981242cbbb199827b5bb183f [term 1 FOLLOWER]: Replica starting. Triggering 0 pending operations. Active config: opid_index: -1 peers { permanent_uuid: "0002331a981242cbbb199827b5bb183f" member_type: VOTER last_known_private_addr { host: "8d62daecd75d" port: 9100 } last_known_broadcast_addr { host: "127.0.0.1" port: 9100 } cloud_info { placement_cloud: "cloud1" placement_region: "datacenter1" placement_zone: "rack1" } }
I1221 21:08:51.740386   154 raft_consensus.cc:1092] T 092758f4dbf24f8598d308eed9d23104 P 0002331a981242cbbb199827b5bb183f [term 1 FOLLOWER]: Becoming Follower/Learner. State: Replica: 0002331a981242cbbb199827b5bb183f, State: 1, Role: FOLLOWER, Watermarks: {Received: 1.2 Committed: 1.2} Leader: 0.0, new leader: , initial_fd_wait: <uninitialized>
I1221 21:08:51.741506   154 consensus_meta.cc:298] T 092758f4dbf24f8598d308eed9d23104 P 0002331a981242cbbb199827b5bb183f: Updating active role from FOLLOWER to FOLLOWER. Consensus state: current_term: 1 leader_uuid: "" config { opid_index: -1 peers { permanent_uuid: "0002331a981242cbbb199827b5bb183f" member_type: VOTER last_known_private_addr { host: "8d62daecd75d" port: 9100 } last_known_broadcast_addr { host: "127.0.0.1" port: 9100 } cloud_info { placement_cloud: "cloud1" placement_region: "datacenter1" placement_zone: "rack1" } } }, has_pending_config = 0
I1221 21:08:51.744061   154 consensus_queue.cc:273] T 092758f4dbf24f8598d308eed9d23104 P 0002331a981242cbbb199827b5bb183f [NON_LEADER]: Queue going to NON_LEADER mode. State: All replicated op: 0.0, Majority replicated op: 0.0, Committed index: 0.0, Last applied: 0.0, Last appended: 1.2, Current term: 0, Majority size: -1, State: QUEUE_OPEN, Mode: NON_LEADER
I1221 21:08:51.745775   154 raft_consensus.cc:3178] T 092758f4dbf24f8598d308eed9d23104 P 0002331a981242cbbb199827b5bb183f [term 1 FOLLOWER]: Calling mark dirty synchronously for reason code CONSENSUS_STARTED
I1221 21:08:51.735635    99 fs_manager.cc:251] Opened local filesystem: /home/yugabyte/yb_data/data
uuid: "0002331a981242cbbb199827b5bb183f"
format_stamp: "Formatted at 2021-12-21 18:52:46 on 8d62daecd75d"
I1221 21:08:51.748313    99 secure.cc:112] SetupSecureContext: kExternal, 0
I1221 21:08:51.750057   154 tablet_peer.cc:1240] T 092758f4dbf24f8598d308eed9d23104 P 0002331a981242cbbb199827b5bb183f [state=RUNNING]: Changed state from BOOTSTRAPPING to RUNNING
I1221 21:08:51.759088    99 thread_pool.cc:171] Starting thread pool { name: CQLServer queue_limit: 10000 max_workers: 1024 }
I1221 21:08:51.776506    99 cql_service.cc:130] CQL processors limit: 4655
I1221 21:08:51.779562    99 service_pool.cc:146] yb.cqlserver.CQLServerService: yb::rpc::ServicePoolImpl created at 0x1eefb00
I1221 21:08:51.781637    99 webserver.cc:172] Starting webserver on 0.0.0.0:12000
I1221 21:08:51.784674    99 webserver.cc:177] Document root: /home/yugabyte/www
I1221 21:08:51.786041   185 transaction_loader.cc:89] T 0f2be33b30fe41dabda96f36fa774728 P 0002331a981242cbbb199827b5bb183f: Load transactions start
I1221 21:08:51.787278   185 transaction_loader.cc:149] T 0f2be33b30fe41dabda96f36fa774728 P 0002331a981242cbbb199827b5bb183f: LoadTransactions done: loaded 0 transactions
I1221 21:08:51.783177   155 tablet.cc:757] T 0f2be33b30fe41dabda96f36fa774728 P 0002331a981242cbbb199827b5bb183f: Successfully opened a RocksDB database at /home/yugabyte/yb_data/data/yb-data/tserver/data/rocksdb/table-000040000000300080000000000042e6/tablet-0f2be33b30fe41dabda96f36fa774728, obj: 0x267ca00
I1221 21:08:51.792147   155 tablet_bootstrap.cc:563] T 0f2be33b30fe41dabda96f36fa774728 P 0002331a981242cbbb199827b5bb183f: Time spent opening tablet: real 0.475s	user 0.008s	sys 0.015s
I1221 21:08:51.786132    99 webserver.cc:167] Webserver listen spec is 0.0.0.0:12000
I1221 21:08:51.805346    99 webserver.cc:266] Webserver started. Bound to: http://0.0.0.0:12000/
I1221 21:08:51.807927    99 service_pool.cc:146] yb.server.GenericService: yb::rpc::ServicePoolImpl created at 0x1eefd40
I1221 21:08:51.806879   155 tablet_bootstrap.cc:640] T 0f2be33b30fe41dabda96f36fa774728 P 0002331a981242cbbb199827b5bb183f: Will attempt to recover log segment /home/yugabyte/yb_data/data/yb-data/tserver/wals/table-000040000000300080000000000042e6/tablet-0f2be33b30fe41dabda96f36fa774728/wal-000000001
I1221 21:08:51.812347   155 tablet_bootstrap.cc:1021] T 0f2be33b30fe41dabda96f36fa774728 P 0002331a981242cbbb199827b5bb183f: Flushed DocDB OpIds: { regular: 0.0 intents: 0.0 }
I1221 21:08:51.813640   155 tablet_bootstrap.cc:1177] T 0f2be33b30fe41dabda96f36fa774728 P 0002331a981242cbbb199827b5bb183f: Max persistent index in RocksDB's SSTables before bootstrap: regular RocksDB: 0.0; intents RocksDB: 0.0
I1221 21:08:51.814774   155 log.cc:1043] T 0f2be33b30fe41dabda96f36fa774728 P 0002331a981242cbbb199827b5bb183f: Setting log wal retention time to 0 seconds
I1221 21:08:51.811837    99 rpc_server.cc:168] RPC server started. Bound to: 0.0.0.0:9042
I1221 21:08:51.825824    99 server_base.cc:321] Dumped server information to /home/yugabyte/yb_data/data/tserver-info-cql
I1221 21:08:51.831509    99 tablet_server_main.cc:306] CQL server successfully started.
I1221 21:08:51.827307   154 db_impl.cc:2472] T 092758f4dbf24f8598d308eed9d23104 P 0002331a981242cbbb199827b5bb183f [R]: SetOptions() on column family [default], inputs: [{level0_stop_writes_trigger, 2147483647}, {level0_slowdown_writes_trigger, 2147483647}]
I1221 21:08:51.835083   154 db_impl.cc:2476] T 092758f4dbf24f8598d308eed9d23104 P 0002331a981242cbbb199827b5bb183f [R]: [default] SetOptions succeeded
W1221 21:08:51.826778   155 log_util.cc:221] Could not read footer for segment: /home/yugabyte/yb_data/data/yb-data/tserver/wals/table-000040000000300080000000000042e6/tablet-0f2be33b30fe41dabda96f36fa774728/wal-000000001: Not found (yb/consensus/log_util.cc:463): Footer not found. Footer magic doesn't match
W1221 21:08:51.844996   155 log_reader.cc:188] T 0f2be33b30fe41dabda96f36fa774728 P 0002331a981242cbbb199827b5bb183f: Log segment /home/yugabyte/yb_data/data/yb-data/tserver/wals/table-000040000000300080000000000042e6/tablet-0f2be33b30fe41dabda96f36fa774728/wal-000000001 was likely left in-progress after a previous crash. Will try to rebuild footer by scanning data.
I1221 21:08:51.848896   155 log_util.cc:620] Scanning /home/yugabyte/yb_data/data/yb-data/tserver/wals/table-000040000000300080000000000042e6/tablet-0f2be33b30fe41dabda96f36fa774728/wal-000000001 for valid entry headers following offset 618...
I1221 21:08:51.870249   155 log_util.cc:666] Found no log entry headers
I1221 21:08:51.872171   155 log_util.cc:543] Ignoring log segment corruption in /home/yugabyte/yb_data/data/yb-data/tserver/wals/table-000040000000300080000000000042e6/tablet-0f2be33b30fe41dabda96f36fa774728/wal-000000001 because there are no log entries following the corrupted one. The server probably crashed in the middle of writing an entry to the write-ahead log or downloaded an active log via remote bootstrap. Error detail: Corruption (yb/consensus/log_util.cc:739): Invalid checksum in log entry head header: found=0, computed=2351477386: Log file corruption detected. Failed trying to read batch #5 at offset 618 for log segment /home/yugabyte/yb_data/data/yb-data/tserver/wals/table-000040000000300080000000000042e6/tablet-0f2be33b30fe41dabda96f36fa774728/wal-000000001: Prior batch offsets: 395 420 593 618; Last log entries read: [REPLICATE (1.1)] [REPLICATE (1.2)]
I1221 21:08:51.878315   155 log_util.cc:279] Successfully rebuilt footer for segment: /home/yugabyte/yb_data/data/yb-data/tserver/wals/table-000040000000300080000000000042e6/tablet-0f2be33b30fe41dabda96f36fa774728/wal-000000001 (valid entries through byte offset 618)
I1221 21:08:51.880285   155 log.cc:588] T 0f2be33b30fe41dabda96f36fa774728 P 0002331a981242cbbb199827b5bb183f: Opened existing logs. Last segment is /home/yugabyte/yb_data/data/yb-data/tserver/wals/table-000040000000300080000000000042e6/tablet-0f2be33b30fe41dabda96f36fa774728/wal-000000001
I1221 21:08:51.887470   155 tablet_bootstrap.cc:342] T 0f2be33b30fe41dabda96f36fa774728 P 0002331a981242cbbb199827b5bb183f: Bootstrap optimizer (skip_flushed_entries): op_id_replay_lowest=0.0 (regular_op_id=0.0, intents_op_id=0.0, has_intents_db=1)
I1221 21:08:51.895507   155 tablet_bootstrap.cc:1126] T 0f2be33b30fe41dabda96f36fa774728 P 0002331a981242cbbb199827b5bb183f: Segment /home/yugabyte/yb_data/data/yb-data/tserver/wals/table-000040000000300080000000000042e6/tablet-0f2be33b30fe41dabda96f36fa774728/wal-000000001 cannot be used as the first segment to start replay with according to our OpId and retention criteria. However, this is already the earliest segment so we have to start replay here. We should probably investigate how we got into this situation. op_id=1.1, first_op_time=3361.273s, min_seconds_to_retain_logs=120.000s, *replay_from_this_or_earlier_time=3241.273s, is_first_op_id_low_enough=0, is_first_op_time_early_enough=0
I1221 21:08:51.898506   155 tablet_bootstrap.cc:1139] T 0f2be33b30fe41dabda96f36fa774728 P 0002331a981242cbbb199827b5bb183f: Bootstrap optimizer (skip_flushed_entries): will replay all segments starting from the very first one.
I1221 21:08:51.907162   154 db_impl.cc:2472] T 092758f4dbf24f8598d308eed9d23104 P 0002331a981242cbbb199827b5bb183f [R]: SetOptions() on column family [default], inputs: [{disable_auto_compactions, false}]
I1221 21:08:51.908694   154 db_impl.cc:2476] T 092758f4dbf24f8598d308eed9d23104 P 0002331a981242cbbb199827b5bb183f [R]: [default] SetOptions succeeded
I1221 21:08:51.914371   155 tablet_bootstrap_if.cc:79] T 0f2be33b30fe41dabda96f36fa774728 P 0002331a981242cbbb199827b5bb183f: Bootstrap replayed 1/1 log segments. Read operations: 2, overwritten operations: 0. Pending: 1 replicates. Last read committed op id: 1.2, last entry metadata: { entry_time: 3364.104s offset: 420 active_segment_sequence_number: 1 }, last read entry op id: 1.2
I1221 21:08:51.916386   155 tablet_bootstrap.cc:1283] T 0f2be33b30fe41dabda96f36fa774728 P 0002331a981242cbbb199827b5bb183f: Dumping replay state to log at the end of PlaySegments
I1221 21:08:51.918066   155 tablet_bootstrap.cc:995] T 0f2be33b30fe41dabda96f36fa774728 P 0002331a981242cbbb199827b5bb183f: ReplayState: Previous OpId: 1.2, Committed OpId: 1.2, Pending Replicates: 0, Flushed Regular: 0.0, Flushed Intents: 0.0
I1221 21:08:51.919144   155 tablet_bootstrap.cc:995] T 0f2be33b30fe41dabda96f36fa774728 P 0002331a981242cbbb199827b5bb183f: Log entries applied to RocksDB: 2
I1221 21:08:51.920676   155 tablet_bootstrap.cc:1294] T 0f2be33b30fe41dabda96f36fa774728 P 0002331a981242cbbb199827b5bb183f: Number of orphaned replicates: 0, last id: 1.2, committed id: 1.2
I1221 21:08:51.960064   155 tablet_bootstrap_if.cc:79] T 0f2be33b30fe41dabda96f36fa774728 P 0002331a981242cbbb199827b5bb183f: Bootstrap complete.
I1221 21:08:51.978381   154 db_impl.cc:2472] T 092758f4dbf24f8598d308eed9d23104 P 0002331a981242cbbb199827b5bb183f [I]: SetOptions() on column family [default], inputs: [{level0_stop_writes_trigger, 2147483647}, {level0_slowdown_writes_trigger, 2147483647}]
I1221 21:08:51.979758   154 db_impl.cc:2476] T 092758f4dbf24f8598d308eed9d23104 P 0002331a981242cbbb199827b5bb183f [I]: [default] SetOptions succeeded
I1221 21:08:51.987916   155 log.cc:1043] T 0f2be33b30fe41dabda96f36fa774728 P 0002331a981242cbbb199827b5bb183f: Setting log wal retention time to 0 seconds
I1221 21:08:51.993846   155 ts_tablet_manager.cc:1333] T 0f2be33b30fe41dabda96f36fa774728 P 0002331a981242cbbb199827b5bb183f: Time spent bootstrapping tablet: real 0.698s	user 0.012s	sys 0.020s
I1221 21:08:52.012310   155 consensus_meta.cc:298] T 0f2be33b30fe41dabda96f36fa774728 P 0002331a981242cbbb199827b5bb183f: Updating active role from UNKNOWN_ROLE to FOLLOWER. Consensus state: current_term: 1 leader_uuid: "" config { opid_index: -1 peers { permanent_uuid: "0002331a981242cbbb199827b5bb183f" member_type: VOTER last_known_private_addr { host: "8d62daecd75d" port: 9100 } last_known_broadcast_addr { host: "127.0.0.1" port: 9100 } cloud_info { placement_cloud: "cloud1" placement_region: "datacenter1" placement_zone: "rack1" } } }, has_pending_config = 0
I1221 21:08:52.015404   155 transaction_participant.cc:190] T 0f2be33b30fe41dabda96f36fa774728 P 0002331a981242cbbb199827b5bb183f: Start
I1221 21:08:52.017320   155 tablet_peer.cc:952] T 0f2be33b30fe41dabda96f36fa774728 P 0002331a981242cbbb199827b5bb183f [state=BOOTSTRAPPING]: Setting cdc min replicated index to 9223372036854775807
I1221 21:08:52.017328   185 transaction_participant.cc:1022] T 0f2be33b30fe41dabda96f36fa774728 P 0002331a981242cbbb199827b5bb183f: LoadFinished: starting transaction status resolution
I1221 21:08:52.034407   155 consensus_meta.cc:298] T 0f2be33b30fe41dabda96f36fa774728 P 0002331a981242cbbb199827b5bb183f: Updating active role from FOLLOWER to FOLLOWER. Consensus state: current_term: 1 leader_uuid: "" config { opid_index: -1 peers { permanent_uuid: "0002331a981242cbbb199827b5bb183f" member_type: VOTER last_known_private_addr { host: "8d62daecd75d" port: 9100 } last_known_broadcast_addr { host: "127.0.0.1" port: 9100 } cloud_info { placement_cloud: "cloud1" placement_region: "datacenter1" placement_zone: "rack1" } } }, has_pending_config = 0
I1221 21:08:52.037715   155 raft_consensus.cc:467] T 0f2be33b30fe41dabda96f36fa774728 P 0002331a981242cbbb199827b5bb183f [term 1 FOLLOWER]: Replica starting. Triggering 0 pending operations. Active config: opid_index: -1 peers { permanent_uuid: "0002331a981242cbbb199827b5bb183f" member_type: VOTER last_known_private_addr { host: "8d62daecd75d" port: 9100 } last_known_broadcast_addr { host: "127.0.0.1" port: 9100 } cloud_info { placement_cloud: "cloud1" placement_region: "datacenter1" placement_zone: "rack1" } }
I1221 21:08:52.039817   155 raft_consensus.cc:1092] T 0f2be33b30fe41dabda96f36fa774728 P 0002331a981242cbbb199827b5bb183f [term 1 FOLLOWER]: Becoming Follower/Learner. State: Replica: 0002331a981242cbbb199827b5bb183f, State: 1, Role: FOLLOWER, Watermarks: {Received: 1.2 Committed: 1.2} Leader: 0.0, new leader: , initial_fd_wait: <uninitialized>
I1221 21:08:52.041662   155 consensus_meta.cc:298] T 0f2be33b30fe41dabda96f36fa774728 P 0002331a981242cbbb199827b5bb183f: Updating active role from FOLLOWER to FOLLOWER. Consensus state: current_term: 1 leader_uuid: "" config { opid_index: -1 peers { permanent_uuid: "0002331a981242cbbb199827b5bb183f" member_type: VOTER last_known_private_addr { host: "8d62daecd75d" port: 9100 } last_known_broadcast_addr { host: "127.0.0.1" port: 9100 } cloud_info { placement_cloud: "cloud1" placement_region: "datacenter1" placement_zone: "rack1" } } }, has_pending_config = 0
I1221 21:08:52.042794   155 consensus_queue.cc:273] T 0f2be33b30fe41dabda96f36fa774728 P 0002331a981242cbbb199827b5bb183f [NON_LEADER]: Queue going to NON_LEADER mode. State: All replicated op: 0.0, Majority replicated op: 0.0, Committed index: 0.0, Last applied: 0.0, Last appended: 1.2, Current term: 0, Majority size: -1, State: QUEUE_OPEN, Mode: NON_LEADER
I1221 21:08:52.044912   155 raft_consensus.cc:3178] T 0f2be33b30fe41dabda96f36fa774728 P 0002331a981242cbbb199827b5bb183f [term 1 FOLLOWER]: Calling mark dirty synchronously for reason code CONSENSUS_STARTED
I1221 21:08:52.038399   154 db_impl.cc:2472] T 092758f4dbf24f8598d308eed9d23104 P 0002331a981242cbbb199827b5bb183f [I]: SetOptions() on column family [default], inputs: [{disable_auto_compactions, false}]
I1221 21:08:52.047828   154 db_impl.cc:2476] T 092758f4dbf24f8598d308eed9d23104 P 0002331a981242cbbb199827b5bb183f [I]: [default] SetOptions succeeded
I1221 21:08:52.049623   154 tablet_peer.cc:1132] T 092758f4dbf24f8598d308eed9d23104 P 0002331a981242cbbb199827b5bb183f [state=RUNNING]: Registered log gc
I1221 21:08:52.051410   154 ts_tablet_manager.cc:1390] T 092758f4dbf24f8598d308eed9d23104 P 0002331a981242cbbb199827b5bb183f: Time spent starting tablet: real 0.362s	user 0.003s	sys 0.011s
I1221 21:08:52.052683   154 ts_tablet_manager.cc:2509] Deleted transition in progress opening tablet for tablet 092758f4dbf24f8598d308eed9d23104
I1221 21:08:52.053694   154 ts_tablet_manager.cc:1326] T 0f5d8befb4684f22afed11691ec5e0d1 P 0002331a981242cbbb199827b5bb183f: Bootstrapping tablet
I1221 21:08:52.054409   154 tablet_peer.cc:1240] T 0f5d8befb4684f22afed11691ec5e0d1 P 0002331a981242cbbb199827b5bb183f [state=BOOTSTRAPPING]: Changed state from NOT_STARTED to BOOTSTRAPPING
I1221 21:08:52.046355   155 tablet_peer.cc:1240] T 0f2be33b30fe41dabda96f36fa774728 P 0002331a981242cbbb199827b5bb183f [state=RUNNING]: Changed state from BOOTSTRAPPING to RUNNING
I1221 21:08:52.084136   154 consensus_meta.cc:298] T 0f5d8befb4684f22afed11691ec5e0d1 P 0002331a981242cbbb199827b5bb183f: Updating active role from UNKNOWN_ROLE to FOLLOWER. Consensus state: current_term: 1 leader_uuid: "" config { opid_index: -1 peers { permanent_uuid: "0002331a981242cbbb199827b5bb183f" member_type: VOTER last_known_private_addr { host: "8d62daecd75d" port: 9100 } last_known_broadcast_addr { host: "127.0.0.1" port: 9100 } cloud_info { placement_cloud: "cloud1" placement_region: "datacenter1" placement_zone: "rack1" } } }, has_pending_config = 0
I1221 21:08:52.086086   154 tablet_bootstrap_if.cc:79] T 0f5d8befb4684f22afed11691ec5e0d1 P 0002331a981242cbbb199827b5bb183f: Bootstrap starting.
I1221 21:08:52.090061   154 tablet.cc:420] T 0f5d8befb4684f22afed11691ec5e0d1 P 0002331a981242cbbb199827b5bb183f: Schema version for CONSTRAINTS_CONSTRAINT_TYPE_INDEX is 0
I1221 21:08:52.099898   154 transaction_participant.cc:135] T 0f5d8befb4684f22afed11691ec5e0d1 P 0002331a981242cbbb199827b5bb183f: Create
I1221 21:08:52.103400   154 docdb_rocksdb_util.cc:328] Overriding FLAGS_rocksdb_max_background_flushes to 1
I1221 21:08:52.106421   154 docdb_rocksdb_util.cc:358] FLAGS_rocksdb_max_background_compactions was not set, automatically configuring 1 background compactions.
I1221 21:08:52.108458   154 docdb_rocksdb_util.cc:358] FLAGS_rocksdb_max_background_compactions was not set, automatically configuring 1 background compactions.
I1221 21:08:52.113142   154 docdb_rocksdb_util.cc:370] FLAGS_rocksdb_base_background_compactions was not set, automatically configuring 1 base background compactions.
I1221 21:08:52.116030   154 docdb_rocksdb_util.cc:328] Overriding FLAGS_rocksdb_max_background_flushes to 1
I1221 21:08:52.117422   154 docdb_rocksdb_util.cc:358] FLAGS_rocksdb_max_background_compactions was not set, automatically configuring 1 background compactions.
I1221 21:08:52.119367   154 docdb_rocksdb_util.cc:358] FLAGS_rocksdb_max_background_compactions was not set, automatically configuring 1 background compactions.
I1221 21:08:52.121094   154 docdb_rocksdb_util.cc:370] FLAGS_rocksdb_base_background_compactions was not set, automatically configuring 1 base background compactions.
I1221 21:08:52.135308   154 tablet.cc:537] T 0f5d8befb4684f22afed11691ec5e0d1 P 0002331a981242cbbb199827b5bb183f: Creating RocksDB database in dir /home/yugabyte/yb_data/data/yb-data/tserver/data/rocksdb/table-000040000000300080000000000042f4/tablet-0f5d8befb4684f22afed11691ec5e0d1
I1221 21:08:52.142040   154 tablet.cc:699] Opening RocksDB at: /home/yugabyte/yb_data/data/yb-data/tserver/data/rocksdb/table-000040000000300080000000000042f4/tablet-0f5d8befb4684f22afed11691ec5e0d1
I1221 21:08:52.169409   155 db_impl.cc:2472] T 0f2be33b30fe41dabda96f36fa774728 P 0002331a981242cbbb199827b5bb183f [R]: SetOptions() on column family [default], inputs: [{level0_stop_writes_trigger, 2147483647}, {level0_slowdown_writes_trigger, 2147483647}]
I1221 21:08:52.177609   155 db_impl.cc:2476] T 0f2be33b30fe41dabda96f36fa774728 P 0002331a981242cbbb199827b5bb183f [R]: [default] SetOptions succeeded
I1221 21:08:52.189478   154 version_set.cc:2843] T 0f5d8befb4684f22afed11691ec5e0d1 P 0002331a981242cbbb199827b5bb183f [R]: Recovered from manifest file:/home/yugabyte/yb_data/data/yb-data/tserver/data/rocksdb/table-000040000000300080000000000042f4/tablet-0f5d8befb4684f22afed11691ec5e0d1/MANIFEST-000001 succeeded,manifest_file_number is 1, next_file_number is 3, last_sequence is 1125899906842624, log_number is 0,prev_log_number is 0,max_column_family is 0, flushed_values is <NULL>
I1221 21:08:52.191684   154 version_set.cc:2851] T 0f5d8befb4684f22afed11691ec5e0d1 P 0002331a981242cbbb199827b5bb183f [R]: Column family [default] (ID 0), log number is 0
I1221 21:08:52.197134   154 event_logger.cc:67] T 0f5d8befb4684f22afed11691ec5e0d1 P 0002331a981242cbbb199827b5bb183f [R]: EVENT_LOG_v1 {"time_micros": 1640120932197114, "job": 1, "event": "recovery_started", "log_files": [3]}
I1221 21:08:52.213069   154 db_impl.cc:1494] T 0f5d8befb4684f22afed11691ec5e0d1 P 0002331a981242cbbb199827b5bb183f [R]: Recovering log #3 mode 0 skip-recovery 0
I1221 21:08:52.219008   154 version_set.cc:2284] T 0f5d8befb4684f22afed11691ec5e0d1 P 0002331a981242cbbb199827b5bb183f [R]: Creating manifest 5
I1221 21:08:52.225492   154 version_set.cc:3350] T 0f5d8befb4684f22afed11691ec5e0d1 P 0002331a981242cbbb199827b5bb183f [R]: Writing version edit: comparator: "leveldb.BytewiseComparator"

W1221 21:08:52.234689   154 env.h:611] Failed to pre-allocate space for a file: IO error (yb/rocksdb/util/io_posix.cc:481): /home/yugabyte/yb_data/data/yb-data/tserver/data/rocksdb/table-000040000000300080000000000042f4/tablet-0f5d8befb4684f22afed11691ec5e0d1/MANIFEST-000005: Operation not supported
I1221 21:08:52.243737   154 version_set.cc:3350] T 0f5d8befb4684f22afed11691ec5e0d1 P 0002331a981242cbbb199827b5bb183f [R]: Writing version edit: log_number: 0

I1221 21:08:52.254148   155 db_impl.cc:2472] T 0f2be33b30fe41dabda96f36fa774728 P 0002331a981242cbbb199827b5bb183f [R]: SetOptions() on column family [default], inputs: [{disable_auto_compactions, false}]
I1221 21:08:52.255828   155 db_impl.cc:2476] T 0f2be33b30fe41dabda96f36fa774728 P 0002331a981242cbbb199827b5bb183f [R]: [default] SetOptions succeeded
I1221 21:08:52.262626   154 event_logger.cc:67] T 0f5d8befb4684f22afed11691ec5e0d1 P 0002331a981242cbbb199827b5bb183f [R]: EVENT_LOG_v1 {"time_micros": 1640120932262614, "job": 1, "event": "recovery_finished"}
I1221 21:08:52.273952   154 db_impl.cc:1147] T 0f5d8befb4684f22afed11691ec5e0d1 P 0002331a981242cbbb199827b5bb183f [R]: [JOB 2] Delete /home/yugabyte/yb_data/data/yb-data/tserver/data/rocksdb/table-000040000000300080000000000042f4/tablet-0f5d8befb4684f22afed11691ec5e0d1//MANIFEST-000001 type=4 #1 -- OK
I1221 21:08:52.277438   154 db_impl.cc:1147] T 0f5d8befb4684f22afed11691ec5e0d1 P 0002331a981242cbbb199827b5bb183f [R]: [JOB 2] Delete /home/yugabyte/yb_data/data/yb-data/tserver/data/rocksdb/table-000040000000300080000000000042f4/tablet-0f5d8befb4684f22afed11691ec5e0d1//000003.log type=0 #3 -- OK
