W1221 21:08:49.279947    99 env.cc:93] Failed to get children /home/yugabyte/yb_data/data/yb-data/tserver/data/rocksdb/table-0000400000003000800000000000404d/tablet-f078732b82624c3ab8e7ad7c5005f36f: IO error (yb/rocksdb/util/env_posix.cc:227): /home/yugabyte/yb_data/data/yb-data/tserver/data/rocksdb/table-0000400000003000800000000000404d/tablet-f078732b82624c3ab8e7ad7c5005f36f: No such file or directory
E1221 21:08:49.282500    99 tablet_metadata.cc:388] Failed to destroy regular DB at: /home/yugabyte/yb_data/data/yb-data/tserver/data/rocksdb/table-0000400000003000800000000000404d/tablet-f078732b82624c3ab8e7ad7c5005f36f: IO error (yb/rocksdb/util/env_posix.cc:319): /home/yugabyte/yb_data/data/yb-data/tserver/data/rocksdb/table-0000400000003000800000000000404d/tablet-f078732b82624c3ab8e7ad7c5005f36f/LOCK: No such file or directory
W1221 21:08:49.362430    99 ts_tablet_manager.cc:2030] T fcb0702b9e6b4092a183bbd549506bdc P 0002331a981242cbbb199827b5bb183f: Tablet Manager startup: Rolling forward tablet deletion of type TABLET_DATA_DELETED
W1221 21:08:49.380689    99 env.cc:93] Failed to get children /home/yugabyte/yb_data/data/yb-data/tserver/data/rocksdb/table-000040000000300080000000000040c5/tablet-fcb0702b9e6b4092a183bbd549506bdc: IO error (yb/rocksdb/util/env_posix.cc:227): /home/yugabyte/yb_data/data/yb-data/tserver/data/rocksdb/table-000040000000300080000000000040c5/tablet-fcb0702b9e6b4092a183bbd549506bdc: No such file or directory
E1221 21:08:49.383388    99 tablet_metadata.cc:388] Failed to destroy regular DB at: /home/yugabyte/yb_data/data/yb-data/tserver/data/rocksdb/table-000040000000300080000000000040c5/tablet-fcb0702b9e6b4092a183bbd549506bdc: IO error (yb/rocksdb/util/env_posix.cc:319): /home/yugabyte/yb_data/data/yb-data/tserver/data/rocksdb/table-000040000000300080000000000040c5/tablet-fcb0702b9e6b4092a183bbd549506bdc/LOCK: No such file or directory
W1221 21:08:49.486403   154 log_util.cc:221] Could not read footer for segment: /home/yugabyte/yb_data/data/yb-data/tserver/wals/table-71d816317ae94f839f9ff50e74727b9a/tablet-dfc5fb3335924f628b674959bae6229d/wal-000000001: Not found (yb/consensus/log_util.cc:463): Footer not found. Footer magic doesn't match
W1221 21:08:49.490975   154 log_reader.cc:188] T dfc5fb3335924f628b674959bae6229d P 0002331a981242cbbb199827b5bb183f: Log segment /home/yugabyte/yb_data/data/yb-data/tserver/wals/table-71d816317ae94f839f9ff50e74727b9a/tablet-dfc5fb3335924f628b674959bae6229d/wal-000000001 was likely left in-progress after a previous crash. Will try to rebuild footer by scanning data.
W1221 21:08:49.543367   155 env.h:611] Failed to pre-allocate space for a file: IO error (yb/rocksdb/util/io_posix.cc:481): /home/yugabyte/yb_data/data/yb-data/tserver/data/rocksdb/table-000040000000300080000000000042d7/tablet-00c7030d7ae94c2b9ca7e9ddde4dec68/MANIFEST-000005: Operation not supported
W1221 21:08:49.700423   155 env.h:611] Failed to pre-allocate space for a file: IO error (yb/rocksdb/util/io_posix.cc:481): /home/yugabyte/yb_data/data/yb-data/tserver/data/rocksdb/table-000040000000300080000000000042d7/tablet-00c7030d7ae94c2b9ca7e9ddde4dec68.intents/MANIFEST-000005: Operation not supported
W1221 21:08:49.848186   155 log_util.cc:221] Could not read footer for segment: /home/yugabyte/yb_data/data/yb-data/tserver/wals/table-000040000000300080000000000042d7/tablet-00c7030d7ae94c2b9ca7e9ddde4dec68/wal-000000001: Not found (yb/consensus/log_util.cc:463): Footer not found. Footer magic doesn't match
W1221 21:08:49.855706   155 log_reader.cc:188] T 00c7030d7ae94c2b9ca7e9ddde4dec68 P 0002331a981242cbbb199827b5bb183f: Log segment /home/yugabyte/yb_data/data/yb-data/tserver/wals/table-000040000000300080000000000042d7/tablet-00c7030d7ae94c2b9ca7e9ddde4dec68/wal-000000001 was likely left in-progress after a previous crash. Will try to rebuild footer by scanning data.
W1221 21:08:49.994329    99 pg_wrapper.cc:640] Killing older postgres process: 185
W1221 21:08:50.199132   154 env.h:611] Failed to pre-allocate space for a file: IO error (yb/rocksdb/util/io_posix.cc:481): /home/yugabyte/yb_data/data/yb-data/tserver/data/rocksdb/table-0000400000003000800000000000428d/tablet-03e6adcbaa784ef5bf558e9b75185c87/MANIFEST-000005: Operation not supported
W1221 21:08:50.379873   154 env.h:611] Failed to pre-allocate space for a file: IO error (yb/rocksdb/util/io_posix.cc:481): /home/yugabyte/yb_data/data/yb-data/tserver/data/rocksdb/table-0000400000003000800000000000428d/tablet-03e6adcbaa784ef5bf558e9b75185c87.intents/MANIFEST-000005: Operation not supported
W1221 21:08:50.404233   155 env.h:611] Failed to pre-allocate space for a file: IO error (yb/rocksdb/util/io_posix.cc:481): /home/yugabyte/yb_data/data/yb-data/tserver/data/rocksdb/table-000040000000300080000000000042c0/tablet-068b4b2c227143c085e8b77fd71a44e4/MANIFEST-000005: Operation not supported
W1221 21:08:50.548136   154 log_util.cc:221] Could not read footer for segment: /home/yugabyte/yb_data/data/yb-data/tserver/wals/table-0000400000003000800000000000428d/tablet-03e6adcbaa784ef5bf558e9b75185c87/wal-000000001: Not found (yb/consensus/log_util.cc:463): Footer not found. Footer magic doesn't match
W1221 21:08:50.561599   154 log_reader.cc:188] T 03e6adcbaa784ef5bf558e9b75185c87 P 0002331a981242cbbb199827b5bb183f: Log segment /home/yugabyte/yb_data/data/yb-data/tserver/wals/table-0000400000003000800000000000428d/tablet-03e6adcbaa784ef5bf558e9b75185c87/wal-000000001 was likely left in-progress after a previous crash. Will try to rebuild footer by scanning data.
W1221 21:08:50.663513   155 env.h:611] Failed to pre-allocate space for a file: IO error (yb/rocksdb/util/io_posix.cc:481): /home/yugabyte/yb_data/data/yb-data/tserver/data/rocksdb/table-000040000000300080000000000042c0/tablet-068b4b2c227143c085e8b77fd71a44e4.intents/MANIFEST-000005: Operation not supported
W1221 21:08:50.832348   155 log_util.cc:221] Could not read footer for segment: /home/yugabyte/yb_data/data/yb-data/tserver/wals/table-000040000000300080000000000042c0/tablet-068b4b2c227143c085e8b77fd71a44e4/wal-000000001: Not found (yb/consensus/log_util.cc:463): Footer not found. Footer magic doesn't match
W1221 21:08:50.846096   155 log_reader.cc:188] T 068b4b2c227143c085e8b77fd71a44e4 P 0002331a981242cbbb199827b5bb183f: Log segment /home/yugabyte/yb_data/data/yb-data/tserver/wals/table-000040000000300080000000000042c0/tablet-068b4b2c227143c085e8b77fd71a44e4/wal-000000001 was likely left in-progress after a previous crash. Will try to rebuild footer by scanning data.
W1221 21:08:51.153961   154 env.h:611] Failed to pre-allocate space for a file: IO error (yb/rocksdb/util/io_posix.cc:481): /home/yugabyte/yb_data/data/yb-data/tserver/data/rocksdb/table-000040000000300080000000000043ab/tablet-092758f4dbf24f8598d308eed9d23104/MANIFEST-000005: Operation not supported
W1221 21:08:51.386790   154 env.h:611] Failed to pre-allocate space for a file: IO error (yb/rocksdb/util/io_posix.cc:481): /home/yugabyte/yb_data/data/yb-data/tserver/data/rocksdb/table-000040000000300080000000000043ab/tablet-092758f4dbf24f8598d308eed9d23104.intents/MANIFEST-000005: Operation not supported
W1221 21:08:51.424515   155 env.h:611] Failed to pre-allocate space for a file: IO error (yb/rocksdb/util/io_posix.cc:481): /home/yugabyte/yb_data/data/yb-data/tserver/data/rocksdb/table-000040000000300080000000000042e6/tablet-0f2be33b30fe41dabda96f36fa774728/MANIFEST-000005: Operation not supported
W1221 21:08:51.563879   154 log_util.cc:221] Could not read footer for segment: /home/yugabyte/yb_data/data/yb-data/tserver/wals/table-000040000000300080000000000043ab/tablet-092758f4dbf24f8598d308eed9d23104/wal-000000001: Not found (yb/consensus/log_util.cc:463): Footer not found. Footer magic doesn't match
W1221 21:08:51.567232   154 log_reader.cc:188] T 092758f4dbf24f8598d308eed9d23104 P 0002331a981242cbbb199827b5bb183f: Log segment /home/yugabyte/yb_data/data/yb-data/tserver/wals/table-000040000000300080000000000043ab/tablet-092758f4dbf24f8598d308eed9d23104/wal-000000001 was likely left in-progress after a previous crash. Will try to rebuild footer by scanning data.
W1221 21:08:51.661303   155 env.h:611] Failed to pre-allocate space for a file: IO error (yb/rocksdb/util/io_posix.cc:481): /home/yugabyte/yb_data/data/yb-data/tserver/data/rocksdb/table-000040000000300080000000000042e6/tablet-0f2be33b30fe41dabda96f36fa774728.intents/MANIFEST-000005: Operation not supported
W1221 21:08:51.680364    99 pg_wrapper.cc:303] No hba configuration lines found, defaulting to trust all configuration.
W1221 21:08:51.826778   155 log_util.cc:221] Could not read footer for segment: /home/yugabyte/yb_data/data/yb-data/tserver/wals/table-000040000000300080000000000042e6/tablet-0f2be33b30fe41dabda96f36fa774728/wal-000000001: Not found (yb/consensus/log_util.cc:463): Footer not found. Footer magic doesn't match
W1221 21:08:51.844996   155 log_reader.cc:188] T 0f2be33b30fe41dabda96f36fa774728 P 0002331a981242cbbb199827b5bb183f: Log segment /home/yugabyte/yb_data/data/yb-data/tserver/wals/table-000040000000300080000000000042e6/tablet-0f2be33b30fe41dabda96f36fa774728/wal-000000001 was likely left in-progress after a previous crash. Will try to rebuild footer by scanning data.
W1221 21:08:52.234689   154 env.h:611] Failed to pre-allocate space for a file: IO error (yb/rocksdb/util/io_posix.cc:481): /home/yugabyte/yb_data/data/yb-data/tserver/data/rocksdb/table-000040000000300080000000000042f4/tablet-0f5d8befb4684f22afed11691ec5e0d1/MANIFEST-000005: Operation not supported
W1221 21:08:52.449954   154 env.h:611] Failed to pre-allocate space for a file: IO error (yb/rocksdb/util/io_posix.cc:481): /home/yugabyte/yb_data/data/yb-data/tserver/data/rocksdb/table-000040000000300080000000000042f4/tablet-0f5d8befb4684f22afed11691ec5e0d1.intents/MANIFEST-000005: Operation not supported
W1221 21:08:52.524780   155 env.h:611] Failed to pre-allocate space for a file: IO error (yb/rocksdb/util/io_posix.cc:481): /home/yugabyte/yb_data/data/yb-data/tserver/data/rocksdb/table-0000400000003000800000000000429b/tablet-0f8ca4ca3126439c9331ff9138a1fead/MANIFEST-000005: Operation not supported
W1221 21:08:52.578418   154 log_util.cc:221] Could not read footer for segment: /home/yugabyte/yb_data/data/yb-data/tserver/wals/table-000040000000300080000000000042f4/tablet-0f5d8befb4684f22afed11691ec5e0d1/wal-000000001: Not found (yb/consensus/log_util.cc:463): Footer not found. Footer magic doesn't match
W1221 21:08:52.581856   154 log_reader.cc:188] T 0f5d8befb4684f22afed11691ec5e0d1 P 0002331a981242cbbb199827b5bb183f: Log segment /home/yugabyte/yb_data/data/yb-data/tserver/wals/table-000040000000300080000000000042f4/tablet-0f5d8befb4684f22afed11691ec5e0d1/wal-000000001 was likely left in-progress after a previous crash. Will try to rebuild footer by scanning data.
W1221 21:08:52.730912   155 env.h:611] Failed to pre-allocate space for a file: IO error (yb/rocksdb/util/io_posix.cc:481): /home/yugabyte/yb_data/data/yb-data/tserver/data/rocksdb/table-0000400000003000800000000000429b/tablet-0f8ca4ca3126439c9331ff9138a1fead.intents/MANIFEST-000005: Operation not supported
W1221 21:08:52.900929   155 log_util.cc:221] Could not read footer for segment: /home/yugabyte/yb_data/data/yb-data/tserver/wals/table-0000400000003000800000000000429b/tablet-0f8ca4ca3126439c9331ff9138a1fead/wal-000000001: Not found (yb/consensus/log_util.cc:463): Footer not found. Footer magic doesn't match
W1221 21:08:52.904070   155 log_reader.cc:188] T 0f8ca4ca3126439c9331ff9138a1fead P 0002331a981242cbbb199827b5bb183f: Log segment /home/yugabyte/yb_data/data/yb-data/tserver/wals/table-0000400000003000800000000000429b/tablet-0f8ca4ca3126439c9331ff9138a1fead/wal-000000001 was likely left in-progress after a previous crash. Will try to rebuild footer by scanning data.
W1221 21:08:53.320644   154 env.h:611] Failed to pre-allocate space for a file: IO error (yb/rocksdb/util/io_posix.cc:481): /home/yugabyte/yb_data/data/yb-data/tserver/data/rocksdb/table-0000400000003000800000000000422d/tablet-109a2a87c4f04de8af9a080103523b29/MANIFEST-000005: Operation not supported
W1221 21:08:53.622939   154 env.h:611] Failed to pre-allocate space for a file: IO error (yb/rocksdb/util/io_posix.cc:481): /home/yugabyte/yb_data/data/yb-data/tserver/data/rocksdb/table-0000400000003000800000000000422d/tablet-109a2a87c4f04de8af9a080103523b29.intents/MANIFEST-000005: Operation not supported
W1221 21:08:53.720369   155 env.h:611] Failed to pre-allocate space for a file: IO error (yb/rocksdb/util/io_posix.cc:481): /home/yugabyte/yb_data/data/yb-data/tserver/data/rocksdb/table-000040000000300080000000000042d2/tablet-1208bb52275d4dc1835f8efbd9c02805/MANIFEST-000005: Operation not supported
W1221 21:08:53.845834   154 log_util.cc:221] Could not read footer for segment: /home/yugabyte/yb_data/data/yb-data/tserver/wals/table-0000400000003000800000000000422d/tablet-109a2a87c4f04de8af9a080103523b29/wal-000000001: Not found (yb/consensus/log_util.cc:463): Footer not found. Footer magic doesn't match
W1221 21:08:53.854660   154 log_reader.cc:188] T 109a2a87c4f04de8af9a080103523b29 P 0002331a981242cbbb199827b5bb183f: Log segment /home/yugabyte/yb_data/data/yb-data/tserver/wals/table-0000400000003000800000000000422d/tablet-109a2a87c4f04de8af9a080103523b29/wal-000000001 was likely left in-progress after a previous crash. Will try to rebuild footer by scanning data.
W1221 21:08:53.956899   155 env.h:611] Failed to pre-allocate space for a file: IO error (yb/rocksdb/util/io_posix.cc:481): /home/yugabyte/yb_data/data/yb-data/tserver/data/rocksdb/table-000040000000300080000000000042d2/tablet-1208bb52275d4dc1835f8efbd9c02805.intents/MANIFEST-000005: Operation not supported
W1221 21:08:54.055917   155 log_util.cc:221] Could not read footer for segment: /home/yugabyte/yb_data/data/yb-data/tserver/wals/table-000040000000300080000000000042d2/tablet-1208bb52275d4dc1835f8efbd9c02805/wal-000000001: Not found (yb/consensus/log_util.cc:463): Footer not found. Footer magic doesn't match
W1221 21:08:54.057422   155 log_reader.cc:188] T 1208bb52275d4dc1835f8efbd9c02805 P 0002331a981242cbbb199827b5bb183f: Log segment /home/yugabyte/yb_data/data/yb-data/tserver/wals/table-000040000000300080000000000042d2/tablet-1208bb52275d4dc1835f8efbd9c02805/wal-000000001 was likely left in-progress after a previous crash. Will try to rebuild footer by scanning data.
W1221 21:08:54.386951   154 env.h:611] Failed to pre-allocate space for a file: IO error (yb/rocksdb/util/io_posix.cc:481): /home/yugabyte/yb_data/data/yb-data/tserver/data/rocksdb/table-0000400000003000800000000000415a/tablet-12633144729f458690584e5016b557f2/MANIFEST-000005: Operation not supported
W1221 21:08:54.512037   154 env.h:611] Failed to pre-allocate space for a file: IO error (yb/rocksdb/util/io_posix.cc:481): /home/yugabyte/yb_data/data/yb-data/tserver/data/rocksdb/table-0000400000003000800000000000415a/tablet-12633144729f458690584e5016b557f2.intents/MANIFEST-000005: Operation not supported
W1221 21:08:54.548768   155 env.h:611] Failed to pre-allocate space for a file: IO error (yb/rocksdb/util/io_posix.cc:481): /home/yugabyte/yb_data/data/yb-data/tserver/data/rocksdb/table-000040000000300080000000000042d4/tablet-12a68ad2aec547299d226faf9ac1050e/MANIFEST-000005: Operation not supported
W1221 21:08:54.665545   154 log_util.cc:221] Could not read footer for segment: /home/yugabyte/yb_data/data/yb-data/tserver/wals/table-0000400000003000800000000000415a/tablet-12633144729f458690584e5016b557f2/wal-000000001: Not found (yb/consensus/log_util.cc:463): Footer not found. Footer magic doesn't match
W1221 21:08:54.672410   154 log_reader.cc:188] T 12633144729f458690584e5016b557f2 P 0002331a981242cbbb199827b5bb183f: Log segment /home/yugabyte/yb_data/data/yb-data/tserver/wals/table-0000400000003000800000000000415a/tablet-12633144729f458690584e5016b557f2/wal-000000001 was likely left in-progress after a previous crash. Will try to rebuild footer by scanning data.
W1221 21:08:54.713261   155 env.h:611] Failed to pre-allocate space for a file: IO error (yb/rocksdb/util/io_posix.cc:481): /home/yugabyte/yb_data/data/yb-data/tserver/data/rocksdb/table-000040000000300080000000000042d4/tablet-12a68ad2aec547299d226faf9ac1050e.intents/MANIFEST-000005: Operation not supported
W1221 21:08:54.867858   155 log_util.cc:221] Could not read footer for segment: /home/yugabyte/yb_data/data/yb-data/tserver/wals/table-000040000000300080000000000042d4/tablet-12a68ad2aec547299d226faf9ac1050e/wal-000000001: Not found (yb/consensus/log_util.cc:463): Footer not found. Footer magic doesn't match
W1221 21:08:54.869916   155 log_reader.cc:188] T 12a68ad2aec547299d226faf9ac1050e P 0002331a981242cbbb199827b5bb183f: Log segment /home/yugabyte/yb_data/data/yb-data/tserver/wals/table-000040000000300080000000000042d4/tablet-12a68ad2aec547299d226faf9ac1050e/wal-000000001 was likely left in-progress after a previous crash. Will try to rebuild footer by scanning data.
W1221 21:08:55.112766   154 env.h:611] Failed to pre-allocate space for a file: IO error (yb/rocksdb/util/io_posix.cc:481): /home/yugabyte/yb_data/data/yb-data/tserver/data/rocksdb/table-0000400000003000800000000000413d/tablet-1324c8d590524af7838f2fb70c4e9490/MANIFEST-000005: Operation not supported
W1221 21:08:55.281169   155 env.h:611] Failed to pre-allocate space for a file: IO error (yb/rocksdb/util/io_posix.cc:481): /home/yugabyte/yb_data/data/yb-data/tserver/data/rocksdb/table-00004000000030008000000000004295/tablet-15dfa9c94bd146e0bf9240dd82ddfc6b/MANIFEST-000005: Operation not supported
W1221 21:08:55.334091   154 env.h:611] Failed to pre-allocate space for a file: IO error (yb/rocksdb/util/io_posix.cc:481): /home/yugabyte/yb_data/data/yb-data/tserver/data/rocksdb/table-0000400000003000800000000000413d/tablet-1324c8d590524af7838f2fb70c4e9490.intents/MANIFEST-000005: Operation not supported
W1221 21:08:55.484190   155 env.h:611] Failed to pre-allocate space for a file: IO error (yb/rocksdb/util/io_posix.cc:481): /home/yugabyte/yb_data/data/yb-data/tserver/data/rocksdb/table-00004000000030008000000000004295/tablet-15dfa9c94bd146e0bf9240dd82ddfc6b.intents/MANIFEST-000005: Operation not supported
W1221 21:08:55.519992   154 log_util.cc:221] Could not read footer for segment: /home/yugabyte/yb_data/data/yb-data/tserver/wals/table-0000400000003000800000000000413d/tablet-1324c8d590524af7838f2fb70c4e9490/wal-000000001: Not found (yb/consensus/log_util.cc:463): Footer not found. Footer magic doesn't match
W1221 21:08:55.522593   154 log_reader.cc:188] T 1324c8d590524af7838f2fb70c4e9490 P 0002331a981242cbbb199827b5bb183f: Log segment /home/yugabyte/yb_data/data/yb-data/tserver/wals/table-0000400000003000800000000000413d/tablet-1324c8d590524af7838f2fb70c4e9490/wal-000000001 was likely left in-progress after a previous crash. Will try to rebuild footer by scanning data.
W1221 21:08:55.657006   155 log_util.cc:221] Could not read footer for segment: /home/yugabyte/yb_data/data/yb-data/tserver/wals/table-00004000000030008000000000004295/tablet-15dfa9c94bd146e0bf9240dd82ddfc6b/wal-000000001: Not found (yb/consensus/log_util.cc:463): Footer not found. Footer magic doesn't match
W1221 21:08:55.659513   155 log_reader.cc:188] T 15dfa9c94bd146e0bf9240dd82ddfc6b P 0002331a981242cbbb199827b5bb183f: Log segment /home/yugabyte/yb_data/data/yb-data/tserver/wals/table-00004000000030008000000000004295/tablet-15dfa9c94bd146e0bf9240dd82ddfc6b/wal-000000001 was likely left in-progress after a previous crash. Will try to rebuild footer by scanning data.
W1221 21:08:55.968873   154 env.h:611] Failed to pre-allocate space for a file: IO error (yb/rocksdb/util/io_posix.cc:481): /home/yugabyte/yb_data/data/yb-data/tserver/data/rocksdb/table-000040000000300080000000000042ea/tablet-1655df121dfa4197ad6f583bb0fb20ab/MANIFEST-000005: Operation not supported
W1221 21:08:56.019589   155 env.h:611] Failed to pre-allocate space for a file: IO error (yb/rocksdb/util/io_posix.cc:481): /home/yugabyte/yb_data/data/yb-data/tserver/data/rocksdb/table-00004000000030008000000000004199/tablet-16aebd1fcfd74ba694cfa5cf72d2f2be/MANIFEST-000005: Operation not supported
W1221 21:08:56.071084   154 env.h:611] Failed to pre-allocate space for a file: IO error (yb/rocksdb/util/io_posix.cc:481): /home/yugabyte/yb_data/data/yb-data/tserver/data/rocksdb/table-000040000000300080000000000042ea/tablet-1655df121dfa4197ad6f583bb0fb20ab.intents/MANIFEST-000005: Operation not supported
W1221 21:08:56.121084   155 env.h:611] Failed to pre-allocate space for a file: IO error (yb/rocksdb/util/io_posix.cc:481): /home/yugabyte/yb_data/data/yb-data/tserver/data/rocksdb/table-00004000000030008000000000004199/tablet-16aebd1fcfd74ba694cfa5cf72d2f2be.intents/MANIFEST-000005: Operation not supported
W1221 21:08:56.150477   154 log_util.cc:221] Could not read footer for segment: /home/yugabyte/yb_data/data/yb-data/tserver/wals/table-000040000000300080000000000042ea/tablet-1655df121dfa4197ad6f583bb0fb20ab/wal-000000001: Not found (yb/consensus/log_util.cc:463): Footer not found. Footer magic doesn't match
W1221 21:08:56.152108   154 log_reader.cc:188] T 1655df121dfa4197ad6f583bb0fb20ab P 0002331a981242cbbb199827b5bb183f: Log segment /home/yugabyte/yb_data/data/yb-data/tserver/wals/table-000040000000300080000000000042ea/tablet-1655df121dfa4197ad6f583bb0fb20ab/wal-000000001 was likely left in-progress after a previous crash. Will try to rebuild footer by scanning data.
W1221 21:08:56.205102   155 log_util.cc:221] Could not read footer for segment: /home/yugabyte/yb_data/data/yb-data/tserver/wals/table-00004000000030008000000000004199/tablet-16aebd1fcfd74ba694cfa5cf72d2f2be/wal-000000001: Not found (yb/consensus/log_util.cc:463): Footer not found. Footer magic doesn't match
W1221 21:08:56.206413   155 log_reader.cc:188] T 16aebd1fcfd74ba694cfa5cf72d2f2be P 0002331a981242cbbb199827b5bb183f: Log segment /home/yugabyte/yb_data/data/yb-data/tserver/wals/table-00004000000030008000000000004199/tablet-16aebd1fcfd74ba694cfa5cf72d2f2be/wal-000000001 was likely left in-progress after a previous crash. Will try to rebuild footer by scanning data.
W1221 21:08:56.856529   154 env.h:611] Failed to pre-allocate space for a file: IO error (yb/rocksdb/util/io_posix.cc:481): /home/yugabyte/yb_data/data/yb-data/tserver/data/rocksdb/table-000040000000300080000000000042e8/tablet-16e5fc0eba2d4fd9801719fe5c3bde05/MANIFEST-000005: Operation not supported
W1221 21:08:56.883127   155 env.h:611] Failed to pre-allocate space for a file: IO error (yb/rocksdb/util/io_posix.cc:481): /home/yugabyte/yb_data/data/yb-data/tserver/data/rocksdb/table-000040000000300080000000000042dd/tablet-1715dd4145274f278df525f5c318abc4/MANIFEST-000005: Operation not supported
W1221 21:08:56.978579   154 env.h:611] Failed to pre-allocate space for a file: IO error (yb/rocksdb/util/io_posix.cc:481): /home/yugabyte/yb_data/data/yb-data/tserver/data/rocksdb/table-000040000000300080000000000042e8/tablet-16e5fc0eba2d4fd9801719fe5c3bde05.intents/MANIFEST-000005: Operation not supported
W1221 21:08:57.003196   155 env.h:611] Failed to pre-allocate space for a file: IO error (yb/rocksdb/util/io_posix.cc:481): /home/yugabyte/yb_data/data/yb-data/tserver/data/rocksdb/table-000040000000300080000000000042dd/tablet-1715dd4145274f278df525f5c318abc4.intents/MANIFEST-000005: Operation not supported
W1221 21:08:57.088060   154 log_util.cc:221] Could not read footer for segment: /home/yugabyte/yb_data/data/yb-data/tserver/wals/table-000040000000300080000000000042e8/tablet-16e5fc0eba2d4fd9801719fe5c3bde05/wal-000000001: Not found (yb/consensus/log_util.cc:463): Footer not found. Footer magic doesn't match
W1221 21:08:57.100435   154 log_reader.cc:188] T 16e5fc0eba2d4fd9801719fe5c3bde05 P 0002331a981242cbbb199827b5bb183f: Log segment /home/yugabyte/yb_data/data/yb-data/tserver/wals/table-000040000000300080000000000042e8/tablet-16e5fc0eba2d4fd9801719fe5c3bde05/wal-000000001 was likely left in-progress after a previous crash. Will try to rebuild footer by scanning data.
W1221 21:08:57.153084   155 log_util.cc:221] Could not read footer for segment: /home/yugabyte/yb_data/data/yb-data/tserver/wals/table-000040000000300080000000000042dd/tablet-1715dd4145274f278df525f5c318abc4/wal-000000001: Not found (yb/consensus/log_util.cc:463): Footer not found. Footer magic doesn't match
W1221 21:08:57.160976   155 log_reader.cc:188] T 1715dd4145274f278df525f5c318abc4 P 0002331a981242cbbb199827b5bb183f: Log segment /home/yugabyte/yb_data/data/yb-data/tserver/wals/table-000040000000300080000000000042dd/tablet-1715dd4145274f278df525f5c318abc4/wal-000000001 was likely left in-progress after a previous crash. Will try to rebuild footer by scanning data.
W1221 21:08:57.654783   154 env.h:611] Failed to pre-allocate space for a file: IO error (yb/rocksdb/util/io_posix.cc:481): /home/yugabyte/yb_data/data/yb-data/tserver/data/rocksdb/table-000040000000300080000000000040f2/tablet-186c962871ac49f79a920a9f70473e11/MANIFEST-000005: Operation not supported
W1221 21:08:57.852941   155 env.h:611] Failed to pre-allocate space for a file: IO error (yb/rocksdb/util/io_posix.cc:481): /home/yugabyte/yb_data/data/yb-data/tserver/data/rocksdb/table-000040000000300080000000000042d6/tablet-1d6aa1e468f748cdae27f08c4f617c7c/MANIFEST-000005: Operation not supported
W1221 21:08:57.989411   154 env.h:611] Failed to pre-allocate space for a file: IO error (yb/rocksdb/util/io_posix.cc:481): /home/yugabyte/yb_data/data/yb-data/tserver/data/rocksdb/table-000040000000300080000000000040f2/tablet-186c962871ac49f79a920a9f70473e11.intents/MANIFEST-000005: Operation not supported
W1221 21:08:58.064081   155 env.h:611] Failed to pre-allocate space for a file: IO error (yb/rocksdb/util/io_posix.cc:481): /home/yugabyte/yb_data/data/yb-data/tserver/data/rocksdb/table-000040000000300080000000000042d6/tablet-1d6aa1e468f748cdae27f08c4f617c7c.intents/MANIFEST-000005: Operation not supported
W1221 21:08:58.143812   154 log_util.cc:221] Could not read footer for segment: /home/yugabyte/yb_data/data/yb-data/tserver/wals/table-000040000000300080000000000040f2/tablet-186c962871ac49f79a920a9f70473e11/wal-000000001: Not found (yb/consensus/log_util.cc:463): Footer not found. Footer magic doesn't match
W1221 21:08:58.146299   154 log_reader.cc:188] T 186c962871ac49f79a920a9f70473e11 P 0002331a981242cbbb199827b5bb183f: Log segment /home/yugabyte/yb_data/data/yb-data/tserver/wals/table-000040000000300080000000000040f2/tablet-186c962871ac49f79a920a9f70473e11/wal-000000001 was likely left in-progress after a previous crash. Will try to rebuild footer by scanning data.
W1221 21:08:58.227433   155 log_util.cc:221] Could not read footer for segment: /home/yugabyte/yb_data/data/yb-data/tserver/wals/table-000040000000300080000000000042d6/tablet-1d6aa1e468f748cdae27f08c4f617c7c/wal-000000001: Not found (yb/consensus/log_util.cc:463): Footer not found. Footer magic doesn't match
W1221 21:08:58.229770   155 log_reader.cc:188] T 1d6aa1e468f748cdae27f08c4f617c7c P 0002331a981242cbbb199827b5bb183f: Log segment /home/yugabyte/yb_data/data/yb-data/tserver/wals/table-000040000000300080000000000042d6/tablet-1d6aa1e468f748cdae27f08c4f617c7c/wal-000000001 was likely left in-progress after a previous crash. Will try to rebuild footer by scanning data.
W1221 21:08:58.903581   154 ts_tablet_manager.cc:1425] T 186c962871ac49f79a920a9f70473e11 P 0002331a981242cbbb199827b5bb183f: Tablet startup took 635ms
W1221 21:08:58.991081   154 env.h:611] Failed to pre-allocate space for a file: IO error (yb/rocksdb/util/io_posix.cc:481): /home/yugabyte/yb_data/data/yb-data/tserver/data/rocksdb/table-0000400000003000800000000000423a/tablet-1dd45dfab86342dab11d54c5bc09729b/MANIFEST-000005: Operation not supported
W1221 21:08:59.057899   155 env.h:611] Failed to pre-allocate space for a file: IO error (yb/rocksdb/util/io_posix.cc:481): /home/yugabyte/yb_data/data/yb-data/tserver/data/rocksdb/table-000040000000300080000000000042ab/tablet-1e89f6de21f54c8aa27b444ba1e1d970/MANIFEST-000005: Operation not supported
W1221 21:08:59.134487   154 env.h:611] Failed to pre-allocate space for a file: IO error (yb/rocksdb/util/io_posix.cc:481): /home/yugabyte/yb_data/data/yb-data/tserver/data/rocksdb/table-0000400000003000800000000000423a/tablet-1dd45dfab86342dab11d54c5bc09729b.intents/MANIFEST-000005: Operation not supported
W1221 21:08:59.191288   155 env.h:611] Failed to pre-allocate space for a file: IO error (yb/rocksdb/util/io_posix.cc:481): /home/yugabyte/yb_data/data/yb-data/tserver/data/rocksdb/table-000040000000300080000000000042ab/tablet-1e89f6de21f54c8aa27b444ba1e1d970.intents/MANIFEST-000005: Operation not supported
W1221 21:08:59.214476   154 log_util.cc:221] Could not read footer for segment: /home/yugabyte/yb_data/data/yb-data/tserver/wals/table-0000400000003000800000000000423a/tablet-1dd45dfab86342dab11d54c5bc09729b/wal-000000001: Not found (yb/consensus/log_util.cc:463): Footer not found. Footer magic doesn't match
W1221 21:08:59.217929   154 log_reader.cc:188] T 1dd45dfab86342dab11d54c5bc09729b P 0002331a981242cbbb199827b5bb183f: Log segment /home/yugabyte/yb_data/data/yb-data/tserver/wals/table-0000400000003000800000000000423a/tablet-1dd45dfab86342dab11d54c5bc09729b/wal-000000001 was likely left in-progress after a previous crash. Will try to rebuild footer by scanning data.
W1221 21:08:59.281375   155 log_util.cc:221] Could not read footer for segment: /home/yugabyte/yb_data/data/yb-data/tserver/wals/table-000040000000300080000000000042ab/tablet-1e89f6de21f54c8aa27b444ba1e1d970/wal-000000001: Not found (yb/consensus/log_util.cc:463): Footer not found. Footer magic doesn't match
W1221 21:08:59.283774   155 log_reader.cc:188] T 1e89f6de21f54c8aa27b444ba1e1d970 P 0002331a981242cbbb199827b5bb183f: Log segment /home/yugabyte/yb_data/data/yb-data/tserver/wals/table-000040000000300080000000000042ab/tablet-1e89f6de21f54c8aa27b444ba1e1d970/wal-000000001 was likely left in-progress after a previous crash. Will try to rebuild footer by scanning data.
W1221 21:08:59.634999   154 env.h:611] Failed to pre-allocate space for a file: IO error (yb/rocksdb/util/io_posix.cc:481): /home/yugabyte/yb_data/data/yb-data/tserver/data/rocksdb/table-000040000000300080000000000042e0/tablet-22d6de5a91d34273a06eb3cc7b54c99a/MANIFEST-000005: Operation not supported
W1221 21:08:59.687163   155 env.h:611] Failed to pre-allocate space for a file: IO error (yb/rocksdb/util/io_posix.cc:481): /home/yugabyte/yb_data/data/yb-data/tserver/data/rocksdb/table-000040000000300080000000000042ec/tablet-24ead2fc098d49d18d313c19056c4e55/MANIFEST-000005: Operation not supported
W1221 21:08:59.753979   154 env.h:611] Failed to pre-allocate space for a file: IO error (yb/rocksdb/util/io_posix.cc:481): /home/yugabyte/yb_data/data/yb-data/tserver/data/rocksdb/table-000040000000300080000000000042e0/tablet-22d6de5a91d34273a06eb3cc7b54c99a.intents/MANIFEST-000005: Operation not supported
W1221 21:08:59.816174   155 env.h:611] Failed to pre-allocate space for a file: IO error (yb/rocksdb/util/io_posix.cc:481): /home/yugabyte/yb_data/data/yb-data/tserver/data/rocksdb/table-000040000000300080000000000042ec/tablet-24ead2fc098d49d18d313c19056c4e55.intents/MANIFEST-000005: Operation not supported
W1221 21:08:59.878783   154 log_util.cc:221] Could not read footer for segment: /home/yugabyte/yb_data/data/yb-data/tserver/wals/table-000040000000300080000000000042e0/tablet-22d6de5a91d34273a06eb3cc7b54c99a/wal-000000001: Not found (yb/consensus/log_util.cc:463): Footer not found. Footer magic doesn't match
W1221 21:08:59.881318   154 log_reader.cc:188] T 22d6de5a91d34273a06eb3cc7b54c99a P 0002331a981242cbbb199827b5bb183f: Log segment /home/yugabyte/yb_data/data/yb-data/tserver/wals/table-000040000000300080000000000042e0/tablet-22d6de5a91d34273a06eb3cc7b54c99a/wal-000000001 was likely left in-progress after a previous crash. Will try to rebuild footer by scanning data.
W1221 21:08:59.944911   155 log_util.cc:221] Could not read footer for segment: /home/yugabyte/yb_data/data/yb-data/tserver/wals/table-000040000000300080000000000042ec/tablet-24ead2fc098d49d18d313c19056c4e55/wal-000000001: Not found (yb/consensus/log_util.cc:463): Footer not found. Footer magic doesn't match
W1221 21:08:59.948978   155 log_reader.cc:188] T 24ead2fc098d49d18d313c19056c4e55 P 0002331a981242cbbb199827b5bb183f: Log segment /home/yugabyte/yb_data/data/yb-data/tserver/wals/table-000040000000300080000000000042ec/tablet-24ead2fc098d49d18d313c19056c4e55/wal-000000001 was likely left in-progress after a previous crash. Will try to rebuild footer by scanning data.
W1221 21:09:00.236637   154 env.h:611] Failed to pre-allocate space for a file: IO error (yb/rocksdb/util/io_posix.cc:481): /home/yugabyte/yb_data/data/yb-data/tserver/data/rocksdb/table-000040000000300080000000000043fd/tablet-25b8968e1dfb4ff19c89eb0b6deacd66/MANIFEST-000005: Operation not supported
W1221 21:09:00.331236   155 env.h:611] Failed to pre-allocate space for a file: IO error (yb/rocksdb/util/io_posix.cc:481): /home/yugabyte/yb_data/data/yb-data/tserver/data/rocksdb/table-00004000000030008000000000004149/tablet-277b1b9003a5400f81f607a8a0ea7d73/MANIFEST-000005: Operation not supported
W1221 21:09:00.359454   154 env.h:611] Failed to pre-allocate space for a file: IO error (yb/rocksdb/util/io_posix.cc:481): /home/yugabyte/yb_data/data/yb-data/tserver/data/rocksdb/table-000040000000300080000000000043fd/tablet-25b8968e1dfb4ff19c89eb0b6deacd66.intents/MANIFEST-000005: Operation not supported
W1221 21:09:00.426337   155 env.h:611] Failed to pre-allocate space for a file: IO error (yb/rocksdb/util/io_posix.cc:481): /home/yugabyte/yb_data/data/yb-data/tserver/data/rocksdb/table-00004000000030008000000000004149/tablet-277b1b9003a5400f81f607a8a0ea7d73.intents/MANIFEST-000005: Operation not supported
W1221 21:09:00.430284   154 log_util.cc:221] Could not read footer for segment: /home/yugabyte/yb_data/data/yb-data/tserver/wals/table-000040000000300080000000000043fd/tablet-25b8968e1dfb4ff19c89eb0b6deacd66/wal-000000001: Not found (yb/consensus/log_util.cc:463): Footer not found. Footer magic doesn't match
W1221 21:09:00.431731   154 log_reader.cc:188] T 25b8968e1dfb4ff19c89eb0b6deacd66 P 0002331a981242cbbb199827b5bb183f: Log segment /home/yugabyte/yb_data/data/yb-data/tserver/wals/table-000040000000300080000000000043fd/tablet-25b8968e1dfb4ff19c89eb0b6deacd66/wal-000000001 was likely left in-progress after a previous crash. Will try to rebuild footer by scanning data.
W1221 21:09:00.553037   155 log_util.cc:221] Could not read footer for segment: /home/yugabyte/yb_data/data/yb-data/tserver/wals/table-00004000000030008000000000004149/tablet-277b1b9003a5400f81f607a8a0ea7d73/wal-000000001: Not found (yb/consensus/log_util.cc:463): Footer not found. Footer magic doesn't match
W1221 21:09:00.557631   155 log_reader.cc:188] T 277b1b9003a5400f81f607a8a0ea7d73 P 0002331a981242cbbb199827b5bb183f: Log segment /home/yugabyte/yb_data/data/yb-data/tserver/wals/table-00004000000030008000000000004149/tablet-277b1b9003a5400f81f607a8a0ea7d73/wal-000000001 was likely left in-progress after a previous crash. Will try to rebuild footer by scanning data.
W1221 21:09:00.788702   154 env.h:611] Failed to pre-allocate space for a file: IO error (yb/rocksdb/util/io_posix.cc:481): /home/yugabyte/yb_data/data/yb-data/tserver/data/rocksdb/table-a617cf88bd4c4d4d9337fd080ef647f6/tablet-29f20dcc078b41f8adf2c8fa6b67ccc2/MANIFEST-000005: Operation not supported
W1221 21:09:00.876232   155 env.h:611] Failed to pre-allocate space for a file: IO error (yb/rocksdb/util/io_posix.cc:481): /home/yugabyte/yb_data/data/yb-data/tserver/data/rocksdb/table-000040000000300080000000000042a7/tablet-2a563504d07b44c987d237e8c81a1b69/MANIFEST-000005: Operation not supported
W1221 21:09:00.940949   154 log_util.cc:221] Could not read footer for segment: /home/yugabyte/yb_data/data/yb-data/tserver/wals/table-a617cf88bd4c4d4d9337fd080ef647f6/tablet-29f20dcc078b41f8adf2c8fa6b67ccc2/wal-000000006: Not found (yb/consensus/log_util.cc:463): Footer not found. Footer magic doesn't match
W1221 21:09:00.945816   154 log_reader.cc:188] T 29f20dcc078b41f8adf2c8fa6b67ccc2 P 0002331a981242cbbb199827b5bb183f: Log segment /home/yugabyte/yb_data/data/yb-data/tserver/wals/table-a617cf88bd4c4d4d9337fd080ef647f6/tablet-29f20dcc078b41f8adf2c8fa6b67ccc2/wal-000000006 was likely left in-progress after a previous crash. Will try to rebuild footer by scanning data.
W1221 21:09:01.047904   155 env.h:611] Failed to pre-allocate space for a file: IO error (yb/rocksdb/util/io_posix.cc:481): /home/yugabyte/yb_data/data/yb-data/tserver/data/rocksdb/table-000040000000300080000000000042a7/tablet-2a563504d07b44c987d237e8c81a1b69.intents/MANIFEST-000005: Operation not supported
W1221 21:09:01.238865   155 log_util.cc:221] Could not read footer for segment: /home/yugabyte/yb_data/data/yb-data/tserver/wals/table-000040000000300080000000000042a7/tablet-2a563504d07b44c987d237e8c81a1b69/wal-000000001: Not found (yb/consensus/log_util.cc:463): Footer not found. Footer magic doesn't match
W1221 21:09:01.245244   155 log_reader.cc:188] T 2a563504d07b44c987d237e8c81a1b69 P 0002331a981242cbbb199827b5bb183f: Log segment /home/yugabyte/yb_data/data/yb-data/tserver/wals/table-000040000000300080000000000042a7/tablet-2a563504d07b44c987d237e8c81a1b69/wal-000000001 was likely left in-progress after a previous crash. Will try to rebuild footer by scanning data.
W1221 21:09:01.807418   113 log.cc:797] Time spent Append to log took a long time: real 0.052s	user 0.000s	sys 0.000s
W1221 21:09:02.189831   155 env.h:611] Failed to pre-allocate space for a file: IO error (yb/rocksdb/util/io_posix.cc:481): /home/yugabyte/yb_data/data/yb-data/tserver/data/rocksdb/table-00004000000030008000000000004163/tablet-2b91c8cc4799469b98601689057da7f6/MANIFEST-000005: Operation not supported
W1221 21:09:02.495698   155 env.h:611] Failed to pre-allocate space for a file: IO error (yb/rocksdb/util/io_posix.cc:481): /home/yugabyte/yb_data/data/yb-data/tserver/data/rocksdb/table-00004000000030008000000000004163/tablet-2b91c8cc4799469b98601689057da7f6.intents/MANIFEST-000005: Operation not supported
W1221 21:09:02.655280   155 log_util.cc:221] Could not read footer for segment: /home/yugabyte/yb_data/data/yb-data/tserver/wals/table-00004000000030008000000000004163/tablet-2b91c8cc4799469b98601689057da7f6/wal-000000001: Not found (yb/consensus/log_util.cc:463): Footer not found. Footer magic doesn't match
W1221 21:09:02.657316   155 log_reader.cc:188] T 2b91c8cc4799469b98601689057da7f6 P 0002331a981242cbbb199827b5bb183f: Log segment /home/yugabyte/yb_data/data/yb-data/tserver/wals/table-00004000000030008000000000004163/tablet-2b91c8cc4799469b98601689057da7f6/wal-000000001 was likely left in-progress after a previous crash. Will try to rebuild footer by scanning data.
W1221 21:09:03.512280   155 ts_tablet_manager.cc:1425] T 2b91c8cc4799469b98601689057da7f6 P 0002331a981242cbbb199827b5bb183f: Tablet startup took 733ms
W1221 21:09:03.577899   155 env.h:611] Failed to pre-allocate space for a file: IO error (yb/rocksdb/util/io_posix.cc:481): /home/yugabyte/yb_data/data/yb-data/tserver/data/rocksdb/table-00004000000030008000000000004101/tablet-33d05ee24a2d45a1b5bf6431661fd5a2/MANIFEST-000005: Operation not supported
W1221 21:09:03.672075   155 env.h:611] Failed to pre-allocate space for a file: IO error (yb/rocksdb/util/io_posix.cc:481): /home/yugabyte/yb_data/data/yb-data/tserver/data/rocksdb/table-00004000000030008000000000004101/tablet-33d05ee24a2d45a1b5bf6431661fd5a2.intents/MANIFEST-000005: Operation not supported
W1221 21:09:03.745941   155 log_util.cc:221] Could not read footer for segment: /home/yugabyte/yb_data/data/yb-data/tserver/wals/table-00004000000030008000000000004101/tablet-33d05ee24a2d45a1b5bf6431661fd5a2/wal-000000001: Not found (yb/consensus/log_util.cc:463): Footer not found. Footer magic doesn't match
W1221 21:09:03.748093   155 log_reader.cc:188] T 33d05ee24a2d45a1b5bf6431661fd5a2 P 0002331a981242cbbb199827b5bb183f: Log segment /home/yugabyte/yb_data/data/yb-data/tserver/wals/table-00004000000030008000000000004101/tablet-33d05ee24a2d45a1b5bf6431661fd5a2/wal-000000001 was likely left in-progress after a previous crash. Will try to rebuild footer by scanning data.
W1221 21:09:04.097388   155 env.h:611] Failed to pre-allocate space for a file: IO error (yb/rocksdb/util/io_posix.cc:481): /home/yugabyte/yb_data/data/yb-data/tserver/data/rocksdb/table-000040000000300080000000000042ee/tablet-35acd7f8fa22470ca89ef741c2db38dd/MANIFEST-000005: Operation not supported
W1221 21:09:04.209314   155 env.h:611] Failed to pre-allocate space for a file: IO error (yb/rocksdb/util/io_posix.cc:481): /home/yugabyte/yb_data/data/yb-data/tserver/data/rocksdb/table-000040000000300080000000000042ee/tablet-35acd7f8fa22470ca89ef741c2db38dd.intents/MANIFEST-000005: Operation not supported
W1221 21:09:04.281257   155 log_util.cc:221] Could not read footer for segment: /home/yugabyte/yb_data/data/yb-data/tserver/wals/table-000040000000300080000000000042ee/tablet-35acd7f8fa22470ca89ef741c2db38dd/wal-000000001: Not found (yb/consensus/log_util.cc:463): Footer not found. Footer magic doesn't match
W1221 21:09:04.282793   155 log_reader.cc:188] T 35acd7f8fa22470ca89ef741c2db38dd P 0002331a981242cbbb199827b5bb183f: Log segment /home/yugabyte/yb_data/data/yb-data/tserver/wals/table-000040000000300080000000000042ee/tablet-35acd7f8fa22470ca89ef741c2db38dd/wal-000000001 was likely left in-progress after a previous crash. Will try to rebuild footer by scanning data.
W1221 21:09:04.532712   154 env.h:611] Failed to pre-allocate space for a file: IO error (yb/rocksdb/util/io_posix.cc:481): /home/yugabyte/yb_data/data/yb-data/tserver/data/rocksdb/table-000040000000300080000000000042ed/tablet-372ade6167b14db0b2ee73b6ed1dc325/MANIFEST-000005: Operation not supported
W1221 21:09:04.607420   155 env.h:611] Failed to pre-allocate space for a file: IO error (yb/rocksdb/util/io_posix.cc:481): /home/yugabyte/yb_data/data/yb-data/tserver/data/rocksdb/table-000040000000300080000000000040f7/tablet-3dba7f8cce114983a35a9e9dd3186831/MANIFEST-000005: Operation not supported
W1221 21:09:04.615471   154 env.h:611] Failed to pre-allocate space for a file: IO error (yb/rocksdb/util/io_posix.cc:481): /home/yugabyte/yb_data/data/yb-data/tserver/data/rocksdb/table-000040000000300080000000000042ed/tablet-372ade6167b14db0b2ee73b6ed1dc325.intents/MANIFEST-000005: Operation not supported
W1221 21:09:04.689610   154 log_util.cc:221] Could not read footer for segment: /home/yugabyte/yb_data/data/yb-data/tserver/wals/table-000040000000300080000000000042ed/tablet-372ade6167b14db0b2ee73b6ed1dc325/wal-000000001: Not found (yb/consensus/log_util.cc:463): Footer not found. Footer magic doesn't match
W1221 21:09:04.692003   154 log_reader.cc:188] T 372ade6167b14db0b2ee73b6ed1dc325 P 0002331a981242cbbb199827b5bb183f: Log segment /home/yugabyte/yb_data/data/yb-data/tserver/wals/table-000040000000300080000000000042ed/tablet-372ade6167b14db0b2ee73b6ed1dc325/wal-000000001 was likely left in-progress after a previous crash. Will try to rebuild footer by scanning data.
W1221 21:09:04.706774   155 env.h:611] Failed to pre-allocate space for a file: IO error (yb/rocksdb/util/io_posix.cc:481): /home/yugabyte/yb_data/data/yb-data/tserver/data/rocksdb/table-000040000000300080000000000040f7/tablet-3dba7f8cce114983a35a9e9dd3186831.intents/MANIFEST-000005: Operation not supported
W1221 21:09:04.783911   155 log_util.cc:221] Could not read footer for segment: /home/yugabyte/yb_data/data/yb-data/tserver/wals/table-000040000000300080000000000040f7/tablet-3dba7f8cce114983a35a9e9dd3186831/wal-000000001: Not found (yb/consensus/log_util.cc:463): Footer not found. Footer magic doesn't match
W1221 21:09:04.787593   155 log_reader.cc:188] T 3dba7f8cce114983a35a9e9dd3186831 P 0002331a981242cbbb199827b5bb183f: Log segment /home/yugabyte/yb_data/data/yb-data/tserver/wals/table-000040000000300080000000000040f7/tablet-3dba7f8cce114983a35a9e9dd3186831/wal-000000001 was likely left in-progress after a previous crash. Will try to rebuild footer by scanning data.
W1221 21:09:05.026913   154 env.h:611] Failed to pre-allocate space for a file: IO error (yb/rocksdb/util/io_posix.cc:481): /home/yugabyte/yb_data/data/yb-data/tserver/data/rocksdb/table-000040000000300080000000000040fc/tablet-3dd815960d2e424aa95098273f92a5b8/MANIFEST-000005: Operation not supported
W1221 21:09:05.091087   155 env.h:611] Failed to pre-allocate space for a file: IO error (yb/rocksdb/util/io_posix.cc:481): /home/yugabyte/yb_data/data/yb-data/tserver/data/rocksdb/table-000040000000300080000000000041f4/tablet-3f6a3a8a93a240098c438987c2bd14a8/MANIFEST-000005: Operation not supported
W1221 21:09:05.133970   154 env.h:611] Failed to pre-allocate space for a file: IO error (yb/rocksdb/util/io_posix.cc:481): /home/yugabyte/yb_data/data/yb-data/tserver/data/rocksdb/table-000040000000300080000000000040fc/tablet-3dd815960d2e424aa95098273f92a5b8.intents/MANIFEST-000005: Operation not supported
W1221 21:09:05.190505   155 env.h:611] Failed to pre-allocate space for a file: IO error (yb/rocksdb/util/io_posix.cc:481): /home/yugabyte/yb_data/data/yb-data/tserver/data/rocksdb/table-000040000000300080000000000041f4/tablet-3f6a3a8a93a240098c438987c2bd14a8.intents/MANIFEST-000005: Operation not supported
W1221 21:09:05.216274   154 log_util.cc:221] Could not read footer for segment: /home/yugabyte/yb_data/data/yb-data/tserver/wals/table-000040000000300080000000000040fc/tablet-3dd815960d2e424aa95098273f92a5b8/wal-000000001: Not found (yb/consensus/log_util.cc:463): Footer not found. Footer magic doesn't match
W1221 21:09:05.217973   154 log_reader.cc:188] T 3dd815960d2e424aa95098273f92a5b8 P 0002331a981242cbbb199827b5bb183f: Log segment /home/yugabyte/yb_data/data/yb-data/tserver/wals/table-000040000000300080000000000040fc/tablet-3dd815960d2e424aa95098273f92a5b8/wal-000000001 was likely left in-progress after a previous crash. Will try to rebuild footer by scanning data.
W1221 21:09:05.246130   154 remove_intents_task.cc:54] Remove intents task failed: Aborted (yb/tablet/tablet_peer.cc:1258): Thread pool not ready
W1221 21:09:05.281117   155 log_util.cc:221] Could not read footer for segment: /home/yugabyte/yb_data/data/yb-data/tserver/wals/table-000040000000300080000000000041f4/tablet-3f6a3a8a93a240098c438987c2bd14a8/wal-000000001: Not found (yb/consensus/log_util.cc:463): Footer not found. Footer magic doesn't match
W1221 21:09:05.283924   155 log_reader.cc:188] T 3f6a3a8a93a240098c438987c2bd14a8 P 0002331a981242cbbb199827b5bb183f: Log segment /home/yugabyte/yb_data/data/yb-data/tserver/wals/table-000040000000300080000000000041f4/tablet-3f6a3a8a93a240098c438987c2bd14a8/wal-000000001 was likely left in-progress after a previous crash. Will try to rebuild footer by scanning data.
W1221 21:09:05.306960   121 meta_cache.cc:885] 0x00000000025201b0 -> LookupByIdRpc(tablet: 29f20dcc078b41f8adf2c8fa6b67ccc2, num_attempts: 2): Timed out (yb/rpc/rpc.cc:211): timed out after deadline expired: LookupByIdRpc(tablet: 29f20dcc078b41f8adf2c8fa6b67ccc2, num_attempts: 2) passed its deadline 11318.815s (passed: 0.279s)
W1221 21:09:05.426507   121 tablet_rpc.cc:450] Timed out (yb/rpc/rpc.cc:211): Failed Write(tablet: 29f20dcc078b41f8adf2c8fa6b67ccc2, num_ops: 13, num_attempts: 113, txn: 00000000-0000-0000-0000-000000000000, subtxn: [none]) to tablet 29f20dcc078b41f8adf2c8fa6b67ccc2 (no tablet server available) after 113 attempt(s): Write(tablet: 29f20dcc078b41f8adf2c8fa6b67ccc2, num_ops: 13, num_attempts: 113, txn: 00000000-0000-0000-0000-000000000000, subtxn: [none]) passed its deadline 11318.815s (passed: 14.901s): Illegal state (yb/tserver/service_util.h:137): Tablet not RUNNING: NOT_STARTED (tablet server error 12) (raft group state error 5)
W1221 21:09:05.591241   154 env.h:611] Failed to pre-allocate space for a file: IO error (yb/rocksdb/util/io_posix.cc:481): /home/yugabyte/yb_data/data/yb-data/tserver/data/rocksdb/table-0000400000003000800000000000424c/tablet-426c4703f5554bf6aa8b2dd30f6edba0/MANIFEST-000005: Operation not supported
W1221 21:09:05.625916   155 env.h:611] Failed to pre-allocate space for a file: IO error (yb/rocksdb/util/io_posix.cc:481): /home/yugabyte/yb_data/data/yb-data/tserver/data/rocksdb/table-00004000000030008000000000004204/tablet-430b2747c3234136895e1f219a8697fe/MANIFEST-000005: Operation not supported
W1221 21:09:05.685493   154 env.h:611] Failed to pre-allocate space for a file: IO error (yb/rocksdb/util/io_posix.cc:481): /home/yugabyte/yb_data/data/yb-data/tserver/data/rocksdb/table-0000400000003000800000000000424c/tablet-426c4703f5554bf6aa8b2dd30f6edba0.intents/MANIFEST-000005: Operation not supported
W1221 21:09:05.714104   155 env.h:611] Failed to pre-allocate space for a file: IO error (yb/rocksdb/util/io_posix.cc:481): /home/yugabyte/yb_data/data/yb-data/tserver/data/rocksdb/table-00004000000030008000000000004204/tablet-430b2747c3234136895e1f219a8697fe.intents/MANIFEST-000005: Operation not supported
W1221 21:09:05.767519   154 log_util.cc:221] Could not read footer for segment: /home/yugabyte/yb_data/data/yb-data/tserver/wals/table-0000400000003000800000000000424c/tablet-426c4703f5554bf6aa8b2dd30f6edba0/wal-000000001: Not found (yb/consensus/log_util.cc:463): Footer not found. Footer magic doesn't match
W1221 21:09:05.769429   154 log_reader.cc:188] T 426c4703f5554bf6aa8b2dd30f6edba0 P 0002331a981242cbbb199827b5bb183f: Log segment /home/yugabyte/yb_data/data/yb-data/tserver/wals/table-0000400000003000800000000000424c/tablet-426c4703f5554bf6aa8b2dd30f6edba0/wal-000000001 was likely left in-progress after a previous crash. Will try to rebuild footer by scanning data.
