I1221 21:08:52.303433   155 db_impl.cc:2472] T 0f2be33b30fe41dabda96f36fa774728 P 0002331a981242cbbb199827b5bb183f [I]: SetOptions() on column family [default], inputs: [{level0_stop_writes_trigger, 2147483647}, {level0_slowdown_writes_trigger, 2147483647}]
I1221 21:08:52.308616   155 db_impl.cc:2476] T 0f2be33b30fe41dabda96f36fa774728 P 0002331a981242cbbb199827b5bb183f [I]: [default] SetOptions succeeded
I1221 21:08:52.336689   154 tablet.cc:714] T 0f5d8befb4684f22afed11691ec5e0d1 P 0002331a981242cbbb199827b5bb183f: Opening intents DB at: /home/yugabyte/yb_data/data/yb-data/tserver/data/rocksdb/table-000040000000300080000000000042f4/tablet-0f5d8befb4684f22afed11691ec5e0d1.intents
I1221 21:08:52.360812   155 db_impl.cc:2472] T 0f2be33b30fe41dabda96f36fa774728 P 0002331a981242cbbb199827b5bb183f [I]: SetOptions() on column family [default], inputs: [{disable_auto_compactions, false}]
I1221 21:08:52.382691   155 db_impl.cc:2476] T 0f2be33b30fe41dabda96f36fa774728 P 0002331a981242cbbb199827b5bb183f [I]: [default] SetOptions succeeded
I1221 21:08:52.386570   155 tablet_peer.cc:1132] T 0f2be33b30fe41dabda96f36fa774728 P 0002331a981242cbbb199827b5bb183f [state=RUNNING]: Registered log gc
I1221 21:08:52.390784   154 version_set.cc:2843] T 0f5d8befb4684f22afed11691ec5e0d1 P 0002331a981242cbbb199827b5bb183f [I]: Recovered from manifest file:/home/yugabyte/yb_data/data/yb-data/tserver/data/rocksdb/table-000040000000300080000000000042f4/tablet-0f5d8befb4684f22afed11691ec5e0d1.intents/MANIFEST-000001 succeeded,manifest_file_number is 1, next_file_number is 3, last_sequence is 1125899906842624, log_number is 0,prev_log_number is 0,max_column_family is 0, flushed_values is <NULL>
I1221 21:08:52.398541   154 version_set.cc:2851] T 0f5d8befb4684f22afed11691ec5e0d1 P 0002331a981242cbbb199827b5bb183f [I]: Column family [default] (ID 0), log number is 0
I1221 21:08:52.391237   155 ts_tablet_manager.cc:1390] T 0f2be33b30fe41dabda96f36fa774728 P 0002331a981242cbbb199827b5bb183f: Time spent starting tablet: real 0.384s	user 0.009s	sys 0.005s
I1221 21:08:52.401470   154 event_logger.cc:67] T 0f5d8befb4684f22afed11691ec5e0d1 P 0002331a981242cbbb199827b5bb183f [I]: EVENT_LOG_v1 {"time_micros": 1640120932401456, "job": 1, "event": "recovery_started", "log_files": [3]}
I1221 21:08:52.402788   155 ts_tablet_manager.cc:2509] Deleted transition in progress opening tablet for tablet 0f2be33b30fe41dabda96f36fa774728
I1221 21:08:52.408718   155 ts_tablet_manager.cc:1326] T 0f8ca4ca3126439c9331ff9138a1fead P 0002331a981242cbbb199827b5bb183f: Bootstrapping tablet
I1221 21:08:52.410786   154 db_impl.cc:1494] T 0f5d8befb4684f22afed11691ec5e0d1 P 0002331a981242cbbb199827b5bb183f [I]: Recovering log #3 mode 0 skip-recovery 0
I1221 21:08:52.411381   155 tablet_peer.cc:1240] T 0f8ca4ca3126439c9331ff9138a1fead P 0002331a981242cbbb199827b5bb183f [state=BOOTSTRAPPING]: Changed state from NOT_STARTED to BOOTSTRAPPING
I1221 21:08:52.415887   154 version_set.cc:2284] T 0f5d8befb4684f22afed11691ec5e0d1 P 0002331a981242cbbb199827b5bb183f [I]: Creating manifest 5
I1221 21:08:52.436025   155 consensus_meta.cc:298] T 0f8ca4ca3126439c9331ff9138a1fead P 0002331a981242cbbb199827b5bb183f: Updating active role from UNKNOWN_ROLE to FOLLOWER. Consensus state: current_term: 1 leader_uuid: "" config { opid_index: -1 peers { permanent_uuid: "0002331a981242cbbb199827b5bb183f" member_type: VOTER last_known_private_addr { host: "8d62daecd75d" port: 9100 } last_known_broadcast_addr { host: "127.0.0.1" port: 9100 } cloud_info { placement_cloud: "cloud1" placement_region: "datacenter1" placement_zone: "rack1" } } }, has_pending_config = 0
I1221 21:08:52.441179   155 tablet_bootstrap_if.cc:79] T 0f8ca4ca3126439c9331ff9138a1fead P 0002331a981242cbbb199827b5bb183f: Bootstrap starting.
I1221 21:08:52.437872   154 version_set.cc:3350] T 0f5d8befb4684f22afed11691ec5e0d1 P 0002331a981242cbbb199827b5bb183f [I]: Writing version edit: comparator: "leveldb.BytewiseComparator"

I1221 21:08:52.445442   155 tablet.cc:420] T 0f8ca4ca3126439c9331ff9138a1fead P 0002331a981242cbbb199827b5bb183f: Schema version for METASTORE_DB_PROPERTIES is 0
I1221 21:08:52.448416   155 transaction_participant.cc:135] T 0f8ca4ca3126439c9331ff9138a1fead P 0002331a981242cbbb199827b5bb183f: Create
W1221 21:08:52.449954   154 env.h:611] Failed to pre-allocate space for a file: IO error (yb/rocksdb/util/io_posix.cc:481): /home/yugabyte/yb_data/data/yb-data/tserver/data/rocksdb/table-000040000000300080000000000042f4/tablet-0f5d8befb4684f22afed11691ec5e0d1.intents/MANIFEST-000005: Operation not supported
I1221 21:08:52.451678   155 docdb_rocksdb_util.cc:328] Overriding FLAGS_rocksdb_max_background_flushes to 1
I1221 21:08:52.455447   155 docdb_rocksdb_util.cc:358] FLAGS_rocksdb_max_background_compactions was not set, automatically configuring 1 background compactions.
I1221 21:08:52.456362   155 docdb_rocksdb_util.cc:358] FLAGS_rocksdb_max_background_compactions was not set, automatically configuring 1 background compactions.
I1221 21:08:52.457257   155 docdb_rocksdb_util.cc:370] FLAGS_rocksdb_base_background_compactions was not set, automatically configuring 1 base background compactions.
I1221 21:08:52.458240   155 docdb_rocksdb_util.cc:328] Overriding FLAGS_rocksdb_max_background_flushes to 1
I1221 21:08:52.455271   154 version_set.cc:3350] T 0f5d8befb4684f22afed11691ec5e0d1 P 0002331a981242cbbb199827b5bb183f [I]: Writing version edit: log_number: 0

I1221 21:08:52.459178   155 docdb_rocksdb_util.cc:358] FLAGS_rocksdb_max_background_compactions was not set, automatically configuring 1 background compactions.
I1221 21:08:52.461959   155 docdb_rocksdb_util.cc:358] FLAGS_rocksdb_max_background_compactions was not set, automatically configuring 1 background compactions.
I1221 21:08:52.463181   155 docdb_rocksdb_util.cc:370] FLAGS_rocksdb_base_background_compactions was not set, automatically configuring 1 base background compactions.
I1221 21:08:52.464444   155 tablet.cc:537] T 0f8ca4ca3126439c9331ff9138a1fead P 0002331a981242cbbb199827b5bb183f: Creating RocksDB database in dir /home/yugabyte/yb_data/data/yb-data/tserver/data/rocksdb/table-0000400000003000800000000000429b/tablet-0f8ca4ca3126439c9331ff9138a1fead
I1221 21:08:52.466454   155 tablet.cc:699] Opening RocksDB at: /home/yugabyte/yb_data/data/yb-data/tserver/data/rocksdb/table-0000400000003000800000000000429b/tablet-0f8ca4ca3126439c9331ff9138a1fead
I1221 21:08:52.472729   154 event_logger.cc:67] T 0f5d8befb4684f22afed11691ec5e0d1 P 0002331a981242cbbb199827b5bb183f [I]: EVENT_LOG_v1 {"time_micros": 1640120932472719, "job": 1, "event": "recovery_finished"}
I1221 21:08:52.487174   154 db_impl.cc:1147] T 0f5d8befb4684f22afed11691ec5e0d1 P 0002331a981242cbbb199827b5bb183f [I]: [JOB 2] Delete /home/yugabyte/yb_data/data/yb-data/tserver/data/rocksdb/table-000040000000300080000000000042f4/tablet-0f5d8befb4684f22afed11691ec5e0d1.intents//MANIFEST-000001 type=4 #1 -- OK
I1221 21:08:52.489512   155 version_set.cc:2843] T 0f8ca4ca3126439c9331ff9138a1fead P 0002331a981242cbbb199827b5bb183f [R]: Recovered from manifest file:/home/yugabyte/yb_data/data/yb-data/tserver/data/rocksdb/table-0000400000003000800000000000429b/tablet-0f8ca4ca3126439c9331ff9138a1fead/MANIFEST-000001 succeeded,manifest_file_number is 1, next_file_number is 3, last_sequence is 1125899906842624, log_number is 0,prev_log_number is 0,max_column_family is 0, flushed_values is <NULL>
I1221 21:08:52.492303   154 db_impl.cc:1147] T 0f5d8befb4684f22afed11691ec5e0d1 P 0002331a981242cbbb199827b5bb183f [I]: [JOB 2] Delete /home/yugabyte/yb_data/data/yb-data/tserver/data/rocksdb/table-000040000000300080000000000042f4/tablet-0f5d8befb4684f22afed11691ec5e0d1.intents//000003.log type=0 #3 -- OK
I1221 21:08:52.492456   155 version_set.cc:2851] T 0f8ca4ca3126439c9331ff9138a1fead P 0002331a981242cbbb199827b5bb183f [R]: Column family [default] (ID 0), log number is 0
I1221 21:08:52.497445   155 event_logger.cc:67] T 0f8ca4ca3126439c9331ff9138a1fead P 0002331a981242cbbb199827b5bb183f [R]: EVENT_LOG_v1 {"time_micros": 1640120932497430, "job": 1, "event": "recovery_started", "log_files": [3]}
I1221 21:08:52.509064   155 db_impl.cc:1494] T 0f8ca4ca3126439c9331ff9138a1fead P 0002331a981242cbbb199827b5bb183f [R]: Recovering log #3 mode 0 skip-recovery 0
I1221 21:08:52.512871   155 version_set.cc:2284] T 0f8ca4ca3126439c9331ff9138a1fead P 0002331a981242cbbb199827b5bb183f [R]: Creating manifest 5
I1221 21:08:52.521301   155 version_set.cc:3350] T 0f8ca4ca3126439c9331ff9138a1fead P 0002331a981242cbbb199827b5bb183f [R]: Writing version edit: comparator: "leveldb.BytewiseComparator"

W1221 21:08:52.524780   155 env.h:611] Failed to pre-allocate space for a file: IO error (yb/rocksdb/util/io_posix.cc:481): /home/yugabyte/yb_data/data/yb-data/tserver/data/rocksdb/table-0000400000003000800000000000429b/tablet-0f8ca4ca3126439c9331ff9138a1fead/MANIFEST-000005: Operation not supported
I1221 21:08:52.530652   155 version_set.cc:3350] T 0f8ca4ca3126439c9331ff9138a1fead P 0002331a981242cbbb199827b5bb183f [R]: Writing version edit: log_number: 0

I1221 21:08:52.541466   154 tablet.cc:757] T 0f5d8befb4684f22afed11691ec5e0d1 P 0002331a981242cbbb199827b5bb183f: Successfully opened a RocksDB database at /home/yugabyte/yb_data/data/yb-data/tserver/data/rocksdb/table-000040000000300080000000000042f4/tablet-0f5d8befb4684f22afed11691ec5e0d1, obj: 0x267f200
I1221 21:08:52.541512   192 transaction_loader.cc:89] T 0f5d8befb4684f22afed11691ec5e0d1 P 0002331a981242cbbb199827b5bb183f: Load transactions start
I1221 21:08:52.545761   192 transaction_loader.cc:149] T 0f5d8befb4684f22afed11691ec5e0d1 P 0002331a981242cbbb199827b5bb183f: LoadTransactions done: loaded 0 transactions
I1221 21:08:52.543767   154 tablet_bootstrap.cc:563] T 0f5d8befb4684f22afed11691ec5e0d1 P 0002331a981242cbbb199827b5bb183f: Time spent opening tablet: real 0.440s	user 0.005s	sys 0.013s
I1221 21:08:52.551122   155 event_logger.cc:67] T 0f8ca4ca3126439c9331ff9138a1fead P 0002331a981242cbbb199827b5bb183f [R]: EVENT_LOG_v1 {"time_micros": 1640120932551106, "job": 1, "event": "recovery_finished"}
I1221 21:08:52.551888   154 tablet_bootstrap.cc:640] T 0f5d8befb4684f22afed11691ec5e0d1 P 0002331a981242cbbb199827b5bb183f: Will attempt to recover log segment /home/yugabyte/yb_data/data/yb-data/tserver/wals/table-000040000000300080000000000042f4/tablet-0f5d8befb4684f22afed11691ec5e0d1/wal-000000001
I1221 21:08:52.554148   154 tablet_bootstrap.cc:1021] T 0f5d8befb4684f22afed11691ec5e0d1 P 0002331a981242cbbb199827b5bb183f: Flushed DocDB OpIds: { regular: 0.0 intents: 0.0 }
I1221 21:08:52.555320   154 tablet_bootstrap.cc:1177] T 0f5d8befb4684f22afed11691ec5e0d1 P 0002331a981242cbbb199827b5bb183f: Max persistent index in RocksDB's SSTables before bootstrap: regular RocksDB: 0.0; intents RocksDB: 0.0
I1221 21:08:52.556658   154 log.cc:1043] T 0f5d8befb4684f22afed11691ec5e0d1 P 0002331a981242cbbb199827b5bb183f: Setting log wal retention time to 0 seconds
I1221 21:08:52.572942   155 db_impl.cc:1147] T 0f8ca4ca3126439c9331ff9138a1fead P 0002331a981242cbbb199827b5bb183f [R]: [JOB 2] Delete /home/yugabyte/yb_data/data/yb-data/tserver/data/rocksdb/table-0000400000003000800000000000429b/tablet-0f8ca4ca3126439c9331ff9138a1fead//MANIFEST-000001 type=4 #1 -- OK
I1221 21:08:52.575908   155 db_impl.cc:1147] T 0f8ca4ca3126439c9331ff9138a1fead P 0002331a981242cbbb199827b5bb183f [R]: [JOB 2] Delete /home/yugabyte/yb_data/data/yb-data/tserver/data/rocksdb/table-0000400000003000800000000000429b/tablet-0f8ca4ca3126439c9331ff9138a1fead//000003.log type=0 #3 -- OK
W1221 21:08:52.578418   154 log_util.cc:221] Could not read footer for segment: /home/yugabyte/yb_data/data/yb-data/tserver/wals/table-000040000000300080000000000042f4/tablet-0f5d8befb4684f22afed11691ec5e0d1/wal-000000001: Not found (yb/consensus/log_util.cc:463): Footer not found. Footer magic doesn't match
W1221 21:08:52.581856   154 log_reader.cc:188] T 0f5d8befb4684f22afed11691ec5e0d1 P 0002331a981242cbbb199827b5bb183f: Log segment /home/yugabyte/yb_data/data/yb-data/tserver/wals/table-000040000000300080000000000042f4/tablet-0f5d8befb4684f22afed11691ec5e0d1/wal-000000001 was likely left in-progress after a previous crash. Will try to rebuild footer by scanning data.
I1221 21:08:52.585532   154 log_util.cc:620] Scanning /home/yugabyte/yb_data/data/yb-data/tserver/wals/table-000040000000300080000000000042f4/tablet-0f5d8befb4684f22afed11691ec5e0d1/wal-000000001 for valid entry headers following offset 429...
I1221 21:08:52.611881   154 log_util.cc:666] Found no log entry headers
I1221 21:08:52.628690   154 log_util.cc:543] Ignoring log segment corruption in /home/yugabyte/yb_data/data/yb-data/tserver/wals/table-000040000000300080000000000042f4/tablet-0f5d8befb4684f22afed11691ec5e0d1/wal-000000001 because there are no log entries following the corrupted one. The server probably crashed in the middle of writing an entry to the write-ahead log or downloaded an active log via remote bootstrap. Error detail: Corruption (yb/consensus/log_util.cc:739): Invalid checksum in log entry head header: found=0, computed=2351477386: Log file corruption detected. Failed trying to read batch #5 at offset 429 for log segment /home/yugabyte/yb_data/data/yb-data/tserver/wals/table-000040000000300080000000000042f4/tablet-0f5d8befb4684f22afed11691ec5e0d1/wal-000000001: Prior batch offsets: 206 231 404 429; Last log entries read: [REPLICATE (1.1)] [REPLICATE (1.2)]
I1221 21:08:52.630111   154 log_util.cc:279] Successfully rebuilt footer for segment: /home/yugabyte/yb_data/data/yb-data/tserver/wals/table-000040000000300080000000000042f4/tablet-0f5d8befb4684f22afed11691ec5e0d1/wal-000000001 (valid entries through byte offset 429)
I1221 21:08:52.631074   154 log.cc:588] T 0f5d8befb4684f22afed11691ec5e0d1 P 0002331a981242cbbb199827b5bb183f: Opened existing logs. Last segment is /home/yugabyte/yb_data/data/yb-data/tserver/wals/table-000040000000300080000000000042f4/tablet-0f5d8befb4684f22afed11691ec5e0d1/wal-000000001
I1221 21:08:52.632308   154 tablet_bootstrap.cc:342] T 0f5d8befb4684f22afed11691ec5e0d1 P 0002331a981242cbbb199827b5bb183f: Bootstrap optimizer (skip_flushed_entries): op_id_replay_lowest=0.0 (regular_op_id=0.0, intents_op_id=0.0, has_intents_db=1)
I1221 21:08:52.634476   154 tablet_bootstrap.cc:1126] T 0f5d8befb4684f22afed11691ec5e0d1 P 0002331a981242cbbb199827b5bb183f: Segment /home/yugabyte/yb_data/data/yb-data/tserver/wals/table-000040000000300080000000000042f4/tablet-0f5d8befb4684f22afed11691ec5e0d1/wal-000000001 cannot be used as the first segment to start replay with according to our OpId and retention criteria. However, this is already the earliest segment so we have to start replay here. We should probably investigate how we got into this situation. op_id=1.1, first_op_time=3414.714s, min_seconds_to_retain_logs=120.000s, *replay_from_this_or_earlier_time=3294.714s, is_first_op_id_low_enough=0, is_first_op_time_early_enough=0
I1221 21:08:52.635805   154 tablet_bootstrap.cc:1139] T 0f5d8befb4684f22afed11691ec5e0d1 P 0002331a981242cbbb199827b5bb183f: Bootstrap optimizer (skip_flushed_entries): will replay all segments starting from the very first one.
I1221 21:08:52.653846   155 tablet.cc:714] T 0f8ca4ca3126439c9331ff9138a1fead P 0002331a981242cbbb199827b5bb183f: Opening intents DB at: /home/yugabyte/yb_data/data/yb-data/tserver/data/rocksdb/table-0000400000003000800000000000429b/tablet-0f8ca4ca3126439c9331ff9138a1fead.intents
I1221 21:08:52.655681   154 tablet_bootstrap_if.cc:79] T 0f5d8befb4684f22afed11691ec5e0d1 P 0002331a981242cbbb199827b5bb183f: Bootstrap replayed 1/1 log segments. Read operations: 2, overwritten operations: 0. Pending: 1 replicates. Last read committed op id: 1.2, last entry metadata: { entry_time: 3417.483s offset: 231 active_segment_sequence_number: 1 }, last read entry op id: 1.2
I1221 21:08:52.662920   154 tablet_bootstrap.cc:1283] T 0f5d8befb4684f22afed11691ec5e0d1 P 0002331a981242cbbb199827b5bb183f: Dumping replay state to log at the end of PlaySegments
I1221 21:08:52.665992   154 tablet_bootstrap.cc:995] T 0f5d8befb4684f22afed11691ec5e0d1 P 0002331a981242cbbb199827b5bb183f: ReplayState: Previous OpId: 1.2, Committed OpId: 1.2, Pending Replicates: 0, Flushed Regular: 0.0, Flushed Intents: 0.0
I1221 21:08:52.667109   154 tablet_bootstrap.cc:995] T 0f5d8befb4684f22afed11691ec5e0d1 P 0002331a981242cbbb199827b5bb183f: Log entries applied to RocksDB: 2
I1221 21:08:52.667675   154 tablet_bootstrap.cc:1294] T 0f5d8befb4684f22afed11691ec5e0d1 P 0002331a981242cbbb199827b5bb183f: Number of orphaned replicates: 0, last id: 1.2, committed id: 1.2
I1221 21:08:52.682286   154 tablet_bootstrap_if.cc:79] T 0f5d8befb4684f22afed11691ec5e0d1 P 0002331a981242cbbb199827b5bb183f: Bootstrap complete.
I1221 21:08:52.686479   155 version_set.cc:2843] T 0f8ca4ca3126439c9331ff9138a1fead P 0002331a981242cbbb199827b5bb183f [I]: Recovered from manifest file:/home/yugabyte/yb_data/data/yb-data/tserver/data/rocksdb/table-0000400000003000800000000000429b/tablet-0f8ca4ca3126439c9331ff9138a1fead.intents/MANIFEST-000001 succeeded,manifest_file_number is 1, next_file_number is 3, last_sequence is 1125899906842624, log_number is 0,prev_log_number is 0,max_column_family is 0, flushed_values is <NULL>
I1221 21:08:52.688349   155 version_set.cc:2851] T 0f8ca4ca3126439c9331ff9138a1fead P 0002331a981242cbbb199827b5bb183f [I]: Column family [default] (ID 0), log number is 0
I1221 21:08:52.689889   155 event_logger.cc:67] T 0f8ca4ca3126439c9331ff9138a1fead P 0002331a981242cbbb199827b5bb183f [I]: EVENT_LOG_v1 {"time_micros": 1640120932689873, "job": 1, "event": "recovery_started", "log_files": [3]}
I1221 21:08:52.697865   155 db_impl.cc:1494] T 0f8ca4ca3126439c9331ff9138a1fead P 0002331a981242cbbb199827b5bb183f [I]: Recovering log #3 mode 0 skip-recovery 0
I1221 21:08:52.710855   155 version_set.cc:2284] T 0f8ca4ca3126439c9331ff9138a1fead P 0002331a981242cbbb199827b5bb183f [I]: Creating manifest 5
I1221 21:08:52.712157   154 log.cc:1043] T 0f5d8befb4684f22afed11691ec5e0d1 P 0002331a981242cbbb199827b5bb183f: Setting log wal retention time to 0 seconds
I1221 21:08:52.715818   154 ts_tablet_manager.cc:1333] T 0f5d8befb4684f22afed11691ec5e0d1 P 0002331a981242cbbb199827b5bb183f: Time spent bootstrapping tablet: real 0.661s	user 0.011s	sys 0.018s
I1221 21:08:52.726435   155 version_set.cc:3350] T 0f8ca4ca3126439c9331ff9138a1fead P 0002331a981242cbbb199827b5bb183f [I]: Writing version edit: comparator: "leveldb.BytewiseComparator"

I1221 21:08:52.730787   154 consensus_meta.cc:298] T 0f5d8befb4684f22afed11691ec5e0d1 P 0002331a981242cbbb199827b5bb183f: Updating active role from UNKNOWN_ROLE to FOLLOWER. Consensus state: current_term: 1 leader_uuid: "" config { opid_index: -1 peers { permanent_uuid: "0002331a981242cbbb199827b5bb183f" member_type: VOTER last_known_private_addr { host: "8d62daecd75d" port: 9100 } last_known_broadcast_addr { host: "127.0.0.1" port: 9100 } cloud_info { placement_cloud: "cloud1" placement_region: "datacenter1" placement_zone: "rack1" } } }, has_pending_config = 0
W1221 21:08:52.730912   155 env.h:611] Failed to pre-allocate space for a file: IO error (yb/rocksdb/util/io_posix.cc:481): /home/yugabyte/yb_data/data/yb-data/tserver/data/rocksdb/table-0000400000003000800000000000429b/tablet-0f8ca4ca3126439c9331ff9138a1fead.intents/MANIFEST-000005: Operation not supported
I1221 21:08:52.732754   154 transaction_participant.cc:190] T 0f5d8befb4684f22afed11691ec5e0d1 P 0002331a981242cbbb199827b5bb183f: Start
I1221 21:08:52.736307   155 version_set.cc:3350] T 0f8ca4ca3126439c9331ff9138a1fead P 0002331a981242cbbb199827b5bb183f [I]: Writing version edit: log_number: 0

I1221 21:08:52.737757   154 tablet_peer.cc:952] T 0f5d8befb4684f22afed11691ec5e0d1 P 0002331a981242cbbb199827b5bb183f [state=BOOTSTRAPPING]: Setting cdc min replicated index to 9223372036854775807
I1221 21:08:52.737880   192 transaction_participant.cc:1022] T 0f5d8befb4684f22afed11691ec5e0d1 P 0002331a981242cbbb199827b5bb183f: LoadFinished: starting transaction status resolution
I1221 21:08:52.751675   155 event_logger.cc:67] T 0f8ca4ca3126439c9331ff9138a1fead P 0002331a981242cbbb199827b5bb183f [I]: EVENT_LOG_v1 {"time_micros": 1640120932751647, "job": 1, "event": "recovery_finished"}
I1221 21:08:52.755221   154 consensus_meta.cc:298] T 0f5d8befb4684f22afed11691ec5e0d1 P 0002331a981242cbbb199827b5bb183f: Updating active role from FOLLOWER to FOLLOWER. Consensus state: current_term: 1 leader_uuid: "" config { opid_index: -1 peers { permanent_uuid: "0002331a981242cbbb199827b5bb183f" member_type: VOTER last_known_private_addr { host: "8d62daecd75d" port: 9100 } last_known_broadcast_addr { host: "127.0.0.1" port: 9100 } cloud_info { placement_cloud: "cloud1" placement_region: "datacenter1" placement_zone: "rack1" } } }, has_pending_config = 0
I1221 21:08:52.756812   154 raft_consensus.cc:467] T 0f5d8befb4684f22afed11691ec5e0d1 P 0002331a981242cbbb199827b5bb183f [term 1 FOLLOWER]: Replica starting. Triggering 0 pending operations. Active config: opid_index: -1 peers { permanent_uuid: "0002331a981242cbbb199827b5bb183f" member_type: VOTER last_known_private_addr { host: "8d62daecd75d" port: 9100 } last_known_broadcast_addr { host: "127.0.0.1" port: 9100 } cloud_info { placement_cloud: "cloud1" placement_region: "datacenter1" placement_zone: "rack1" } }
I1221 21:08:52.758339   154 raft_consensus.cc:1092] T 0f5d8befb4684f22afed11691ec5e0d1 P 0002331a981242cbbb199827b5bb183f [term 1 FOLLOWER]: Becoming Follower/Learner. State: Replica: 0002331a981242cbbb199827b5bb183f, State: 1, Role: FOLLOWER, Watermarks: {Received: 1.2 Committed: 1.2} Leader: 0.0, new leader: , initial_fd_wait: <uninitialized>
I1221 21:08:52.760486   154 consensus_meta.cc:298] T 0f5d8befb4684f22afed11691ec5e0d1 P 0002331a981242cbbb199827b5bb183f: Updating active role from FOLLOWER to FOLLOWER. Consensus state: current_term: 1 leader_uuid: "" config { opid_index: -1 peers { permanent_uuid: "0002331a981242cbbb199827b5bb183f" member_type: VOTER last_known_private_addr { host: "8d62daecd75d" port: 9100 } last_known_broadcast_addr { host: "127.0.0.1" port: 9100 } cloud_info { placement_cloud: "cloud1" placement_region: "datacenter1" placement_zone: "rack1" } } }, has_pending_config = 0
I1221 21:08:52.762388   154 consensus_queue.cc:273] T 0f5d8befb4684f22afed11691ec5e0d1 P 0002331a981242cbbb199827b5bb183f [NON_LEADER]: Queue going to NON_LEADER mode. State: All replicated op: 0.0, Majority replicated op: 0.0, Committed index: 0.0, Last applied: 0.0, Last appended: 1.2, Current term: 0, Majority size: -1, State: QUEUE_OPEN, Mode: NON_LEADER
I1221 21:08:52.763320   154 raft_consensus.cc:3178] T 0f5d8befb4684f22afed11691ec5e0d1 P 0002331a981242cbbb199827b5bb183f [term 1 FOLLOWER]: Calling mark dirty synchronously for reason code CONSENSUS_STARTED
I1221 21:08:52.765949   122 tablet_rpc.cc:143] Unable to pick leader for 29f20dcc078b41f8adf2c8fa6b67ccc2, replicas: [], followers: [{0x0000000001aec000 -> { uuid: 0002331a981242cbbb199827b5bb183f private: [host: "8d62daecd75d" port: 9100] public: [host: "127.0.0.1" port: 9100] cloud_info: placement_cloud: "cloud1" placement_region: "datacenter1" placement_zone: "rack1", { status: Illegal state (yb/tserver/service_util.h:137): Tablet not RUNNING: NOT_STARTED (tablet server error 12) (raft group state error 5) time: 0.047s }}] [suppressed 6 similar messages]
I1221 21:08:52.765630   155 db_impl.cc:1147] T 0f8ca4ca3126439c9331ff9138a1fead P 0002331a981242cbbb199827b5bb183f [I]: [JOB 2] Delete /home/yugabyte/yb_data/data/yb-data/tserver/data/rocksdb/table-0000400000003000800000000000429b/tablet-0f8ca4ca3126439c9331ff9138a1fead.intents//MANIFEST-000001 type=4 #1 -- OK
I1221 21:08:52.766201   154 tablet_peer.cc:1240] T 0f5d8befb4684f22afed11691ec5e0d1 P 0002331a981242cbbb199827b5bb183f [state=RUNNING]: Changed state from BOOTSTRAPPING to RUNNING
I1221 21:08:52.772256   155 db_impl.cc:1147] T 0f8ca4ca3126439c9331ff9138a1fead P 0002331a981242cbbb199827b5bb183f [I]: [JOB 2] Delete /home/yugabyte/yb_data/data/yb-data/tserver/data/rocksdb/table-0000400000003000800000000000429b/tablet-0f8ca4ca3126439c9331ff9138a1fead.intents//000003.log type=0 #3 -- OK
I1221 21:08:52.864486   155 tablet.cc:757] T 0f8ca4ca3126439c9331ff9138a1fead P 0002331a981242cbbb199827b5bb183f: Successfully opened a RocksDB database at /home/yugabyte/yb_data/data/yb-data/tserver/data/rocksdb/table-0000400000003000800000000000429b/tablet-0f8ca4ca3126439c9331ff9138a1fead, obj: 0x28c6000
I1221 21:08:52.866127   155 tablet_bootstrap.cc:563] T 0f8ca4ca3126439c9331ff9138a1fead P 0002331a981242cbbb199827b5bb183f: Time spent opening tablet: real 0.414s	user 0.011s	sys 0.008s
I1221 21:08:52.864516   196 transaction_loader.cc:89] T 0f8ca4ca3126439c9331ff9138a1fead P 0002331a981242cbbb199827b5bb183f: Load transactions start
I1221 21:08:52.869200   154 db_impl.cc:2472] T 0f5d8befb4684f22afed11691ec5e0d1 P 0002331a981242cbbb199827b5bb183f [R]: SetOptions() on column family [default], inputs: [{level0_stop_writes_trigger, 2147483647}, {level0_slowdown_writes_trigger, 2147483647}]
I1221 21:08:52.871634   154 db_impl.cc:2476] T 0f5d8befb4684f22afed11691ec5e0d1 P 0002331a981242cbbb199827b5bb183f [R]: [default] SetOptions succeeded
I1221 21:08:52.871330   155 tablet_bootstrap.cc:640] T 0f8ca4ca3126439c9331ff9138a1fead P 0002331a981242cbbb199827b5bb183f: Will attempt to recover log segment /home/yugabyte/yb_data/data/yb-data/tserver/wals/table-0000400000003000800000000000429b/tablet-0f8ca4ca3126439c9331ff9138a1fead/wal-000000001
I1221 21:08:52.869493   196 transaction_loader.cc:149] T 0f8ca4ca3126439c9331ff9138a1fead P 0002331a981242cbbb199827b5bb183f: LoadTransactions done: loaded 0 transactions
I1221 21:08:52.874155   155 tablet_bootstrap.cc:1021] T 0f8ca4ca3126439c9331ff9138a1fead P 0002331a981242cbbb199827b5bb183f: Flushed DocDB OpIds: { regular: 0.0 intents: 0.0 }
I1221 21:08:52.884158   155 tablet_bootstrap.cc:1177] T 0f8ca4ca3126439c9331ff9138a1fead P 0002331a981242cbbb199827b5bb183f: Max persistent index in RocksDB's SSTables before bootstrap: regular RocksDB: 0.0; intents RocksDB: 0.0
I1221 21:08:52.892042   155 log.cc:1043] T 0f8ca4ca3126439c9331ff9138a1fead P 0002331a981242cbbb199827b5bb183f: Setting log wal retention time to 0 seconds
W1221 21:08:52.900929   155 log_util.cc:221] Could not read footer for segment: /home/yugabyte/yb_data/data/yb-data/tserver/wals/table-0000400000003000800000000000429b/tablet-0f8ca4ca3126439c9331ff9138a1fead/wal-000000001: Not found (yb/consensus/log_util.cc:463): Footer not found. Footer magic doesn't match
W1221 21:08:52.904070   155 log_reader.cc:188] T 0f8ca4ca3126439c9331ff9138a1fead P 0002331a981242cbbb199827b5bb183f: Log segment /home/yugabyte/yb_data/data/yb-data/tserver/wals/table-0000400000003000800000000000429b/tablet-0f8ca4ca3126439c9331ff9138a1fead/wal-000000001 was likely left in-progress after a previous crash. Will try to rebuild footer by scanning data.
I1221 21:08:52.909054   155 log_util.cc:620] Scanning /home/yugabyte/yb_data/data/yb-data/tserver/wals/table-0000400000003000800000000000429b/tablet-0f8ca4ca3126439c9331ff9138a1fead/wal-000000001 for valid entry headers following offset 261...
I1221 21:08:52.926955   155 log_util.cc:666] Found no log entry headers
I1221 21:08:52.929136   155 log_util.cc:543] Ignoring log segment corruption in /home/yugabyte/yb_data/data/yb-data/tserver/wals/table-0000400000003000800000000000429b/tablet-0f8ca4ca3126439c9331ff9138a1fead/wal-000000001 because there are no log entries following the corrupted one. The server probably crashed in the middle of writing an entry to the write-ahead log or downloaded an active log via remote bootstrap. Error detail: Corruption (yb/consensus/log_util.cc:739): Invalid checksum in log entry head header: found=0, computed=2351477386: Log file corruption detected. Failed trying to read batch #3 at offset 261 for log segment /home/yugabyte/yb_data/data/yb-data/tserver/wals/table-0000400000003000800000000000429b/tablet-0f8ca4ca3126439c9331ff9138a1fead/wal-000000001: Prior batch offsets: 179 233 261; Last log entries read: [REPLICATE (1.1)]
I1221 21:08:52.933269   155 log_util.cc:279] Successfully rebuilt footer for segment: /home/yugabyte/yb_data/data/yb-data/tserver/wals/table-0000400000003000800000000000429b/tablet-0f8ca4ca3126439c9331ff9138a1fead/wal-000000001 (valid entries through byte offset 261)
I1221 21:08:52.935129   155 log.cc:588] T 0f8ca4ca3126439c9331ff9138a1fead P 0002331a981242cbbb199827b5bb183f: Opened existing logs. Last segment is /home/yugabyte/yb_data/data/yb-data/tserver/wals/table-0000400000003000800000000000429b/tablet-0f8ca4ca3126439c9331ff9138a1fead/wal-000000001
I1221 21:08:52.936342   155 tablet_bootstrap.cc:342] T 0f8ca4ca3126439c9331ff9138a1fead P 0002331a981242cbbb199827b5bb183f: Bootstrap optimizer (skip_flushed_entries): op_id_replay_lowest=0.0 (regular_op_id=0.0, intents_op_id=0.0, has_intents_db=1)
I1221 21:08:52.937482   155 tablet_bootstrap.cc:1126] T 0f8ca4ca3126439c9331ff9138a1fead P 0002331a981242cbbb199827b5bb183f: Segment /home/yugabyte/yb_data/data/yb-data/tserver/wals/table-0000400000003000800000000000429b/tablet-0f8ca4ca3126439c9331ff9138a1fead/wal-000000001 cannot be used as the first segment to start replay with according to our OpId and retention criteria. However, this is already the earliest segment so we have to start replay here. We should probably investigate how we got into this situation. op_id=1.1, first_op_time=3472331553.454s, min_seconds_to_retain_logs=120.000s, *replay_from_this_or_earlier_time=3472331433.454s, is_first_op_id_low_enough=0, is_first_op_time_early_enough=0
I1221 21:08:52.938664   155 tablet_bootstrap.cc:1139] T 0f8ca4ca3126439c9331ff9138a1fead P 0002331a981242cbbb199827b5bb183f: Bootstrap optimizer (skip_flushed_entries): will replay all segments starting from the very first one.
I1221 21:08:52.933063   154 db_impl.cc:2472] T 0f5d8befb4684f22afed11691ec5e0d1 P 0002331a981242cbbb199827b5bb183f [R]: SetOptions() on column family [default], inputs: [{disable_auto_compactions, false}]
I1221 21:08:52.941360   154 db_impl.cc:2476] T 0f5d8befb4684f22afed11691ec5e0d1 P 0002331a981242cbbb199827b5bb183f [R]: [default] SetOptions succeeded
I1221 21:08:52.947923   155 tablet_bootstrap_if.cc:79] T 0f8ca4ca3126439c9331ff9138a1fead P 0002331a981242cbbb199827b5bb183f: Bootstrap replayed 1/1 log segments. Read operations: 1, overwritten operations: 0. Pending: 1 replicates. Last read committed op id: 1.1, last entry metadata: { entry_time: 3472331553.454s offset: 179 active_segment_sequence_number: 1 }, last read entry op id: 1.1
I1221 21:08:52.949666   155 tablet_bootstrap.cc:1283] T 0f8ca4ca3126439c9331ff9138a1fead P 0002331a981242cbbb199827b5bb183f: Dumping replay state to log at the end of PlaySegments
I1221 21:08:52.951215   155 tablet_bootstrap.cc:995] T 0f8ca4ca3126439c9331ff9138a1fead P 0002331a981242cbbb199827b5bb183f: ReplayState: Previous OpId: 1.1, Committed OpId: 1.1, Pending Replicates: 0, Flushed Regular: 0.0, Flushed Intents: 0.0
I1221 21:08:52.952582   155 tablet_bootstrap.cc:995] T 0f8ca4ca3126439c9331ff9138a1fead P 0002331a981242cbbb199827b5bb183f: Log entries applied to RocksDB: 1
I1221 21:08:52.954385   155 tablet_bootstrap.cc:1294] T 0f8ca4ca3126439c9331ff9138a1fead P 0002331a981242cbbb199827b5bb183f: Number of orphaned replicates: 0, last id: 1.1, committed id: 1.1
I1221 21:08:52.973006   155 tablet_bootstrap_if.cc:79] T 0f8ca4ca3126439c9331ff9138a1fead P 0002331a981242cbbb199827b5bb183f: Bootstrap complete.
I1221 21:08:52.991381   110 raft_consensus.cc:1010] T 00c7030d7ae94c2b9ca7e9ddde4dec68 P 0002331a981242cbbb199827b5bb183f [term 1 FOLLOWER]: ReportFailDetected: Starting NORMAL_ELECTION...
I1221 21:08:53.008994   110 raft_consensus.cc:614] T 00c7030d7ae94c2b9ca7e9ddde4dec68 P 0002331a981242cbbb199827b5bb183f [term 1 FOLLOWER]: Triggering leader pre-election, mode=NORMAL_ELECTION
I1221 21:08:53.012181   110 raft_consensus.cc:3232] T 00c7030d7ae94c2b9ca7e9ddde4dec68 P 0002331a981242cbbb199827b5bb183f [term 1 FOLLOWER]: Snoozing failure detection for 3.073s
I1221 21:08:53.013888   110 raft_consensus.cc:654] T 00c7030d7ae94c2b9ca7e9ddde4dec68 P 0002331a981242cbbb199827b5bb183f [term 1 FOLLOWER]: Starting pre-election with config: opid_index: -1 peers { permanent_uuid: "0002331a981242cbbb199827b5bb183f" member_type: VOTER last_known_private_addr { host: "8d62daecd75d" port: 9100 } last_known_broadcast_addr { host: "127.0.0.1" port: 9100 } cloud_info { placement_cloud: "cloud1" placement_region: "datacenter1" placement_zone: "rack1" } }
I1221 21:08:53.033327   110 leader_election.cc:241] T 00c7030d7ae94c2b9ca7e9ddde4dec68 P 0002331a981242cbbb199827b5bb183f [CANDIDATE]: Term 2 pre-election: Election decided. Result: candidate won.
I1221 21:08:53.037577   110 raft_consensus.cc:3232] T 00c7030d7ae94c2b9ca7e9ddde4dec68 P 0002331a981242cbbb199827b5bb183f [term 1 FOLLOWER]: Snoozing failure detection for 3.123s
I1221 21:08:53.039923   110 raft_consensus.cc:3125] T 00c7030d7ae94c2b9ca7e9ddde4dec68 P 0002331a981242cbbb199827b5bb183f [term 1 FOLLOWER]: Leader pre-election won for term 2
I1221 21:08:53.041514   110 raft_consensus.cc:614] T 00c7030d7ae94c2b9ca7e9ddde4dec68 P 0002331a981242cbbb199827b5bb183f [term 1 FOLLOWER]: Triggering leader election, mode=NORMAL_ELECTION
I1221 21:08:53.043776   110 raft_consensus.cc:3232] T 00c7030d7ae94c2b9ca7e9ddde4dec68 P 0002331a981242cbbb199827b5bb183f [term 1 FOLLOWER]: Snoozing failure detection for 3.272s
I1221 21:08:53.045089   110 raft_consensus.cc:3293] T 00c7030d7ae94c2b9ca7e9ddde4dec68 P 0002331a981242cbbb199827b5bb183f [term 1 FOLLOWER]: Advancing to term 2
I1221 21:08:53.040035   154 db_impl.cc:2472] T 0f5d8befb4684f22afed11691ec5e0d1 P 0002331a981242cbbb199827b5bb183f [I]: SetOptions() on column family [default], inputs: [{level0_stop_writes_trigger, 2147483647}, {level0_slowdown_writes_trigger, 2147483647}]
I1221 21:08:53.072744   154 db_impl.cc:2476] T 0f5d8befb4684f22afed11691ec5e0d1 P 0002331a981242cbbb199827b5bb183f [I]: [default] SetOptions succeeded
I1221 21:08:53.073722   155 log.cc:1043] T 0f8ca4ca3126439c9331ff9138a1fead P 0002331a981242cbbb199827b5bb183f: Setting log wal retention time to 0 seconds
I1221 21:08:53.093329   155 ts_tablet_manager.cc:1333] T 0f8ca4ca3126439c9331ff9138a1fead P 0002331a981242cbbb199827b5bb183f: Time spent bootstrapping tablet: real 0.682s	user 0.018s	sys 0.015s
I1221 21:08:53.109236   155 consensus_meta.cc:298] T 0f8ca4ca3126439c9331ff9138a1fead P 0002331a981242cbbb199827b5bb183f: Updating active role from UNKNOWN_ROLE to FOLLOWER. Consensus state: current_term: 1 leader_uuid: "" config { opid_index: -1 peers { permanent_uuid: "0002331a981242cbbb199827b5bb183f" member_type: VOTER last_known_private_addr { host: "8d62daecd75d" port: 9100 } last_known_broadcast_addr { host: "127.0.0.1" port: 9100 } cloud_info { placement_cloud: "cloud1" placement_region: "datacenter1" placement_zone: "rack1" } } }, has_pending_config = 0
I1221 21:08:53.114992   155 transaction_participant.cc:190] T 0f8ca4ca3126439c9331ff9138a1fead P 0002331a981242cbbb199827b5bb183f: Start
I1221 21:08:53.117337   155 tablet_peer.cc:952] T 0f8ca4ca3126439c9331ff9138a1fead P 0002331a981242cbbb199827b5bb183f [state=BOOTSTRAPPING]: Setting cdc min replicated index to 9223372036854775807
I1221 21:08:53.117355   196 transaction_participant.cc:1022] T 0f8ca4ca3126439c9331ff9138a1fead P 0002331a981242cbbb199827b5bb183f: LoadFinished: starting transaction status resolution
I1221 21:08:53.114065   110 consensus_meta.cc:298] T 00c7030d7ae94c2b9ca7e9ddde4dec68 P 0002331a981242cbbb199827b5bb183f: Updating active role from FOLLOWER to FOLLOWER. Consensus state: current_term: 2 leader_uuid: "" config { opid_index: -1 peers { permanent_uuid: "0002331a981242cbbb199827b5bb183f" member_type: VOTER last_known_private_addr { host: "8d62daecd75d" port: 9100 } last_known_broadcast_addr { host: "127.0.0.1" port: 9100 } cloud_info { placement_cloud: "cloud1" placement_region: "datacenter1" placement_zone: "rack1" } } }, has_pending_config = 0
I1221 21:08:53.127216   110 raft_consensus.cc:654] T 00c7030d7ae94c2b9ca7e9ddde4dec68 P 0002331a981242cbbb199827b5bb183f [term 2 FOLLOWER]: Starting election with config: opid_index: -1 peers { permanent_uuid: "0002331a981242cbbb199827b5bb183f" member_type: VOTER last_known_private_addr { host: "8d62daecd75d" port: 9100 } last_known_broadcast_addr { host: "127.0.0.1" port: 9100 } cloud_info { placement_cloud: "cloud1" placement_region: "datacenter1" placement_zone: "rack1" } }
I1221 21:08:53.138082   155 consensus_meta.cc:298] T 0f8ca4ca3126439c9331ff9138a1fead P 0002331a981242cbbb199827b5bb183f: Updating active role from FOLLOWER to FOLLOWER. Consensus state: current_term: 1 leader_uuid: "" config { opid_index: -1 peers { permanent_uuid: "0002331a981242cbbb199827b5bb183f" member_type: VOTER last_known_private_addr { host: "8d62daecd75d" port: 9100 } last_known_broadcast_addr { host: "127.0.0.1" port: 9100 } cloud_info { placement_cloud: "cloud1" placement_region: "datacenter1" placement_zone: "rack1" } } }, has_pending_config = 0
I1221 21:08:53.140445   155 raft_consensus.cc:467] T 0f8ca4ca3126439c9331ff9138a1fead P 0002331a981242cbbb199827b5bb183f [term 1 FOLLOWER]: Replica starting. Triggering 0 pending operations. Active config: opid_index: -1 peers { permanent_uuid: "0002331a981242cbbb199827b5bb183f" member_type: VOTER last_known_private_addr { host: "8d62daecd75d" port: 9100 } last_known_broadcast_addr { host: "127.0.0.1" port: 9100 } cloud_info { placement_cloud: "cloud1" placement_region: "datacenter1" placement_zone: "rack1" } }
I1221 21:08:53.145200   155 raft_consensus.cc:1092] T 0f8ca4ca3126439c9331ff9138a1fead P 0002331a981242cbbb199827b5bb183f [term 1 FOLLOWER]: Becoming Follower/Learner. State: Replica: 0002331a981242cbbb199827b5bb183f, State: 1, Role: FOLLOWER, Watermarks: {Received: 1.1 Committed: 1.1} Leader: 0.0, new leader: , initial_fd_wait: <uninitialized>
I1221 21:08:53.147397   155 consensus_meta.cc:298] T 0f8ca4ca3126439c9331ff9138a1fead P 0002331a981242cbbb199827b5bb183f: Updating active role from FOLLOWER to FOLLOWER. Consensus state: current_term: 1 leader_uuid: "" config { opid_index: -1 peers { permanent_uuid: "0002331a981242cbbb199827b5bb183f" member_type: VOTER last_known_private_addr { host: "8d62daecd75d" port: 9100 } last_known_broadcast_addr { host: "127.0.0.1" port: 9100 } cloud_info { placement_cloud: "cloud1" placement_region: "datacenter1" placement_zone: "rack1" } } }, has_pending_config = 0
I1221 21:08:53.148990   155 consensus_queue.cc:273] T 0f8ca4ca3126439c9331ff9138a1fead P 0002331a981242cbbb199827b5bb183f [NON_LEADER]: Queue going to NON_LEADER mode. State: All replicated op: 0.0, Majority replicated op: 0.0, Committed index: 0.0, Last applied: 0.0, Last appended: 1.1, Current term: 0, Majority size: -1, State: QUEUE_OPEN, Mode: NON_LEADER
I1221 21:08:53.151624   155 raft_consensus.cc:3178] T 0f8ca4ca3126439c9331ff9138a1fead P 0002331a981242cbbb199827b5bb183f [term 1 FOLLOWER]: Calling mark dirty synchronously for reason code CONSENSUS_STARTED
I1221 21:08:53.169167   110 leader_election.cc:241] T 00c7030d7ae94c2b9ca7e9ddde4dec68 P 0002331a981242cbbb199827b5bb183f [CANDIDATE]: Term 2 election: Election decided. Result: candidate won.
I1221 21:08:53.171186   197 raft_consensus.cc:3232] T 00c7030d7ae94c2b9ca7e9ddde4dec68 P 0002331a981242cbbb199827b5bb183f [term 2 FOLLOWER]: Snoozing failure detection for 3.132s
I1221 21:08:53.172384   197 raft_consensus.cc:3139] T 00c7030d7ae94c2b9ca7e9ddde4dec68 P 0002331a981242cbbb199827b5bb183f [term 2 FOLLOWER]: Leader election won for term 2
I1221 21:08:53.174710   197 replica_state.cc:1095] T 00c7030d7ae94c2b9ca7e9ddde4dec68 P 0002331a981242cbbb199827b5bb183f [term 2 FOLLOWER]: Reset our lease: 11306.977s
I1221 21:08:53.179720   197 replica_state.cc:1344] T 00c7030d7ae94c2b9ca7e9ddde4dec68 P 0002331a981242cbbb199827b5bb183f [term 2 FOLLOWER]: SetLeaderNoOpCommittedUnlocked(0), committed: 1.2, received: 1.2
I1221 21:08:53.181022   197 consensus_meta.cc:298] T 00c7030d7ae94c2b9ca7e9ddde4dec68 P 0002331a981242cbbb199827b5bb183f: Updating active role from FOLLOWER to LEADER. Consensus state: current_term: 2 leader_uuid: "0002331a981242cbbb199827b5bb183f" config { opid_index: -1 peers { permanent_uuid: "0002331a981242cbbb199827b5bb183f" member_type: VOTER last_known_private_addr { host: "8d62daecd75d" port: 9100 } last_known_broadcast_addr { host: "127.0.0.1" port: 9100 } cloud_info { placement_cloud: "cloud1" placement_region: "datacenter1" placement_zone: "rack1" } } }, has_pending_config = 0
I1221 21:08:53.181875   197 raft_consensus.cc:3178] T 00c7030d7ae94c2b9ca7e9ddde4dec68 P 0002331a981242cbbb199827b5bb183f [term 2 LEADER]: Calling mark dirty synchronously for reason code NEW_LEADER_ELECTED
I1221 21:08:53.183221   197 raft_consensus.cc:1038] T 00c7030d7ae94c2b9ca7e9ddde4dec68 P 0002331a981242cbbb199827b5bb183f [term 2 LEADER]: Becoming Leader. State: Replica: 0002331a981242cbbb199827b5bb183f, State: 1, Role: LEADER, Watermarks: {Received: 1.2 Committed: 1.2} Leader: 0.0
I1221 21:08:53.184361   197 consensus_queue.cc:255] T 00c7030d7ae94c2b9ca7e9ddde4dec68 P 0002331a981242cbbb199827b5bb183f [LEADER]: Queue going to LEADER mode. State: All replicated op: 0.0, Majority replicated op: 1.2, Committed index: 1.2, Last applied: 1.2, Last appended: 1.2, Current term: 2, Majority size: 1, State: QUEUE_OPEN, Mode: LEADER, active raft config: opid_index: -1 peers { permanent_uuid: "0002331a981242cbbb199827b5bb183f" member_type: VOTER last_known_private_addr { host: "8d62daecd75d" port: 9100 } last_known_broadcast_addr { host: "127.0.0.1" port: 9100 } cloud_info { placement_cloud: "cloud1" placement_region: "datacenter1" placement_zone: "rack1" } }
I1221 21:08:53.185313   197 raft_consensus.cc:1056] Sending NO_OP at op 1.2
I1221 21:08:53.172492   154 db_impl.cc:2472] T 0f5d8befb4684f22afed11691ec5e0d1 P 0002331a981242cbbb199827b5bb183f [I]: SetOptions() on column family [default], inputs: [{disable_auto_compactions, false}]
I1221 21:08:53.188493   154 db_impl.cc:2476] T 0f5d8befb4684f22afed11691ec5e0d1 P 0002331a981242cbbb199827b5bb183f [I]: [default] SetOptions succeeded
I1221 21:08:53.190208   154 tablet_peer.cc:1132] T 0f5d8befb4684f22afed11691ec5e0d1 P 0002331a981242cbbb199827b5bb183f [state=RUNNING]: Registered log gc
I1221 21:08:53.192682   154 ts_tablet_manager.cc:1390] T 0f5d8befb4684f22afed11691ec5e0d1 P 0002331a981242cbbb199827b5bb183f: Time spent starting tablet: real 0.468s	user 0.011s	sys 0.008s
I1221 21:08:53.197011   154 ts_tablet_manager.cc:2509] Deleted transition in progress opening tablet for tablet 0f5d8befb4684f22afed11691ec5e0d1
I1221 21:08:53.198498   154 ts_tablet_manager.cc:1326] T 109a2a87c4f04de8af9a080103523b29 P 0002331a981242cbbb199827b5bb183f: Bootstrapping tablet
I1221 21:08:53.199350   154 tablet_peer.cc:1240] T 109a2a87c4f04de8af9a080103523b29 P 0002331a981242cbbb199827b5bb183f [state=BOOTSTRAPPING]: Changed state from NOT_STARTED to BOOTSTRAPPING
I1221 21:08:53.169859   155 tablet_peer.cc:1240] T 0f8ca4ca3126439c9331ff9138a1fead P 0002331a981242cbbb199827b5bb183f [state=RUNNING]: Changed state from BOOTSTRAPPING to RUNNING
I1221 21:08:53.192407   110 replica_state.cc:1344] T 00c7030d7ae94c2b9ca7e9ddde4dec68 P 0002331a981242cbbb199827b5bb183f [term 2 LEADER]: SetLeaderNoOpCommittedUnlocked(1), committed: 1.2, received: 2.3
I1221 21:08:53.207746   110 replica_state.cc:727] T 00c7030d7ae94c2b9ca7e9ddde4dec68 P 0002331a981242cbbb199827b5bb183f [term 2 LEADER]: Advanced the committed_op_id across terms. Last committed operation was: 1.2 New committed index is: 2.3
I1221 21:08:53.209621   154 consensus_meta.cc:298] T 109a2a87c4f04de8af9a080103523b29 P 0002331a981242cbbb199827b5bb183f: Updating active role from UNKNOWN_ROLE to FOLLOWER. Consensus state: current_term: 1 leader_uuid: "" config { opid_index: -1 peers { permanent_uuid: "0002331a981242cbbb199827b5bb183f" member_type: VOTER last_known_private_addr { host: "8d62daecd75d" port: 9100 } last_known_broadcast_addr { host: "127.0.0.1" port: 9100 } cloud_info { placement_cloud: "cloud1" placement_region: "datacenter1" placement_zone: "rack1" } } }, has_pending_config = 0
I1221 21:08:53.215238   154 tablet_bootstrap_if.cc:79] T 109a2a87c4f04de8af9a080103523b29 P 0002331a981242cbbb199827b5bb183f: Bootstrap starting.
I1221 21:08:53.222162   154 tablet.cc:420] T 109a2a87c4f04de8af9a080103523b29 P 0002331a981242cbbb199827b5bb183f: Schema version for TBL_PRIVS is 4
I1221 21:08:53.224459   154 transaction_participant.cc:135] T 109a2a87c4f04de8af9a080103523b29 P 0002331a981242cbbb199827b5bb183f: Create
I1221 21:08:53.226569   154 thread_pool.cc:171] Starting thread pool { name: TransactionManager queue_limit: 500 max_workers: 50 }
I1221 21:08:53.228826   154 meta_data_cache.h:40] Creating a metadata cache without a permissions cache
I1221 21:08:53.229892   154 docdb_rocksdb_util.cc:328] Overriding FLAGS_rocksdb_max_background_flushes to 1
I1221 21:08:53.231302   154 docdb_rocksdb_util.cc:358] FLAGS_rocksdb_max_background_compactions was not set, automatically configuring 1 background compactions.
I1221 21:08:53.233692   154 docdb_rocksdb_util.cc:358] FLAGS_rocksdb_max_background_compactions was not set, automatically configuring 1 background compactions.
I1221 21:08:53.235013   154 docdb_rocksdb_util.cc:370] FLAGS_rocksdb_base_background_compactions was not set, automatically configuring 1 base background compactions.
I1221 21:08:53.236270   154 docdb_rocksdb_util.cc:328] Overriding FLAGS_rocksdb_max_background_flushes to 1
I1221 21:08:53.237071   154 docdb_rocksdb_util.cc:358] FLAGS_rocksdb_max_background_compactions was not set, automatically configuring 1 background compactions.
I1221 21:08:53.238539   154 docdb_rocksdb_util.cc:358] FLAGS_rocksdb_max_background_compactions was not set, automatically configuring 1 background compactions.
I1221 21:08:53.240134   154 docdb_rocksdb_util.cc:370] FLAGS_rocksdb_base_background_compactions was not set, automatically configuring 1 base background compactions.
I1221 21:08:53.242581   154 tablet.cc:537] T 109a2a87c4f04de8af9a080103523b29 P 0002331a981242cbbb199827b5bb183f: Creating RocksDB database in dir /home/yugabyte/yb_data/data/yb-data/tserver/data/rocksdb/table-0000400000003000800000000000422d/tablet-109a2a87c4f04de8af9a080103523b29
I1221 21:08:53.245635   155 db_impl.cc:2472] T 0f8ca4ca3126439c9331ff9138a1fead P 0002331a981242cbbb199827b5bb183f [R]: SetOptions() on column family [default], inputs: [{level0_stop_writes_trigger, 2147483647}, {level0_slowdown_writes_trigger, 2147483647}]
I1221 21:08:53.246851   155 db_impl.cc:2476] T 0f8ca4ca3126439c9331ff9138a1fead P 0002331a981242cbbb199827b5bb183f [R]: [default] SetOptions succeeded
I1221 21:08:53.246994   154 tablet.cc:699] Opening RocksDB at: /home/yugabyte/yb_data/data/yb-data/tserver/data/rocksdb/table-0000400000003000800000000000422d/tablet-109a2a87c4f04de8af9a080103523b29
I1221 21:08:53.283592   154 version_set.cc:2843] T 109a2a87c4f04de8af9a080103523b29 P 0002331a981242cbbb199827b5bb183f [R]: Recovered from manifest file:/home/yugabyte/yb_data/data/yb-data/tserver/data/rocksdb/table-0000400000003000800000000000422d/tablet-109a2a87c4f04de8af9a080103523b29/MANIFEST-000001 succeeded,manifest_file_number is 1, next_file_number is 3, last_sequence is 1125899906842624, log_number is 0,prev_log_number is 0,max_column_family is 0, flushed_values is <NULL>
I1221 21:08:53.286024   154 version_set.cc:2851] T 109a2a87c4f04de8af9a080103523b29 P 0002331a981242cbbb199827b5bb183f [R]: Column family [default] (ID 0), log number is 0
I1221 21:08:53.291221   154 event_logger.cc:67] T 109a2a87c4f04de8af9a080103523b29 P 0002331a981242cbbb199827b5bb183f [R]: EVENT_LOG_v1 {"time_micros": 1640120933291198, "job": 1, "event": "recovery_started", "log_files": [3]}
I1221 21:08:53.305819   154 db_impl.cc:1494] T 109a2a87c4f04de8af9a080103523b29 P 0002331a981242cbbb199827b5bb183f [R]: Recovering log #3 mode 0 skip-recovery 0
I1221 21:08:53.308346   154 version_set.cc:2284] T 109a2a87c4f04de8af9a080103523b29 P 0002331a981242cbbb199827b5bb183f [R]: Creating manifest 5
I1221 21:08:53.310900   155 db_impl.cc:2472] T 0f8ca4ca3126439c9331ff9138a1fead P 0002331a981242cbbb199827b5bb183f [R]: SetOptions() on column family [default], inputs: [{disable_auto_compactions, false}]
I1221 21:08:53.312242   155 db_impl.cc:2476] T 0f8ca4ca3126439c9331ff9138a1fead P 0002331a981242cbbb199827b5bb183f [R]: [default] SetOptions succeeded
I1221 21:08:53.314344   154 version_set.cc:3350] T 109a2a87c4f04de8af9a080103523b29 P 0002331a981242cbbb199827b5bb183f [R]: Writing version edit: comparator: "leveldb.BytewiseComparator"

W1221 21:08:53.320644   154 env.h:611] Failed to pre-allocate space for a file: IO error (yb/rocksdb/util/io_posix.cc:481): /home/yugabyte/yb_data/data/yb-data/tserver/data/rocksdb/table-0000400000003000800000000000422d/tablet-109a2a87c4f04de8af9a080103523b29/MANIFEST-000005: Operation not supported
I1221 21:08:53.328088   154 version_set.cc:3350] T 109a2a87c4f04de8af9a080103523b29 P 0002331a981242cbbb199827b5bb183f [R]: Writing version edit: log_number: 0

I1221 21:08:53.359303   154 event_logger.cc:67] T 109a2a87c4f04de8af9a080103523b29 P 0002331a981242cbbb199827b5bb183f [R]: EVENT_LOG_v1 {"time_micros": 1640120933359281, "job": 1, "event": "recovery_finished"}
I1221 21:08:53.372728   154 db_impl.cc:1147] T 109a2a87c4f04de8af9a080103523b29 P 0002331a981242cbbb199827b5bb183f [R]: [JOB 2] Delete /home/yugabyte/yb_data/data/yb-data/tserver/data/rocksdb/table-0000400000003000800000000000422d/tablet-109a2a87c4f04de8af9a080103523b29//MANIFEST-000001 type=4 #1 -- OK
