I1221 21:08:54.177985   110 raft_consensus.cc:1010] T 03e6adcbaa784ef5bf558e9b75185c87 P 0002331a981242cbbb199827b5bb183f [term 1 FOLLOWER]: ReportFailDetected: Starting NORMAL_ELECTION...
I1221 21:08:54.180152   110 raft_consensus.cc:614] T 03e6adcbaa784ef5bf558e9b75185c87 P 0002331a981242cbbb199827b5bb183f [term 1 FOLLOWER]: Triggering leader pre-election, mode=NORMAL_ELECTION
I1221 21:08:54.181612   110 raft_consensus.cc:3232] T 03e6adcbaa784ef5bf558e9b75185c87 P 0002331a981242cbbb199827b5bb183f [term 1 FOLLOWER]: Snoozing failure detection for 3.119s
I1221 21:08:54.183099   110 raft_consensus.cc:654] T 03e6adcbaa784ef5bf558e9b75185c87 P 0002331a981242cbbb199827b5bb183f [term 1 FOLLOWER]: Starting pre-election with config: opid_index: -1 peers { permanent_uuid: "0002331a981242cbbb199827b5bb183f" member_type: VOTER last_known_private_addr { host: "8d62daecd75d" port: 9100 } last_known_broadcast_addr { host: "127.0.0.1" port: 9100 } cloud_info { placement_cloud: "cloud1" placement_region: "datacenter1" placement_zone: "rack1" } }
I1221 21:08:54.184825   110 leader_election.cc:241] T 03e6adcbaa784ef5bf558e9b75185c87 P 0002331a981242cbbb199827b5bb183f [CANDIDATE]: Term 2 pre-election: Election decided. Result: candidate won.
I1221 21:08:54.186311   110 raft_consensus.cc:3232] T 03e6adcbaa784ef5bf558e9b75185c87 P 0002331a981242cbbb199827b5bb183f [term 1 FOLLOWER]: Snoozing failure detection for 3.225s
I1221 21:08:54.189504   110 raft_consensus.cc:3125] T 03e6adcbaa784ef5bf558e9b75185c87 P 0002331a981242cbbb199827b5bb183f [term 1 FOLLOWER]: Leader pre-election won for term 2
I1221 21:08:54.190511   110 raft_consensus.cc:614] T 03e6adcbaa784ef5bf558e9b75185c87 P 0002331a981242cbbb199827b5bb183f [term 1 FOLLOWER]: Triggering leader election, mode=NORMAL_ELECTION
I1221 21:08:54.191498   110 raft_consensus.cc:3232] T 03e6adcbaa784ef5bf558e9b75185c87 P 0002331a981242cbbb199827b5bb183f [term 1 FOLLOWER]: Snoozing failure detection for 3.203s
I1221 21:08:54.192292   110 raft_consensus.cc:3293] T 03e6adcbaa784ef5bf558e9b75185c87 P 0002331a981242cbbb199827b5bb183f [term 1 FOLLOWER]: Advancing to term 2
I1221 21:08:54.184947   154 db_impl.cc:2472] T 109a2a87c4f04de8af9a080103523b29 P 0002331a981242cbbb199827b5bb183f [I]: SetOptions() on column family [default], inputs: [{disable_auto_compactions, false}]
I1221 21:08:54.195112   154 db_impl.cc:2476] T 109a2a87c4f04de8af9a080103523b29 P 0002331a981242cbbb199827b5bb183f [I]: [default] SetOptions succeeded
I1221 21:08:54.196637   154 tablet_peer.cc:1132] T 109a2a87c4f04de8af9a080103523b29 P 0002331a981242cbbb199827b5bb183f [state=RUNNING]: Registered log gc
I1221 21:08:54.199199   154 ts_tablet_manager.cc:1390] T 109a2a87c4f04de8af9a080103523b29 P 0002331a981242cbbb199827b5bb183f: Time spent starting tablet: real 0.194s	user 0.010s	sys 0.003s
I1221 21:08:54.202864   154 ts_tablet_manager.cc:2509] Deleted transition in progress opening tablet for tablet 109a2a87c4f04de8af9a080103523b29
I1221 21:08:54.215437   154 ts_tablet_manager.cc:1326] T 12633144729f458690584e5016b557f2 P 0002331a981242cbbb199827b5bb183f: Bootstrapping tablet
I1221 21:08:54.217034   154 tablet_peer.cc:1240] T 12633144729f458690584e5016b557f2 P 0002331a981242cbbb199827b5bb183f [state=BOOTSTRAPPING]: Changed state from NOT_STARTED to BOOTSTRAPPING
I1221 21:08:54.213902   155 db_impl.cc:2472] T 1208bb52275d4dc1835f8efbd9c02805 P 0002331a981242cbbb199827b5bb183f [R]: SetOptions() on column family [default], inputs: [{level0_stop_writes_trigger, 2147483647}, {level0_slowdown_writes_trigger, 2147483647}]
I1221 21:08:54.217417   110 consensus_meta.cc:298] T 03e6adcbaa784ef5bf558e9b75185c87 P 0002331a981242cbbb199827b5bb183f: Updating active role from FOLLOWER to FOLLOWER. Consensus state: current_term: 2 leader_uuid: "" config { opid_index: -1 peers { permanent_uuid: "0002331a981242cbbb199827b5bb183f" member_type: VOTER last_known_private_addr { host: "8d62daecd75d" port: 9100 } last_known_broadcast_addr { host: "127.0.0.1" port: 9100 } cloud_info { placement_cloud: "cloud1" placement_region: "datacenter1" placement_zone: "rack1" } } }, has_pending_config = 0
I1221 21:08:54.220141   110 raft_consensus.cc:654] T 03e6adcbaa784ef5bf558e9b75185c87 P 0002331a981242cbbb199827b5bb183f [term 2 FOLLOWER]: Starting election with config: opid_index: -1 peers { permanent_uuid: "0002331a981242cbbb199827b5bb183f" member_type: VOTER last_known_private_addr { host: "8d62daecd75d" port: 9100 } last_known_broadcast_addr { host: "127.0.0.1" port: 9100 } cloud_info { placement_cloud: "cloud1" placement_region: "datacenter1" placement_zone: "rack1" } }
I1221 21:08:54.218926   155 db_impl.cc:2476] T 1208bb52275d4dc1835f8efbd9c02805 P 0002331a981242cbbb199827b5bb183f [R]: [default] SetOptions succeeded
I1221 21:08:54.222687   154 consensus_meta.cc:298] T 12633144729f458690584e5016b557f2 P 0002331a981242cbbb199827b5bb183f: Updating active role from UNKNOWN_ROLE to FOLLOWER. Consensus state: current_term: 1 leader_uuid: "" config { opid_index: -1 peers { permanent_uuid: "0002331a981242cbbb199827b5bb183f" member_type: VOTER last_known_private_addr { host: "8d62daecd75d" port: 9100 } last_known_broadcast_addr { host: "127.0.0.1" port: 9100 } cloud_info { placement_cloud: "cloud1" placement_region: "datacenter1" placement_zone: "rack1" } } }, has_pending_config = 0
I1221 21:08:54.224843   154 tablet_bootstrap_if.cc:79] T 12633144729f458690584e5016b557f2 P 0002331a981242cbbb199827b5bb183f: Bootstrap starting.
I1221 21:08:54.231683   154 tablet.cc:420] T 12633144729f458690584e5016b557f2 P 0002331a981242cbbb199827b5bb183f: Schema version for GLOBAL_PRIVS is 1
I1221 21:08:54.233023   154 transaction_participant.cc:135] T 12633144729f458690584e5016b557f2 P 0002331a981242cbbb199827b5bb183f: Create
I1221 21:08:54.234454   154 thread_pool.cc:171] Starting thread pool { name: TransactionManager queue_limit: 500 max_workers: 50 }
I1221 21:08:54.235337   110 leader_election.cc:241] T 03e6adcbaa784ef5bf558e9b75185c87 P 0002331a981242cbbb199827b5bb183f [CANDIDATE]: Term 2 election: Election decided. Result: candidate won.
I1221 21:08:54.237470   110 raft_consensus.cc:3232] T 03e6adcbaa784ef5bf558e9b75185c87 P 0002331a981242cbbb199827b5bb183f [term 2 FOLLOWER]: Snoozing failure detection for 3.275s
I1221 21:08:54.240048   110 raft_consensus.cc:3139] T 03e6adcbaa784ef5bf558e9b75185c87 P 0002331a981242cbbb199827b5bb183f [term 2 FOLLOWER]: Leader election won for term 2
I1221 21:08:54.241691   110 replica_state.cc:1095] T 03e6adcbaa784ef5bf558e9b75185c87 P 0002331a981242cbbb199827b5bb183f [term 2 FOLLOWER]: Reset our lease: 11308.044s
I1221 21:08:54.243505   110 replica_state.cc:1344] T 03e6adcbaa784ef5bf558e9b75185c87 P 0002331a981242cbbb199827b5bb183f [term 2 FOLLOWER]: SetLeaderNoOpCommittedUnlocked(0), committed: 1.1, received: 1.1
I1221 21:08:54.245744   110 consensus_meta.cc:298] T 03e6adcbaa784ef5bf558e9b75185c87 P 0002331a981242cbbb199827b5bb183f: Updating active role from FOLLOWER to LEADER. Consensus state: current_term: 2 leader_uuid: "0002331a981242cbbb199827b5bb183f" config { opid_index: -1 peers { permanent_uuid: "0002331a981242cbbb199827b5bb183f" member_type: VOTER last_known_private_addr { host: "8d62daecd75d" port: 9100 } last_known_broadcast_addr { host: "127.0.0.1" port: 9100 } cloud_info { placement_cloud: "cloud1" placement_region: "datacenter1" placement_zone: "rack1" } } }, has_pending_config = 0
I1221 21:08:54.247212   110 raft_consensus.cc:3178] T 03e6adcbaa784ef5bf558e9b75185c87 P 0002331a981242cbbb199827b5bb183f [term 2 LEADER]: Calling mark dirty synchronously for reason code NEW_LEADER_ELECTED
I1221 21:08:54.248811   110 raft_consensus.cc:1038] T 03e6adcbaa784ef5bf558e9b75185c87 P 0002331a981242cbbb199827b5bb183f [term 2 LEADER]: Becoming Leader. State: Replica: 0002331a981242cbbb199827b5bb183f, State: 1, Role: LEADER, Watermarks: {Received: 1.1 Committed: 1.1} Leader: 0.0
I1221 21:08:54.250515   110 consensus_queue.cc:255] T 03e6adcbaa784ef5bf558e9b75185c87 P 0002331a981242cbbb199827b5bb183f [LEADER]: Queue going to LEADER mode. State: All replicated op: 0.0, Majority replicated op: 1.1, Committed index: 1.1, Last applied: 1.1, Last appended: 1.1, Current term: 2, Majority size: 1, State: QUEUE_OPEN, Mode: LEADER, active raft config: opid_index: -1 peers { permanent_uuid: "0002331a981242cbbb199827b5bb183f" member_type: VOTER last_known_private_addr { host: "8d62daecd75d" port: 9100 } last_known_broadcast_addr { host: "127.0.0.1" port: 9100 } cloud_info { placement_cloud: "cloud1" placement_region: "datacenter1" placement_zone: "rack1" } }
I1221 21:08:54.252269   110 raft_consensus.cc:1056] Sending NO_OP at op 1.1
I1221 21:08:54.235911   154 meta_data_cache.h:40] Creating a metadata cache without a permissions cache
I1221 21:08:54.256618   154 docdb_rocksdb_util.cc:328] Overriding FLAGS_rocksdb_max_background_flushes to 1
I1221 21:08:54.258807   200 replica_state.cc:1344] T 03e6adcbaa784ef5bf558e9b75185c87 P 0002331a981242cbbb199827b5bb183f [term 2 LEADER]: SetLeaderNoOpCommittedUnlocked(1), committed: 1.1, received: 2.2
I1221 21:08:54.263391   200 replica_state.cc:727] T 03e6adcbaa784ef5bf558e9b75185c87 P 0002331a981242cbbb199827b5bb183f [term 2 LEADER]: Advanced the committed_op_id across terms. Last committed operation was: 1.1 New committed index is: 2.2
I1221 21:08:54.259796   154 docdb_rocksdb_util.cc:358] FLAGS_rocksdb_max_background_compactions was not set, automatically configuring 1 background compactions.
I1221 21:08:54.267928   154 docdb_rocksdb_util.cc:358] FLAGS_rocksdb_max_background_compactions was not set, automatically configuring 1 background compactions.
I1221 21:08:54.272051   154 docdb_rocksdb_util.cc:370] FLAGS_rocksdb_base_background_compactions was not set, automatically configuring 1 base background compactions.
I1221 21:08:54.277418   154 docdb_rocksdb_util.cc:328] Overriding FLAGS_rocksdb_max_background_flushes to 1
I1221 21:08:54.279208   154 docdb_rocksdb_util.cc:358] FLAGS_rocksdb_max_background_compactions was not set, automatically configuring 1 background compactions.
I1221 21:08:54.280340   154 docdb_rocksdb_util.cc:358] FLAGS_rocksdb_max_background_compactions was not set, automatically configuring 1 background compactions.
I1221 21:08:54.281209   154 docdb_rocksdb_util.cc:370] FLAGS_rocksdb_base_background_compactions was not set, automatically configuring 1 base background compactions.
I1221 21:08:54.282325   154 tablet.cc:537] T 12633144729f458690584e5016b557f2 P 0002331a981242cbbb199827b5bb183f: Creating RocksDB database in dir /home/yugabyte/yb_data/data/yb-data/tserver/data/rocksdb/table-0000400000003000800000000000415a/tablet-12633144729f458690584e5016b557f2
I1221 21:08:54.270593   155 db_impl.cc:2472] T 1208bb52275d4dc1835f8efbd9c02805 P 0002331a981242cbbb199827b5bb183f [R]: SetOptions() on column family [default], inputs: [{disable_auto_compactions, false}]
I1221 21:08:54.284104   154 tablet.cc:699] Opening RocksDB at: /home/yugabyte/yb_data/data/yb-data/tserver/data/rocksdb/table-0000400000003000800000000000415a/tablet-12633144729f458690584e5016b557f2
I1221 21:08:54.284255   155 db_impl.cc:2476] T 1208bb52275d4dc1835f8efbd9c02805 P 0002331a981242cbbb199827b5bb183f [R]: [default] SetOptions succeeded
I1221 21:08:54.338200   154 version_set.cc:2843] T 12633144729f458690584e5016b557f2 P 0002331a981242cbbb199827b5bb183f [R]: Recovered from manifest file:/home/yugabyte/yb_data/data/yb-data/tserver/data/rocksdb/table-0000400000003000800000000000415a/tablet-12633144729f458690584e5016b557f2/MANIFEST-000001 succeeded,manifest_file_number is 1, next_file_number is 3, last_sequence is 1125899906842624, log_number is 0,prev_log_number is 0,max_column_family is 0, flushed_values is <NULL>
I1221 21:08:54.341490   154 version_set.cc:2851] T 12633144729f458690584e5016b557f2 P 0002331a981242cbbb199827b5bb183f [R]: Column family [default] (ID 0), log number is 0
I1221 21:08:54.343236   154 event_logger.cc:67] T 12633144729f458690584e5016b557f2 P 0002331a981242cbbb199827b5bb183f [R]: EVENT_LOG_v1 {"time_micros": 1640120934343220, "job": 1, "event": "recovery_started", "log_files": [3]}
I1221 21:08:54.372231   154 db_impl.cc:1494] T 12633144729f458690584e5016b557f2 P 0002331a981242cbbb199827b5bb183f [R]: Recovering log #3 mode 0 skip-recovery 0
I1221 21:08:54.376672   154 version_set.cc:2284] T 12633144729f458690584e5016b557f2 P 0002331a981242cbbb199827b5bb183f [R]: Creating manifest 5
I1221 21:08:54.382254   155 db_impl.cc:2472] T 1208bb52275d4dc1835f8efbd9c02805 P 0002331a981242cbbb199827b5bb183f [I]: SetOptions() on column family [default], inputs: [{level0_stop_writes_trigger, 2147483647}, {level0_slowdown_writes_trigger, 2147483647}]
I1221 21:08:54.384171   155 db_impl.cc:2476] T 1208bb52275d4dc1835f8efbd9c02805 P 0002331a981242cbbb199827b5bb183f [I]: [default] SetOptions succeeded
I1221 21:08:54.384407   154 version_set.cc:3350] T 12633144729f458690584e5016b557f2 P 0002331a981242cbbb199827b5bb183f [R]: Writing version edit: comparator: "leveldb.BytewiseComparator"

W1221 21:08:54.386951   154 env.h:611] Failed to pre-allocate space for a file: IO error (yb/rocksdb/util/io_posix.cc:481): /home/yugabyte/yb_data/data/yb-data/tserver/data/rocksdb/table-0000400000003000800000000000415a/tablet-12633144729f458690584e5016b557f2/MANIFEST-000005: Operation not supported
I1221 21:08:54.391192   154 version_set.cc:3350] T 12633144729f458690584e5016b557f2 P 0002331a981242cbbb199827b5bb183f [R]: Writing version edit: log_number: 0

I1221 21:08:54.405761   154 event_logger.cc:67] T 12633144729f458690584e5016b557f2 P 0002331a981242cbbb199827b5bb183f [R]: EVENT_LOG_v1 {"time_micros": 1640120934405750, "job": 1, "event": "recovery_finished"}
I1221 21:08:54.417838   154 db_impl.cc:1147] T 12633144729f458690584e5016b557f2 P 0002331a981242cbbb199827b5bb183f [R]: [JOB 2] Delete /home/yugabyte/yb_data/data/yb-data/tserver/data/rocksdb/table-0000400000003000800000000000415a/tablet-12633144729f458690584e5016b557f2//MANIFEST-000001 type=4 #1 -- OK
I1221 21:08:54.418151   155 db_impl.cc:2472] T 1208bb52275d4dc1835f8efbd9c02805 P 0002331a981242cbbb199827b5bb183f [I]: SetOptions() on column family [default], inputs: [{disable_auto_compactions, false}]
I1221 21:08:54.420361   154 db_impl.cc:1147] T 12633144729f458690584e5016b557f2 P 0002331a981242cbbb199827b5bb183f [R]: [JOB 2] Delete /home/yugabyte/yb_data/data/yb-data/tserver/data/rocksdb/table-0000400000003000800000000000415a/tablet-12633144729f458690584e5016b557f2//000003.log type=0 #3 -- OK
I1221 21:08:54.420747   155 db_impl.cc:2476] T 1208bb52275d4dc1835f8efbd9c02805 P 0002331a981242cbbb199827b5bb183f [I]: [default] SetOptions succeeded
I1221 21:08:54.424157   155 tablet_peer.cc:1132] T 1208bb52275d4dc1835f8efbd9c02805 P 0002331a981242cbbb199827b5bb183f [state=RUNNING]: Registered log gc
I1221 21:08:54.424916   155 ts_tablet_manager.cc:1390] T 1208bb52275d4dc1835f8efbd9c02805 P 0002331a981242cbbb199827b5bb183f: Time spent starting tablet: real 0.292s	user 0.006s	sys 0.011s
I1221 21:08:54.425657   155 ts_tablet_manager.cc:2509] Deleted transition in progress opening tablet for tablet 1208bb52275d4dc1835f8efbd9c02805
I1221 21:08:54.426512   155 ts_tablet_manager.cc:1326] T 12a68ad2aec547299d226faf9ac1050e P 0002331a981242cbbb199827b5bb183f: Bootstrapping tablet
I1221 21:08:54.429628   155 tablet_peer.cc:1240] T 12a68ad2aec547299d226faf9ac1050e P 0002331a981242cbbb199827b5bb183f [state=BOOTSTRAPPING]: Changed state from NOT_STARTED to BOOTSTRAPPING
I1221 21:08:54.439376   155 consensus_meta.cc:298] T 12a68ad2aec547299d226faf9ac1050e P 0002331a981242cbbb199827b5bb183f: Updating active role from UNKNOWN_ROLE to FOLLOWER. Consensus state: current_term: 1 leader_uuid: "" config { opid_index: -1 peers { permanent_uuid: "0002331a981242cbbb199827b5bb183f" member_type: VOTER last_known_private_addr { host: "8d62daecd75d" port: 9100 } last_known_broadcast_addr { host: "127.0.0.1" port: 9100 } cloud_info { placement_cloud: "cloud1" placement_region: "datacenter1" placement_zone: "rack1" } } }, has_pending_config = 0
I1221 21:08:54.442386   155 tablet_bootstrap_if.cc:79] T 12a68ad2aec547299d226faf9ac1050e P 0002331a981242cbbb199827b5bb183f: Bootstrap starting.
I1221 21:08:54.447957   155 tablet.cc:420] T 12a68ad2aec547299d226faf9ac1050e P 0002331a981242cbbb199827b5bb183f: Schema version for INDEX_PARAMS_N49 is 0
I1221 21:08:54.449864   155 transaction_participant.cc:135] T 12a68ad2aec547299d226faf9ac1050e P 0002331a981242cbbb199827b5bb183f: Create
I1221 21:08:54.451133   155 docdb_rocksdb_util.cc:328] Overriding FLAGS_rocksdb_max_background_flushes to 1
I1221 21:08:54.452713   155 docdb_rocksdb_util.cc:358] FLAGS_rocksdb_max_background_compactions was not set, automatically configuring 1 background compactions.
I1221 21:08:54.457414   155 docdb_rocksdb_util.cc:358] FLAGS_rocksdb_max_background_compactions was not set, automatically configuring 1 background compactions.
I1221 21:08:54.457754   154 tablet.cc:714] T 12633144729f458690584e5016b557f2 P 0002331a981242cbbb199827b5bb183f: Opening intents DB at: /home/yugabyte/yb_data/data/yb-data/tserver/data/rocksdb/table-0000400000003000800000000000415a/tablet-12633144729f458690584e5016b557f2.intents
I1221 21:08:54.464114   155 docdb_rocksdb_util.cc:370] FLAGS_rocksdb_base_background_compactions was not set, automatically configuring 1 base background compactions.
I1221 21:08:54.465814   155 docdb_rocksdb_util.cc:328] Overriding FLAGS_rocksdb_max_background_flushes to 1
I1221 21:08:54.466714   155 docdb_rocksdb_util.cc:358] FLAGS_rocksdb_max_background_compactions was not set, automatically configuring 1 background compactions.
I1221 21:08:54.467355   155 docdb_rocksdb_util.cc:358] FLAGS_rocksdb_max_background_compactions was not set, automatically configuring 1 background compactions.
I1221 21:08:54.468888   155 docdb_rocksdb_util.cc:370] FLAGS_rocksdb_base_background_compactions was not set, automatically configuring 1 base background compactions.
I1221 21:08:54.470037   155 tablet.cc:537] T 12a68ad2aec547299d226faf9ac1050e P 0002331a981242cbbb199827b5bb183f: Creating RocksDB database in dir /home/yugabyte/yb_data/data/yb-data/tserver/data/rocksdb/table-000040000000300080000000000042d4/tablet-12a68ad2aec547299d226faf9ac1050e
I1221 21:08:54.474611   155 tablet.cc:699] Opening RocksDB at: /home/yugabyte/yb_data/data/yb-data/tserver/data/rocksdb/table-000040000000300080000000000042d4/tablet-12a68ad2aec547299d226faf9ac1050e
I1221 21:08:54.486263   154 version_set.cc:2843] T 12633144729f458690584e5016b557f2 P 0002331a981242cbbb199827b5bb183f [I]: Recovered from manifest file:/home/yugabyte/yb_data/data/yb-data/tserver/data/rocksdb/table-0000400000003000800000000000415a/tablet-12633144729f458690584e5016b557f2.intents/MANIFEST-000001 succeeded,manifest_file_number is 1, next_file_number is 3, last_sequence is 1125899906842624, log_number is 0,prev_log_number is 0,max_column_family is 0, flushed_values is <NULL>
I1221 21:08:54.488071   154 version_set.cc:2851] T 12633144729f458690584e5016b557f2 P 0002331a981242cbbb199827b5bb183f [I]: Column family [default] (ID 0), log number is 0
I1221 21:08:54.489676   154 event_logger.cc:67] T 12633144729f458690584e5016b557f2 P 0002331a981242cbbb199827b5bb183f [I]: EVENT_LOG_v1 {"time_micros": 1640120934489660, "job": 1, "event": "recovery_started", "log_files": [3]}
I1221 21:08:54.497815   154 db_impl.cc:1494] T 12633144729f458690584e5016b557f2 P 0002331a981242cbbb199827b5bb183f [I]: Recovering log #3 mode 0 skip-recovery 0
I1221 21:08:54.500102   154 version_set.cc:2284] T 12633144729f458690584e5016b557f2 P 0002331a981242cbbb199827b5bb183f [I]: Creating manifest 5
I1221 21:08:54.505748   155 version_set.cc:2843] T 12a68ad2aec547299d226faf9ac1050e P 0002331a981242cbbb199827b5bb183f [R]: Recovered from manifest file:/home/yugabyte/yb_data/data/yb-data/tserver/data/rocksdb/table-000040000000300080000000000042d4/tablet-12a68ad2aec547299d226faf9ac1050e/MANIFEST-000001 succeeded,manifest_file_number is 1, next_file_number is 3, last_sequence is 1125899906842624, log_number is 0,prev_log_number is 0,max_column_family is 0, flushed_values is <NULL>
I1221 21:08:54.507141   155 version_set.cc:2851] T 12a68ad2aec547299d226faf9ac1050e P 0002331a981242cbbb199827b5bb183f [R]: Column family [default] (ID 0), log number is 0
I1221 21:08:54.508340   154 version_set.cc:3350] T 12633144729f458690584e5016b557f2 P 0002331a981242cbbb199827b5bb183f [I]: Writing version edit: comparator: "leveldb.BytewiseComparator"

I1221 21:08:54.508445   155 event_logger.cc:67] T 12a68ad2aec547299d226faf9ac1050e P 0002331a981242cbbb199827b5bb183f [R]: EVENT_LOG_v1 {"time_micros": 1640120934508438, "job": 1, "event": "recovery_started", "log_files": [3]}
W1221 21:08:54.512037   154 env.h:611] Failed to pre-allocate space for a file: IO error (yb/rocksdb/util/io_posix.cc:481): /home/yugabyte/yb_data/data/yb-data/tserver/data/rocksdb/table-0000400000003000800000000000415a/tablet-12633144729f458690584e5016b557f2.intents/MANIFEST-000005: Operation not supported
I1221 21:08:54.514551   155 db_impl.cc:1494] T 12a68ad2aec547299d226faf9ac1050e P 0002331a981242cbbb199827b5bb183f [R]: Recovering log #3 mode 0 skip-recovery 0
I1221 21:08:54.515080   154 version_set.cc:3350] T 12633144729f458690584e5016b557f2 P 0002331a981242cbbb199827b5bb183f [I]: Writing version edit: log_number: 0

I1221 21:08:54.517418   155 version_set.cc:2284] T 12a68ad2aec547299d226faf9ac1050e P 0002331a981242cbbb199827b5bb183f [R]: Creating manifest 5
I1221 21:08:54.543365   155 version_set.cc:3350] T 12a68ad2aec547299d226faf9ac1050e P 0002331a981242cbbb199827b5bb183f [R]: Writing version edit: comparator: "leveldb.BytewiseComparator"

W1221 21:08:54.548768   155 env.h:611] Failed to pre-allocate space for a file: IO error (yb/rocksdb/util/io_posix.cc:481): /home/yugabyte/yb_data/data/yb-data/tserver/data/rocksdb/table-000040000000300080000000000042d4/tablet-12a68ad2aec547299d226faf9ac1050e/MANIFEST-000005: Operation not supported
I1221 21:08:54.554092   154 event_logger.cc:67] T 12633144729f458690584e5016b557f2 P 0002331a981242cbbb199827b5bb183f [I]: EVENT_LOG_v1 {"time_micros": 1640120934554060, "job": 1, "event": "recovery_finished"}
I1221 21:08:54.560853   155 version_set.cc:3350] T 12a68ad2aec547299d226faf9ac1050e P 0002331a981242cbbb199827b5bb183f [R]: Writing version edit: log_number: 0

I1221 21:08:54.576746   155 event_logger.cc:67] T 12a68ad2aec547299d226faf9ac1050e P 0002331a981242cbbb199827b5bb183f [R]: EVENT_LOG_v1 {"time_micros": 1640120934576734, "job": 1, "event": "recovery_finished"}
I1221 21:08:54.576886   154 db_impl.cc:1147] T 12633144729f458690584e5016b557f2 P 0002331a981242cbbb199827b5bb183f [I]: [JOB 2] Delete /home/yugabyte/yb_data/data/yb-data/tserver/data/rocksdb/table-0000400000003000800000000000415a/tablet-12633144729f458690584e5016b557f2.intents//MANIFEST-000001 type=4 #1 -- OK
I1221 21:08:54.584151   154 db_impl.cc:1147] T 12633144729f458690584e5016b557f2 P 0002331a981242cbbb199827b5bb183f [I]: [JOB 2] Delete /home/yugabyte/yb_data/data/yb-data/tserver/data/rocksdb/table-0000400000003000800000000000415a/tablet-12633144729f458690584e5016b557f2.intents//000003.log type=0 #3 -- OK
I1221 21:08:54.592038   155 db_impl.cc:1147] T 12a68ad2aec547299d226faf9ac1050e P 0002331a981242cbbb199827b5bb183f [R]: [JOB 2] Delete /home/yugabyte/yb_data/data/yb-data/tserver/data/rocksdb/table-000040000000300080000000000042d4/tablet-12a68ad2aec547299d226faf9ac1050e//MANIFEST-000001 type=4 #1 -- OK
I1221 21:08:54.606003   155 db_impl.cc:1147] T 12a68ad2aec547299d226faf9ac1050e P 0002331a981242cbbb199827b5bb183f [R]: [JOB 2] Delete /home/yugabyte/yb_data/data/yb-data/tserver/data/rocksdb/table-000040000000300080000000000042d4/tablet-12a68ad2aec547299d226faf9ac1050e//000003.log type=0 #3 -- OK
I1221 21:08:54.637112   154 tablet.cc:757] T 12633144729f458690584e5016b557f2 P 0002331a981242cbbb199827b5bb183f: Successfully opened a RocksDB database at /home/yugabyte/yb_data/data/yb-data/tserver/data/rocksdb/table-0000400000003000800000000000415a/tablet-12633144729f458690584e5016b557f2, obj: 0x2a4be00
I1221 21:08:54.638900   154 tablet_bootstrap.cc:563] T 12633144729f458690584e5016b557f2 P 0002331a981242cbbb199827b5bb183f: Time spent opening tablet: real 0.382s	user 0.010s	sys 0.012s
I1221 21:08:54.637202   205 transaction_loader.cc:89] T 12633144729f458690584e5016b557f2 P 0002331a981242cbbb199827b5bb183f: Load transactions start
I1221 21:08:54.647063   205 transaction_loader.cc:149] T 12633144729f458690584e5016b557f2 P 0002331a981242cbbb199827b5bb183f: LoadTransactions done: loaded 0 transactions
I1221 21:08:54.644145   155 tablet.cc:714] T 12a68ad2aec547299d226faf9ac1050e P 0002331a981242cbbb199827b5bb183f: Opening intents DB at: /home/yugabyte/yb_data/data/yb-data/tserver/data/rocksdb/table-000040000000300080000000000042d4/tablet-12a68ad2aec547299d226faf9ac1050e.intents
I1221 21:08:54.647787   154 tablet_bootstrap.cc:640] T 12633144729f458690584e5016b557f2 P 0002331a981242cbbb199827b5bb183f: Will attempt to recover log segment /home/yugabyte/yb_data/data/yb-data/tserver/wals/table-0000400000003000800000000000415a/tablet-12633144729f458690584e5016b557f2/wal-000000001
I1221 21:08:54.653561   154 tablet_bootstrap.cc:1021] T 12633144729f458690584e5016b557f2 P 0002331a981242cbbb199827b5bb183f: Flushed DocDB OpIds: { regular: 0.0 intents: 0.0 }
I1221 21:08:54.654657   154 tablet_bootstrap.cc:1177] T 12633144729f458690584e5016b557f2 P 0002331a981242cbbb199827b5bb183f: Max persistent index in RocksDB's SSTables before bootstrap: regular RocksDB: 0.0; intents RocksDB: 0.0
I1221 21:08:54.658738   154 log.cc:1043] T 12633144729f458690584e5016b557f2 P 0002331a981242cbbb199827b5bb183f: Setting log wal retention time to 0 seconds
W1221 21:08:54.665545   154 log_util.cc:221] Could not read footer for segment: /home/yugabyte/yb_data/data/yb-data/tserver/wals/table-0000400000003000800000000000415a/tablet-12633144729f458690584e5016b557f2/wal-000000001: Not found (yb/consensus/log_util.cc:463): Footer not found. Footer magic doesn't match
I1221 21:08:54.670639   155 version_set.cc:2843] T 12a68ad2aec547299d226faf9ac1050e P 0002331a981242cbbb199827b5bb183f [I]: Recovered from manifest file:/home/yugabyte/yb_data/data/yb-data/tserver/data/rocksdb/table-000040000000300080000000000042d4/tablet-12a68ad2aec547299d226faf9ac1050e.intents/MANIFEST-000001 succeeded,manifest_file_number is 1, next_file_number is 3, last_sequence is 1125899906842624, log_number is 0,prev_log_number is 0,max_column_family is 0, flushed_values is <NULL>
I1221 21:08:54.672917   155 version_set.cc:2851] T 12a68ad2aec547299d226faf9ac1050e P 0002331a981242cbbb199827b5bb183f [I]: Column family [default] (ID 0), log number is 0
W1221 21:08:54.672410   154 log_reader.cc:188] T 12633144729f458690584e5016b557f2 P 0002331a981242cbbb199827b5bb183f: Log segment /home/yugabyte/yb_data/data/yb-data/tserver/wals/table-0000400000003000800000000000415a/tablet-12633144729f458690584e5016b557f2/wal-000000001 was likely left in-progress after a previous crash. Will try to rebuild footer by scanning data.
I1221 21:08:54.673696   155 event_logger.cc:67] T 12a68ad2aec547299d226faf9ac1050e P 0002331a981242cbbb199827b5bb183f [I]: EVENT_LOG_v1 {"time_micros": 1640120934673687, "job": 1, "event": "recovery_started", "log_files": [3]}
I1221 21:08:54.674701   154 log_util.cc:620] Scanning /home/yugabyte/yb_data/data/yb-data/tserver/wals/table-0000400000003000800000000000415a/tablet-12633144729f458690584e5016b557f2/wal-000000001 for valid entry headers following offset 1061...
I1221 21:08:54.677649   155 db_impl.cc:1494] T 12a68ad2aec547299d226faf9ac1050e P 0002331a981242cbbb199827b5bb183f [I]: Recovering log #3 mode 0 skip-recovery 0
I1221 21:08:54.683848   155 version_set.cc:2284] T 12a68ad2aec547299d226faf9ac1050e P 0002331a981242cbbb199827b5bb183f [I]: Creating manifest 5
I1221 21:08:54.707854   155 version_set.cc:3350] T 12a68ad2aec547299d226faf9ac1050e P 0002331a981242cbbb199827b5bb183f [I]: Writing version edit: comparator: "leveldb.BytewiseComparator"

I1221 21:08:54.708613   154 log_util.cc:666] Found no log entry headers
I1221 21:08:54.711671   154 log_util.cc:543] Ignoring log segment corruption in /home/yugabyte/yb_data/data/yb-data/tserver/wals/table-0000400000003000800000000000415a/tablet-12633144729f458690584e5016b557f2/wal-000000001 because there are no log entries following the corrupted one. The server probably crashed in the middle of writing an entry to the write-ahead log or downloaded an active log via remote bootstrap. Error detail: Corruption (yb/consensus/log_util.cc:739): Invalid checksum in log entry head header: found=0, computed=2351477386: Log file corruption detected. Failed trying to read batch #5 at offset 1061 for log segment /home/yugabyte/yb_data/data/yb-data/tserver/wals/table-0000400000003000800000000000415a/tablet-12633144729f458690584e5016b557f2/wal-000000001: Prior batch offsets: 428 453 1036 1061; Last log entries read: [REPLICATE (1.1)] [REPLICATE (1.2)]
I1221 21:08:54.713075   154 log_util.cc:279] Successfully rebuilt footer for segment: /home/yugabyte/yb_data/data/yb-data/tserver/wals/table-0000400000003000800000000000415a/tablet-12633144729f458690584e5016b557f2/wal-000000001 (valid entries through byte offset 1061)
W1221 21:08:54.713261   155 env.h:611] Failed to pre-allocate space for a file: IO error (yb/rocksdb/util/io_posix.cc:481): /home/yugabyte/yb_data/data/yb-data/tserver/data/rocksdb/table-000040000000300080000000000042d4/tablet-12a68ad2aec547299d226faf9ac1050e.intents/MANIFEST-000005: Operation not supported
I1221 21:08:54.714100   154 log.cc:588] T 12633144729f458690584e5016b557f2 P 0002331a981242cbbb199827b5bb183f: Opened existing logs. Last segment is /home/yugabyte/yb_data/data/yb-data/tserver/wals/table-0000400000003000800000000000415a/tablet-12633144729f458690584e5016b557f2/wal-000000001
I1221 21:08:54.717988   154 tablet_bootstrap.cc:342] T 12633144729f458690584e5016b557f2 P 0002331a981242cbbb199827b5bb183f: Bootstrap optimizer (skip_flushed_entries): op_id_replay_lowest=0.0 (regular_op_id=0.0, intents_op_id=0.0, has_intents_db=1)
I1221 21:08:54.718291   155 version_set.cc:3350] T 12a68ad2aec547299d226faf9ac1050e P 0002331a981242cbbb199827b5bb183f [I]: Writing version edit: log_number: 0

I1221 21:08:54.721796   154 tablet_bootstrap.cc:1126] T 12633144729f458690584e5016b557f2 P 0002331a981242cbbb199827b5bb183f: Segment /home/yugabyte/yb_data/data/yb-data/tserver/wals/table-0000400000003000800000000000415a/tablet-12633144729f458690584e5016b557f2/wal-000000001 cannot be used as the first segment to start replay with according to our OpId and retention criteria. However, this is already the earliest segment so we have to start replay here. We should probably investigate how we got into this situation. op_id=1.1, first_op_time=3206.184s, min_seconds_to_retain_logs=120.000s, *replay_from_this_or_earlier_time=3086.184s, is_first_op_id_low_enough=0, is_first_op_time_early_enough=0
I1221 21:08:54.727102   154 tablet_bootstrap.cc:1139] T 12633144729f458690584e5016b557f2 P 0002331a981242cbbb199827b5bb183f: Bootstrap optimizer (skip_flushed_entries): will replay all segments starting from the very first one.
I1221 21:08:54.776074   154 tablet_bootstrap_if.cc:79] T 12633144729f458690584e5016b557f2 P 0002331a981242cbbb199827b5bb183f: Bootstrap replayed 1/1 log segments. Read operations: 2, overwritten operations: 0. Pending: 1 replicates. Last read committed op id: 1.2, last entry metadata: { entry_time: 3206.513s offset: 453 active_segment_sequence_number: 1 }, last read entry op id: 1.2
I1221 21:08:54.779294   154 tablet.cc:2248] T 12633144729f458690584e5016b557f2 P 0002331a981242cbbb199827b5bb183f: Already running schema version 1 got alter request for version 1
I1221 21:08:54.780153   155 event_logger.cc:67] T 12a68ad2aec547299d226faf9ac1050e P 0002331a981242cbbb199827b5bb183f [I]: EVENT_LOG_v1 {"time_micros": 1640120934780130, "job": 1, "event": "recovery_finished"}
I1221 21:08:54.780826   154 tablet_bootstrap.cc:1283] T 12633144729f458690584e5016b557f2 P 0002331a981242cbbb199827b5bb183f: Dumping replay state to log at the end of PlaySegments
I1221 21:08:54.782727   154 tablet_bootstrap.cc:995] T 12633144729f458690584e5016b557f2 P 0002331a981242cbbb199827b5bb183f: ReplayState: Previous OpId: 1.2, Committed OpId: 1.2, Pending Replicates: 0, Flushed Regular: 0.0, Flushed Intents: 0.0
I1221 21:08:54.787385   154 tablet_bootstrap.cc:995] T 12633144729f458690584e5016b557f2 P 0002331a981242cbbb199827b5bb183f: Log entries applied to RocksDB: 2
I1221 21:08:54.789134   154 tablet_bootstrap.cc:1294] T 12633144729f458690584e5016b557f2 P 0002331a981242cbbb199827b5bb183f: Number of orphaned replicates: 0, last id: 1.2, committed id: 1.2
I1221 21:08:54.794018   155 db_impl.cc:1147] T 12a68ad2aec547299d226faf9ac1050e P 0002331a981242cbbb199827b5bb183f [I]: [JOB 2] Delete /home/yugabyte/yb_data/data/yb-data/tserver/data/rocksdb/table-000040000000300080000000000042d4/tablet-12a68ad2aec547299d226faf9ac1050e.intents//MANIFEST-000001 type=4 #1 -- OK
I1221 21:08:54.797933   155 db_impl.cc:1147] T 12a68ad2aec547299d226faf9ac1050e P 0002331a981242cbbb199827b5bb183f [I]: [JOB 2] Delete /home/yugabyte/yb_data/data/yb-data/tserver/data/rocksdb/table-000040000000300080000000000042d4/tablet-12a68ad2aec547299d226faf9ac1050e.intents//000003.log type=0 #3 -- OK
I1221 21:08:54.803931   154 tablet_bootstrap_if.cc:79] T 12633144729f458690584e5016b557f2 P 0002331a981242cbbb199827b5bb183f: Bootstrap complete.
I1221 21:08:54.816527   154 log.cc:1043] T 12633144729f458690584e5016b557f2 P 0002331a981242cbbb199827b5bb183f: Setting log wal retention time to 0 seconds
I1221 21:08:54.817382   154 ts_tablet_manager.cc:1333] T 12633144729f458690584e5016b557f2 P 0002331a981242cbbb199827b5bb183f: Time spent bootstrapping tablet: real 0.600s	user 0.016s	sys 0.017s
I1221 21:08:54.824191   154 consensus_meta.cc:298] T 12633144729f458690584e5016b557f2 P 0002331a981242cbbb199827b5bb183f: Updating active role from UNKNOWN_ROLE to FOLLOWER. Consensus state: current_term: 1 leader_uuid: "" config { opid_index: -1 peers { permanent_uuid: "0002331a981242cbbb199827b5bb183f" member_type: VOTER last_known_private_addr { host: "8d62daecd75d" port: 9100 } last_known_broadcast_addr { host: "127.0.0.1" port: 9100 } cloud_info { placement_cloud: "cloud1" placement_region: "datacenter1" placement_zone: "rack1" } } }, has_pending_config = 0
I1221 21:08:54.829363   154 transaction_participant.cc:190] T 12633144729f458690584e5016b557f2 P 0002331a981242cbbb199827b5bb183f: Start
I1221 21:08:54.830487   155 tablet.cc:757] T 12a68ad2aec547299d226faf9ac1050e P 0002331a981242cbbb199827b5bb183f: Successfully opened a RocksDB database at /home/yugabyte/yb_data/data/yb-data/tserver/data/rocksdb/table-000040000000300080000000000042d4/tablet-12a68ad2aec547299d226faf9ac1050e, obj: 0x2982a00
I1221 21:08:54.833204   155 tablet_bootstrap.cc:563] T 12a68ad2aec547299d226faf9ac1050e P 0002331a981242cbbb199827b5bb183f: Time spent opening tablet: real 0.382s	user 0.005s	sys 0.012s
I1221 21:08:54.831058   205 transaction_participant.cc:1022] T 12633144729f458690584e5016b557f2 P 0002331a981242cbbb199827b5bb183f: LoadFinished: starting transaction status resolution
I1221 21:08:54.831072   154 tablet_peer.cc:952] T 12633144729f458690584e5016b557f2 P 0002331a981242cbbb199827b5bb183f [state=BOOTSTRAPPING]: Setting cdc min replicated index to 9223372036854775807
I1221 21:08:54.830674   206 transaction_loader.cc:89] T 12a68ad2aec547299d226faf9ac1050e P 0002331a981242cbbb199827b5bb183f: Load transactions start
I1221 21:08:54.850862   206 transaction_loader.cc:149] T 12a68ad2aec547299d226faf9ac1050e P 0002331a981242cbbb199827b5bb183f: LoadTransactions done: loaded 0 transactions
I1221 21:08:54.840679   155 tablet_bootstrap.cc:640] T 12a68ad2aec547299d226faf9ac1050e P 0002331a981242cbbb199827b5bb183f: Will attempt to recover log segment /home/yugabyte/yb_data/data/yb-data/tserver/wals/table-000040000000300080000000000042d4/tablet-12a68ad2aec547299d226faf9ac1050e/wal-000000001
I1221 21:08:54.854912   155 tablet_bootstrap.cc:1021] T 12a68ad2aec547299d226faf9ac1050e P 0002331a981242cbbb199827b5bb183f: Flushed DocDB OpIds: { regular: 0.0 intents: 0.0 }
I1221 21:08:54.857432   155 tablet_bootstrap.cc:1177] T 12a68ad2aec547299d226faf9ac1050e P 0002331a981242cbbb199827b5bb183f: Max persistent index in RocksDB's SSTables before bootstrap: regular RocksDB: 0.0; intents RocksDB: 0.0
I1221 21:08:54.859313   155 log.cc:1043] T 12a68ad2aec547299d226faf9ac1050e P 0002331a981242cbbb199827b5bb183f: Setting log wal retention time to 0 seconds
I1221 21:08:54.862282   154 consensus_meta.cc:298] T 12633144729f458690584e5016b557f2 P 0002331a981242cbbb199827b5bb183f: Updating active role from FOLLOWER to FOLLOWER. Consensus state: current_term: 1 leader_uuid: "" config { opid_index: -1 peers { permanent_uuid: "0002331a981242cbbb199827b5bb183f" member_type: VOTER last_known_private_addr { host: "8d62daecd75d" port: 9100 } last_known_broadcast_addr { host: "127.0.0.1" port: 9100 } cloud_info { placement_cloud: "cloud1" placement_region: "datacenter1" placement_zone: "rack1" } } }, has_pending_config = 0
I1221 21:08:54.863379   154 raft_consensus.cc:467] T 12633144729f458690584e5016b557f2 P 0002331a981242cbbb199827b5bb183f [term 1 FOLLOWER]: Replica starting. Triggering 0 pending operations. Active config: opid_index: -1 peers { permanent_uuid: "0002331a981242cbbb199827b5bb183f" member_type: VOTER last_known_private_addr { host: "8d62daecd75d" port: 9100 } last_known_broadcast_addr { host: "127.0.0.1" port: 9100 } cloud_info { placement_cloud: "cloud1" placement_region: "datacenter1" placement_zone: "rack1" } }
I1221 21:08:54.864799   154 raft_consensus.cc:1092] T 12633144729f458690584e5016b557f2 P 0002331a981242cbbb199827b5bb183f [term 1 FOLLOWER]: Becoming Follower/Learner. State: Replica: 0002331a981242cbbb199827b5bb183f, State: 1, Role: FOLLOWER, Watermarks: {Received: 1.2 Committed: 1.2} Leader: 0.0, new leader: , initial_fd_wait: <uninitialized>
I1221 21:08:54.865993   154 consensus_meta.cc:298] T 12633144729f458690584e5016b557f2 P 0002331a981242cbbb199827b5bb183f: Updating active role from FOLLOWER to FOLLOWER. Consensus state: current_term: 1 leader_uuid: "" config { opid_index: -1 peers { permanent_uuid: "0002331a981242cbbb199827b5bb183f" member_type: VOTER last_known_private_addr { host: "8d62daecd75d" port: 9100 } last_known_broadcast_addr { host: "127.0.0.1" port: 9100 } cloud_info { placement_cloud: "cloud1" placement_region: "datacenter1" placement_zone: "rack1" } } }, has_pending_config = 0
W1221 21:08:54.867858   155 log_util.cc:221] Could not read footer for segment: /home/yugabyte/yb_data/data/yb-data/tserver/wals/table-000040000000300080000000000042d4/tablet-12a68ad2aec547299d226faf9ac1050e/wal-000000001: Not found (yb/consensus/log_util.cc:463): Footer not found. Footer magic doesn't match
W1221 21:08:54.869916   155 log_reader.cc:188] T 12a68ad2aec547299d226faf9ac1050e P 0002331a981242cbbb199827b5bb183f: Log segment /home/yugabyte/yb_data/data/yb-data/tserver/wals/table-000040000000300080000000000042d4/tablet-12a68ad2aec547299d226faf9ac1050e/wal-000000001 was likely left in-progress after a previous crash. Will try to rebuild footer by scanning data.
I1221 21:08:54.871485   155 log_util.cc:620] Scanning /home/yugabyte/yb_data/data/yb-data/tserver/wals/table-000040000000300080000000000042d4/tablet-12a68ad2aec547299d226faf9ac1050e/wal-000000001 for valid entry headers following offset 422...
I1221 21:08:54.868232   154 consensus_queue.cc:273] T 12633144729f458690584e5016b557f2 P 0002331a981242cbbb199827b5bb183f [NON_LEADER]: Queue going to NON_LEADER mode. State: All replicated op: 0.0, Majority replicated op: 0.0, Committed index: 0.0, Last applied: 0.0, Last appended: 1.2, Current term: 0, Majority size: -1, State: QUEUE_OPEN, Mode: NON_LEADER
I1221 21:08:54.880589   154 raft_consensus.cc:3178] T 12633144729f458690584e5016b557f2 P 0002331a981242cbbb199827b5bb183f [term 1 FOLLOWER]: Calling mark dirty synchronously for reason code CONSENSUS_STARTED
I1221 21:08:54.881650   154 tablet_peer.cc:1240] T 12633144729f458690584e5016b557f2 P 0002331a981242cbbb199827b5bb183f [state=RUNNING]: Changed state from BOOTSTRAPPING to RUNNING
I1221 21:08:54.900472   155 log_util.cc:666] Found no log entry headers
I1221 21:08:54.904155   155 log_util.cc:543] Ignoring log segment corruption in /home/yugabyte/yb_data/data/yb-data/tserver/wals/table-000040000000300080000000000042d4/tablet-12a68ad2aec547299d226faf9ac1050e/wal-000000001 because there are no log entries following the corrupted one. The server probably crashed in the middle of writing an entry to the write-ahead log or downloaded an active log via remote bootstrap. Error detail: Corruption (yb/consensus/log_util.cc:739): Invalid checksum in log entry head header: found=0, computed=2351477386: Log file corruption detected. Failed trying to read batch #5 at offset 422 for log segment /home/yugabyte/yb_data/data/yb-data/tserver/wals/table-000040000000300080000000000042d4/tablet-12a68ad2aec547299d226faf9ac1050e/wal-000000001: Prior batch offsets: 199 224 397 422; Last log entries read: [REPLICATE (1.1)] [REPLICATE (1.2)]
I1221 21:08:54.905848   155 log_util.cc:279] Successfully rebuilt footer for segment: /home/yugabyte/yb_data/data/yb-data/tserver/wals/table-000040000000300080000000000042d4/tablet-12a68ad2aec547299d226faf9ac1050e/wal-000000001 (valid entries through byte offset 422)
I1221 21:08:54.908588   155 log.cc:588] T 12a68ad2aec547299d226faf9ac1050e P 0002331a981242cbbb199827b5bb183f: Opened existing logs. Last segment is /home/yugabyte/yb_data/data/yb-data/tserver/wals/table-000040000000300080000000000042d4/tablet-12a68ad2aec547299d226faf9ac1050e/wal-000000001
I1221 21:08:54.909638   155 tablet_bootstrap.cc:342] T 12a68ad2aec547299d226faf9ac1050e P 0002331a981242cbbb199827b5bb183f: Bootstrap optimizer (skip_flushed_entries): op_id_replay_lowest=0.0 (regular_op_id=0.0, intents_op_id=0.0, has_intents_db=1)
I1221 21:08:54.910586   155 tablet_bootstrap.cc:1126] T 12a68ad2aec547299d226faf9ac1050e P 0002331a981242cbbb199827b5bb183f: Segment /home/yugabyte/yb_data/data/yb-data/tserver/wals/table-000040000000300080000000000042d4/tablet-12a68ad2aec547299d226faf9ac1050e/wal-000000001 cannot be used as the first segment to start replay with according to our OpId and retention criteria. However, this is already the earliest segment so we have to start replay here. We should probably investigate how we got into this situation. op_id=1.1, first_op_time=3292.602s, min_seconds_to_retain_logs=120.000s, *replay_from_this_or_earlier_time=3172.602s, is_first_op_id_low_enough=0, is_first_op_time_early_enough=0
I1221 21:08:54.912696   155 tablet_bootstrap.cc:1139] T 12a68ad2aec547299d226faf9ac1050e P 0002331a981242cbbb199827b5bb183f: Bootstrap optimizer (skip_flushed_entries): will replay all segments starting from the very first one.
I1221 21:08:54.917838   155 tablet_bootstrap_if.cc:79] T 12a68ad2aec547299d226faf9ac1050e P 0002331a981242cbbb199827b5bb183f: Bootstrap replayed 1/1 log segments. Read operations: 2, overwritten operations: 0. Pending: 1 replicates. Last read committed op id: 1.2, last entry metadata: { entry_time: 3295.472s offset: 224 active_segment_sequence_number: 1 }, last read entry op id: 1.2
I1221 21:08:54.918745   155 tablet_bootstrap.cc:1283] T 12a68ad2aec547299d226faf9ac1050e P 0002331a981242cbbb199827b5bb183f: Dumping replay state to log at the end of PlaySegments
I1221 21:08:54.919775   155 tablet_bootstrap.cc:995] T 12a68ad2aec547299d226faf9ac1050e P 0002331a981242cbbb199827b5bb183f: ReplayState: Previous OpId: 1.2, Committed OpId: 1.2, Pending Replicates: 0, Flushed Regular: 0.0, Flushed Intents: 0.0
I1221 21:08:54.920485   155 tablet_bootstrap.cc:995] T 12a68ad2aec547299d226faf9ac1050e P 0002331a981242cbbb199827b5bb183f: Log entries applied to RocksDB: 2
I1221 21:08:54.921104   155 tablet_bootstrap.cc:1294] T 12a68ad2aec547299d226faf9ac1050e P 0002331a981242cbbb199827b5bb183f: Number of orphaned replicates: 0, last id: 1.2, committed id: 1.2
I1221 21:08:54.931030   154 db_impl.cc:2472] T 12633144729f458690584e5016b557f2 P 0002331a981242cbbb199827b5bb183f [R]: SetOptions() on column family [default], inputs: [{level0_stop_writes_trigger, 2147483647}, {level0_slowdown_writes_trigger, 2147483647}]
I1221 21:08:54.932129   154 db_impl.cc:2476] T 12633144729f458690584e5016b557f2 P 0002331a981242cbbb199827b5bb183f [R]: [default] SetOptions succeeded
I1221 21:08:54.931237   155 tablet_bootstrap_if.cc:79] T 12a68ad2aec547299d226faf9ac1050e P 0002331a981242cbbb199827b5bb183f: Bootstrap complete.
I1221 21:08:54.951745   155 log.cc:1043] T 12a68ad2aec547299d226faf9ac1050e P 0002331a981242cbbb199827b5bb183f: Setting log wal retention time to 0 seconds
I1221 21:08:54.953289   155 ts_tablet_manager.cc:1333] T 12a68ad2aec547299d226faf9ac1050e P 0002331a981242cbbb199827b5bb183f: Time spent bootstrapping tablet: real 0.524s	user 0.009s	sys 0.018s
I1221 21:08:54.956903   155 consensus_meta.cc:298] T 12a68ad2aec547299d226faf9ac1050e P 0002331a981242cbbb199827b5bb183f: Updating active role from UNKNOWN_ROLE to FOLLOWER. Consensus state: current_term: 1 leader_uuid: "" config { opid_index: -1 peers { permanent_uuid: "0002331a981242cbbb199827b5bb183f" member_type: VOTER last_known_private_addr { host: "8d62daecd75d" port: 9100 } last_known_broadcast_addr { host: "127.0.0.1" port: 9100 } cloud_info { placement_cloud: "cloud1" placement_region: "datacenter1" placement_zone: "rack1" } } }, has_pending_config = 0
I1221 21:08:54.957981   155 transaction_participant.cc:190] T 12a68ad2aec547299d226faf9ac1050e P 0002331a981242cbbb199827b5bb183f: Start
I1221 21:08:54.958477   206 transaction_participant.cc:1022] T 12a68ad2aec547299d226faf9ac1050e P 0002331a981242cbbb199827b5bb183f: LoadFinished: starting transaction status resolution
I1221 21:08:54.958529   155 tablet_peer.cc:952] T 12a68ad2aec547299d226faf9ac1050e P 0002331a981242cbbb199827b5bb183f [state=BOOTSTRAPPING]: Setting cdc min replicated index to 9223372036854775807
I1221 21:08:54.963621   154 db_impl.cc:2472] T 12633144729f458690584e5016b557f2 P 0002331a981242cbbb199827b5bb183f [R]: SetOptions() on column family [default], inputs: [{disable_auto_compactions, false}]
I1221 21:08:54.964428   154 db_impl.cc:2476] T 12633144729f458690584e5016b557f2 P 0002331a981242cbbb199827b5bb183f [R]: [default] SetOptions succeeded
I1221 21:08:54.968199   155 consensus_meta.cc:298] T 12a68ad2aec547299d226faf9ac1050e P 0002331a981242cbbb199827b5bb183f: Updating active role from FOLLOWER to FOLLOWER. Consensus state: current_term: 1 leader_uuid: "" config { opid_index: -1 peers { permanent_uuid: "0002331a981242cbbb199827b5bb183f" member_type: VOTER last_known_private_addr { host: "8d62daecd75d" port: 9100 } last_known_broadcast_addr { host: "127.0.0.1" port: 9100 } cloud_info { placement_cloud: "cloud1" placement_region: "datacenter1" placement_zone: "rack1" } } }, has_pending_config = 0
I1221 21:08:54.969251   155 raft_consensus.cc:467] T 12a68ad2aec547299d226faf9ac1050e P 0002331a981242cbbb199827b5bb183f [term 1 FOLLOWER]: Replica starting. Triggering 0 pending operations. Active config: opid_index: -1 peers { permanent_uuid: "0002331a981242cbbb199827b5bb183f" member_type: VOTER last_known_private_addr { host: "8d62daecd75d" port: 9100 } last_known_broadcast_addr { host: "127.0.0.1" port: 9100 } cloud_info { placement_cloud: "cloud1" placement_region: "datacenter1" placement_zone: "rack1" } }
I1221 21:08:54.970682   155 raft_consensus.cc:1092] T 12a68ad2aec547299d226faf9ac1050e P 0002331a981242cbbb199827b5bb183f [term 1 FOLLOWER]: Becoming Follower/Learner. State: Replica: 0002331a981242cbbb199827b5bb183f, State: 1, Role: FOLLOWER, Watermarks: {Received: 1.2 Committed: 1.2} Leader: 0.0, new leader: , initial_fd_wait: <uninitialized>
I1221 21:08:54.970726   122 tablet_rpc.cc:143] Unable to pick leader for 29f20dcc078b41f8adf2c8fa6b67ccc2, replicas: [], followers: [{0x0000000001aec000 -> { uuid: 0002331a981242cbbb199827b5bb183f private: [host: "8d62daecd75d" port: 9100] public: [host: "127.0.0.1" port: 9100] cloud_info: placement_cloud: "cloud1" placement_region: "datacenter1" placement_zone: "rack1", { status: Illegal state (yb/tserver/service_util.h:137): Tablet not RUNNING: NOT_STARTED (tablet server error 12) (raft group state error 5) time: 0.062s }}] [suppressed 3 similar messages]
I1221 21:08:54.971480   155 consensus_meta.cc:298] T 12a68ad2aec547299d226faf9ac1050e P 0002331a981242cbbb199827b5bb183f: Updating active role from FOLLOWER to FOLLOWER. Consensus state: current_term: 1 leader_uuid: "" config { opid_index: -1 peers { permanent_uuid: "0002331a981242cbbb199827b5bb183f" member_type: VOTER last_known_private_addr { host: "8d62daecd75d" port: 9100 } last_known_broadcast_addr { host: "127.0.0.1" port: 9100 } cloud_info { placement_cloud: "cloud1" placement_region: "datacenter1" placement_zone: "rack1" } } }, has_pending_config = 0
I1221 21:08:54.973628   155 consensus_queue.cc:273] T 12a68ad2aec547299d226faf9ac1050e P 0002331a981242cbbb199827b5bb183f [NON_LEADER]: Queue going to NON_LEADER mode. State: All replicated op: 0.0, Majority replicated op: 0.0, Committed index: 0.0, Last applied: 0.0, Last appended: 1.2, Current term: 0, Majority size: -1, State: QUEUE_OPEN, Mode: NON_LEADER
I1221 21:08:54.974675   155 raft_consensus.cc:3178] T 12a68ad2aec547299d226faf9ac1050e P 0002331a981242cbbb199827b5bb183f [term 1 FOLLOWER]: Calling mark dirty synchronously for reason code CONSENSUS_STARTED
I1221 21:08:54.975387   155 tablet_peer.cc:1240] T 12a68ad2aec547299d226faf9ac1050e P 0002331a981242cbbb199827b5bb183f [state=RUNNING]: Changed state from BOOTSTRAPPING to RUNNING
